Component: Arm Compiler for Embedded 6.19 Tool: armlink [5e73cb00]

==============================================================================

Section Cross References

    startup_stm32g030xx.o(STACK) refers (Special) to heapauxi.o(.text) for __use_two_region_memory
    startup_stm32g030xx.o(HEAP) refers (Special) to heapauxi.o(.text) for __use_two_region_memory
    startup_stm32g030xx.o(RESET) refers (Special) to heapauxi.o(.text) for __use_two_region_memory
    startup_stm32g030xx.o(RESET) refers to startup_stm32g030xx.o(STACK) for __initial_sp
    startup_stm32g030xx.o(RESET) refers to startup_stm32g030xx.o(.text) for Reset_Handler
    startup_stm32g030xx.o(RESET) refers to stm32g0xx_it.o(.text.NMI_Handler) for NMI_Handler
    startup_stm32g030xx.o(RESET) refers to stm32g0xx_it.o(.text.HardFault_Handler) for HardFault_Handler
    startup_stm32g030xx.o(RESET) refers to stm32g0xx_it.o(.text.SVC_Handler) for SVC_Handler
    startup_stm32g030xx.o(RESET) refers to stm32g0xx_it.o(.text.PendSV_Handler) for PendSV_Handler
    startup_stm32g030xx.o(RESET) refers to stm32g0xx_it.o(.text.SysTick_Handler) for SysTick_Handler
    startup_stm32g030xx.o(RESET) refers to tim.o(.text.TIM14_IRQHandler) for TIM14_IRQHandler
    startup_stm32g030xx.o(RESET) refers to usart.o(.text.USART1_IRQHandler) for USART1_IRQHandler
    startup_stm32g030xx.o(.text) refers (Special) to heapauxi.o(.text) for __use_two_region_memory
    startup_stm32g030xx.o(.text) refers to system_stm32g0xx.o(.text.SystemInit) for SystemInit
    startup_stm32g030xx.o(.text) refers to __main.o(!!!main) for __main
    startup_stm32g030xx.o(.text) refers to startup_stm32g030xx.o(HEAP) for Heap_Mem
    startup_stm32g030xx.o(.text) refers to startup_stm32g030xx.o(STACK) for Stack_Mem
    main.o(.text.main) refers to stm32g0xx_hal.o(.text.HAL_Init) for HAL_Init
    main.o(.text.main) refers to sys.o(.text.sys_stm32_clock_init) for sys_stm32_clock_init
    main.o(.text.main) refers to delay.o(.text.delay_Init) for delay_Init
    main.o(.text.main) refers to usart.o(.text.uart_init) for uart_init
    main.o(.text.main) refers to seg.o(.text.Seg_Init) for Seg_Init
    main.o(.text.main) refers to at24cxx.o(.text.AT24CXX_Init) for AT24CXX_Init
    main.o(.text.main) refers to tim.o(.text.TIM14_Init) for TIM14_Init
    main.o(.text.main) refers to at24cxx.o(.text.AT24CXX_Read_MultiByte) for AT24CXX_Read_MultiByte
    main.o(.text.main) refers to at24cxx.o(.text.AT24CXX_Print_Read_Buffer) for AT24CXX_Print_Read_Buffer
    main.o(.text.main) refers to seg.o(.text.Seg_Show_Num) for Seg_Show_Num
    main.o(.text.main) refers to at24cxx.o(.bss.EE_Read_Buffer) for EE_Read_Buffer
    main.o(.text.main) refers to main.o(.bss.main_Task_Flag) for main_Task_Flag
    main.o(.text.main) refers to usart.o(.bss.USART_RX_STA) for USART_RX_STA
    main.o(.ARM.exidx.text.main) refers to main.o(.text.main) for [Anonymous Symbol]
    stm32g0xx_it.o(.ARM.exidx.text.NMI_Handler) refers to stm32g0xx_it.o(.text.NMI_Handler) for [Anonymous Symbol]
    stm32g0xx_it.o(.ARM.exidx.text.HardFault_Handler) refers to stm32g0xx_it.o(.text.HardFault_Handler) for [Anonymous Symbol]
    stm32g0xx_it.o(.ARM.exidx.text.SVC_Handler) refers to stm32g0xx_it.o(.text.SVC_Handler) for [Anonymous Symbol]
    stm32g0xx_it.o(.ARM.exidx.text.PendSV_Handler) refers to stm32g0xx_it.o(.text.PendSV_Handler) for [Anonymous Symbol]
    stm32g0xx_it.o(.text.SysTick_Handler) refers to stm32g0xx_hal.o(.text.HAL_IncTick) for HAL_IncTick
    stm32g0xx_it.o(.ARM.exidx.text.SysTick_Handler) refers to stm32g0xx_it.o(.text.SysTick_Handler) for [Anonymous Symbol]
    system_stm32g0xx.o(.ARM.exidx.text.SystemInit) refers to system_stm32g0xx.o(.text.SystemInit) for [Anonymous Symbol]
    system_stm32g0xx.o(.text.SystemCoreClockUpdate) refers to aeabi_sdiv.o(.text) for __aeabi_uidiv
    system_stm32g0xx.o(.text.SystemCoreClockUpdate) refers to system_stm32g0xx.o(.data.SystemCoreClock) for SystemCoreClock
    system_stm32g0xx.o(.text.SystemCoreClockUpdate) refers to system_stm32g0xx.o(.rodata.AHBPrescTable) for AHBPrescTable
    system_stm32g0xx.o(.ARM.exidx.text.SystemCoreClockUpdate) refers to system_stm32g0xx.o(.text.SystemCoreClockUpdate) for [Anonymous Symbol]
    stm32g0xx_hal.o(.text.HAL_Init) refers to stm32g0xx_hal.o(.text.HAL_InitTick) for HAL_InitTick
    stm32g0xx_hal.o(.text.HAL_Init) refers to stm32g0xx_hal.o(.text.HAL_MspInit) for HAL_MspInit
    stm32g0xx_hal.o(.ARM.exidx.text.HAL_Init) refers to stm32g0xx_hal.o(.text.HAL_Init) for [Anonymous Symbol]
    stm32g0xx_hal.o(.text.HAL_InitTick) refers to aeabi_sdiv.o(.text) for __aeabi_uidiv
    stm32g0xx_hal.o(.text.HAL_InitTick) refers to stm32g0xx_hal_cortex.o(.text.HAL_SYSTICK_Config) for HAL_SYSTICK_Config
    stm32g0xx_hal.o(.text.HAL_InitTick) refers to stm32g0xx_hal_cortex.o(.text.HAL_NVIC_SetPriority) for HAL_NVIC_SetPriority
    stm32g0xx_hal.o(.text.HAL_InitTick) refers to stm32g0xx_hal.o(.data.uwTickFreq) for uwTickFreq
[...]
    __arm_cp.2_2                             0x08003fe4   Number         4  iic.o(.text.I2C2_Init)
    [Anonymous Symbol]                       0x08003fe8   Section        0  iic.o(.text.I2C2_Read)
    __arm_cp.0_0                             0x08004040   Number         4  iic.o(.text.I2C2_Read)
    I2C_Flush_TXDR                           0x08004045   Thumb Code    64  stm32g0xx_hal_i2c.o(.text.I2C_Flush_TXDR)
    [Anonymous Symbol]                       0x08004044   Section        0  stm32g0xx_hal_i2c.o(.text.I2C_Flush_TXDR)
    I2C_IsAcknowledgeFailed                  0x08004085   Thumb Code   264  stm32g0xx_hal_i2c.o(.text.I2C_IsAcknowledgeFailed)
    [Anonymous Symbol]                       0x08004084   Section        0  stm32g0xx_hal_i2c.o(.text.I2C_IsAcknowledgeFailed)
    __arm_cp.78_0                            0x0800418c   Number         4  stm32g0xx_hal_i2c.o(.text.I2C_IsAcknowledgeFailed)
    I2C_RequestMemoryRead                    0x08004191   Thumb Code   184  stm32g0xx_hal_i2c.o(.text.I2C_RequestMemoryRead)
    [Anonymous Symbol]                       0x08004190   Section        0  stm32g0xx_hal_i2c.o(.text.I2C_RequestMemoryRead)
    __arm_cp.34_0                            0x08004248   Number         4  stm32g0xx_hal_i2c.o(.text.I2C_RequestMemoryRead)
    I2C_TransferConfig                       0x0800424d   Thumb Code    72  stm32g0xx_hal_i2c.o(.text.I2C_TransferConfig)
    [Anonymous Symbol]                       0x0800424c   Section        0  stm32g0xx_hal_i2c.o(.text.I2C_TransferConfig)
    __arm_cp.6_0                             0x08004294   Number         4  stm32g0xx_hal_i2c.o(.text.I2C_TransferConfig)
    __arm_cp.6_1                             0x08004298   Number         4  stm32g0xx_hal_i2c.o(.text.I2C_TransferConfig)
    I2C_WaitOnFlagUntilTimeout               0x0800429d   Thumb Code   142  stm32g0xx_hal_i2c.o(.text.I2C_WaitOnFlagUntilTimeout)
    [Anonymous Symbol]                       0x0800429c   Section        0  stm32g0xx_hal_i2c.o(.text.I2C_WaitOnFlagUntilTimeout)
    I2C_WaitOnSTOPFlagUntilTimeout           0x0800432b   Thumb Code   140  stm32g0xx_hal_i2c.o(.text.I2C_WaitOnSTOPFlagUntilTimeout)
    [Anonymous Symbol]                       0x0800432a   Section        0  stm32g0xx_hal_i2c.o(.text.I2C_WaitOnSTOPFlagUntilTimeout)
    I2C_WaitOnTXISFlagUntilTimeout           0x080043b7   Thumb Code   152  stm32g0xx_hal_i2c.o(.text.I2C_WaitOnTXISFlagUntilTimeout)
    [Anonymous Symbol]                       0x080043b6   Section        0  stm32g0xx_hal_i2c.o(.text.I2C_WaitOnTXISFlagUntilTimeout)
    LL_RCC_GetAPB1Prescaler                  0x08004451   Thumb Code    12  stm32g0xx_hal_rcc.o(.text.LL_RCC_GetAPB1Prescaler)
    [Anonymous Symbol]                       0x08004450   Section        0  stm32g0xx_hal_rcc.o(.text.LL_RCC_GetAPB1Prescaler)
    __arm_cp.7_0                             0x0800445c   Number         4  stm32g0xx_hal_rcc.o(.text.LL_RCC_GetAPB1Prescaler)
    [Anonymous Symbol]                       0x08004460   Section        0  stm32g0xx_it.o(.text.NMI_Handler)
    [Anonymous Symbol]                       0x08004464   Section        0  stm32g0xx_it.o(.text.PendSV_Handler)
    [Anonymous Symbol]                       0x08004466   Section        0  stm32g0xx_it.o(.text.SVC_Handler)
    [Anonymous Symbol]                       0x08004468   Section        0  seg.o(.text.Seg_Clear)
    Seg_GPIO_Config                          0x080044cd   Thumb Code   232  seg.o(.text.Seg_GPIO_Config)
    [Anonymous Symbol]                       0x080044cc   Section        0  seg.o(.text.Seg_GPIO_Config)
    __arm_cp.5_0                             0x080045b4   Number         4  seg.o(.text.Seg_GPIO_Config)
    __arm_cp.5_1                             0x080045b8   Number         4  seg.o(.text.Seg_GPIO_Config)
    [Anonymous Symbol]                       0x080045bc   Section        0  seg.o(.text.Seg_Init)
    Seg_Map_Init                             0x0800465b   Thumb Code     8  seg.o(.text.Seg_Map_Init)
    [Anonymous Symbol]                       0x0800465a   Section        0  seg.o(.text.Seg_Map_Init)
    [Anonymous Symbol]                       0x08004664   Section        0  seg.o(.text.Seg_Show_1_Num)
    __arm_cp.1_0                             0x080046f0   Number         4  seg.o(.text.Seg_Show_1_Num)
    __arm_cp.1_1                             0x080046f4   Number         4  seg.o(.text.Seg_Show_1_Num)
    __arm_cp.1_2                             0x080046f8   Number         4  seg.o(.text.Seg_Show_1_Num)
    __arm_cp.1_3                             0x080046fc   Number         4  seg.o(.text.Seg_Show_1_Num)
    [Anonymous Symbol]                       0x08004700   Section        0  seg.o(.text.Seg_Show_Num)
    SysTick_Config                           0x080047f9   Thumb Code    68  stm32g0xx_hal_cortex.o(.text.SysTick_Config)
    [Anonymous Symbol]                       0x080047f8   Section        0  stm32g0xx_hal_cortex.o(.text.SysTick_Config)
    __arm_cp.9_0                             0x0800483c   Number         4  stm32g0xx_hal_cortex.o(.text.SysTick_Config)
    __arm_cp.9_1                             0x08004840   Number         4  stm32g0xx_hal_cortex.o(.text.SysTick_Config)
    __arm_cp.9_2                             0x08004844   Number         4  stm32g0xx_hal_cortex.o(.text.SysTick_Config)
    [Anonymous Symbol]                       0x08004848   Section        0  stm32g0xx_it.o(.text.SysTick_Handler)
    [Anonymous Symbol]                       0x08004850   Section        0  system_stm32g0xx.o(.text.SystemInit)
    [Anonymous Symbol]                       0x08004854   Section        0  tim.o(.text.TIM14_IRQHandler)
    [Anonymous Symbol]                       0x08004860   Section        0  tim.o(.text.TIM14_Init)
    __arm_cp.0_0                             0x080048a4   Number         4  tim.o(.text.TIM14_Init)
    [Anonymous Symbol]                       0x080048a8   Section        0  stm32g0xx_hal_tim.o(.text.TIM_Base_SetConfig)
    __arm_cp.2_0                             0x0800497c   Number         4  stm32g0xx_hal_tim.o(.text.TIM_Base_SetConfig)
    __arm_cp.2_1                             0x08004980   Number         4  stm32g0xx_hal_tim.o(.text.TIM_Base_SetConfig)
    __arm_cp.2_2                             0x08004984   Number         4  stm32g0xx_hal_tim.o(.text.TIM_Base_SetConfig)
    __arm_cp.2_3                             0x08004988   Number         4  stm32g0xx_hal_tim.o(.text.TIM_Base_SetConfig)
    __arm_cp.2_4                             0x0800498c   Number         4  stm32g0xx_hal_tim.o(.text.TIM_Base_SetConfig)
    [Anonymous Symbol]                       0x08004990   Section        0  stm32g0xx_hal_uart.o(.text.UART_AdvFeatureConfig)
    [Anonymous Symbol]                       0x08004aec   Section        0  stm32g0xx_hal_uart.o(.text.UART_CheckIdleState)
    __arm_cp.4_0                             0x08004b90   Number         4  stm32g0xx_hal_uart.o(.text.UART_CheckIdleState)
    UART_DMAAbortOnError                     0x08004b95   Thumb Code    36  stm32g0xx_hal_uart.o(.text.UART_DMAAbortOnError)
    [Anonymous Symbol]                       0x08004b94   Section        0  stm32g0xx_hal_uart.o(.text.UART_DMAAbortOnError)
    UART_EndRxTransfer                       0x08004bb9   Thumb Code   180  stm32g0xx_hal_uart.o(.text.UART_EndRxTransfer)
    [Anonymous Symbol]                       0x08004bb8   Section        0  stm32g0xx_hal_uart.o(.text.UART_EndRxTransfer)
    __arm_cp.30_0                            0x08004c6c   Number         4  stm32g0xx_hal_uart.o(.text.UART_EndRxTransfer)
    UART_EndTransmit_IT                      0x08004c71   Thumb Code    76  stm32g0xx_hal_uart.o(.text.UART_EndTransmit_IT)
    [Anonymous Symbol]                       0x08004c70   Section        0  stm32g0xx_hal_uart.o(.text.UART_EndTransmit_IT)
    UART_RxISR_16BIT                         0x08004cbd   Thumb Code   320  stm32g0xx_hal_uart.o(.text.UART_RxISR_16BIT)
    [Anonymous Symbol]                       0x08004cbc   Section        0  stm32g0xx_hal_uart.o(.text.UART_RxISR_16BIT)
    UART_RxISR_16BIT_FIFOEN                  0x08004dfd   Thumb Code   720  stm32g0xx_hal_uart.o(.text.UART_RxISR_16BIT_FIFOEN)
    [Anonymous Symbol]                       0x08004dfc   Section        0  stm32g0xx_hal_uart.o(.text.UART_RxISR_16BIT_FIFOEN)
    __arm_cp.64_0                            0x080050cc   Number         4  stm32g0xx_hal_uart.o(.text.UART_RxISR_16BIT_FIFOEN)
    __arm_cp.64_1                            0x080050d0   Number         4  stm32g0xx_hal_uart.o(.text.UART_RxISR_16BIT_FIFOEN)
    UART_RxISR_8BIT                          0x080050d5   Thumb Code   316  stm32g0xx_hal_uart.o(.text.UART_RxISR_8BIT)
    [Anonymous Symbol]                       0x080050d4   Section        0  stm32g0xx_hal_uart.o(.text.UART_RxISR_8BIT)
    UART_RxISR_8BIT_FIFOEN                   0x08005211   Thumb Code   716  stm32g0xx_hal_uart.o(.text.UART_RxISR_8BIT_FIFOEN)
    [Anonymous Symbol]                       0x08005210   Section        0  stm32g0xx_hal_uart.o(.text.UART_RxISR_8BIT_FIFOEN)
    __arm_cp.65_0                            0x080054dc   Number         4  stm32g0xx_hal_uart.o(.text.UART_RxISR_8BIT_FIFOEN)
    __arm_cp.65_1                            0x080054e0   Number         4  stm32g0xx_hal_uart.o(.text.UART_RxISR_8BIT_FIFOEN)
    [Anonymous Symbol]                       0x080054e4   Section        0  stm32g0xx_hal_uart.o(.text.UART_SetConfig)
    __arm_cp.2_0                             0x08005798   Number         4  stm32g0xx_hal_uart.o(.text.UART_SetConfig)
    __arm_cp.2_1                             0x0800579c   Number         4  stm32g0xx_hal_uart.o(.text.UART_SetConfig)
    __arm_cp.2_2                             0x080057a0   Number         4  stm32g0xx_hal_uart.o(.text.UART_SetConfig)
    __arm_cp.2_3                             0x080057a4   Number         4  stm32g0xx_hal_uart.o(.text.UART_SetConfig)
    __arm_cp.2_4                             0x080057a8   Number         4  stm32g0xx_hal_uart.o(.text.UART_SetConfig)
    __arm_cp.2_5                             0x080057ac   Number         4  stm32g0xx_hal_uart.o(.text.UART_SetConfig)
    __arm_cp.2_6                             0x080057b0   Number         4  stm32g0xx_hal_uart.o(.text.UART_SetConfig)
    [Anonymous Symbol]                       0x080057b4   Section        0  stm32g0xx_hal_uart.o(.text.UART_Start_Receive_IT)
    __arm_cp.19_0                            0x080059cc   Number         4  stm32g0xx_hal_uart.o(.text.UART_Start_Receive_IT)
    __arm_cp.19_1                            0x080059d0   Number         4  stm32g0xx_hal_uart.o(.text.UART_Start_Receive_IT)
    __arm_cp.19_2                            0x080059d4   Number         4  stm32g0xx_hal_uart.o(.text.UART_Start_Receive_IT)
    __arm_cp.19_3                            0x080059d8   Number         4  stm32g0xx_hal_uart.o(.text.UART_Start_Receive_IT)
    __arm_cp.19_4                            0x080059dc   Number         4  stm32g0xx_hal_uart.o(.text.UART_Start_Receive_IT)
    [Anonymous Symbol]                       0x080059e0   Section        0  stm32g0xx_hal_uart.o(.text.UART_WaitOnFlagUntilTimeout)
    [Anonymous Symbol]                       0x08005b74   Section        0  usart.o(.text.USART1_IRQHandler)
    __NVIC_EnableIRQ                         0x08005bb5   Thumb Code    40  stm32g0xx_hal_cortex.o(.text.__NVIC_EnableIRQ)
    [Anonymous Symbol]                       0x08005bb4   Section        0  stm32g0xx_hal_cortex.o(.text.__NVIC_EnableIRQ)
    __arm_cp.3_0                             0x08005bdc   Number         4  stm32g0xx_hal_cortex.o(.text.__NVIC_EnableIRQ)
    __NVIC_SetPriority                       0x08005be1   Thumb Code   124  stm32g0xx_hal_cortex.o(.text.__NVIC_SetPriority)
    [Anonymous Symbol]                       0x08005be0   Section        0  stm32g0xx_hal_cortex.o(.text.__NVIC_SetPriority)
    __arm_cp.1_0                             0x08005c5c   Number         4  stm32g0xx_hal_cortex.o(.text.__NVIC_SetPriority)
    __arm_cp.1_1                             0x08005c60   Number         4  stm32g0xx_hal_cortex.o(.text.__NVIC_SetPriority)
    [Anonymous Symbol]                       0x08005c64   Section        0  usart.o(.text._sys_exit)
    [Anonymous Symbol]                       0x08005c6c   Section        0  delay.o(.text.delay_Init)
    [Anonymous Symbol]                       0x08005c8c   Section        0  delay.o(.text.delay_ms)
    __arm_cp.1_0                             0x08005cd8   Number         4  delay.o(.text.delay_ms)
    __arm_cp.1_1                             0x08005cdc   Number         4  delay.o(.text.delay_ms)
    __arm_cp.1_2                             0x08005ce0   Number         4  delay.o(.text.delay_ms)
    __arm_cp.1_3                             0x08005ce4   Number         4  delay.o(.text.delay_ms)
    [Anonymous Symbol]                       0x08005ce8   Section        0  delay.o(.text.delay_us)
    __arm_cp.0_0                             0x08005d70   Number         4  delay.o(.text.delay_us)
    __arm_cp.0_1                             0x08005d74   Number         4  delay.o(.text.delay_us)
    __arm_cp.0_2                             0x08005d78   Number         4  delay.o(.text.delay_us)
    [Anonymous Symbol]                       0x08005d7c   Section        0  usart.o(.text.fputc)
    __arm_cp.3_0                             0x08005da0   Number         4  usart.o(.text.fputc)
    __arm_cp.3_1                             0x08005da4   Number         4  usart.o(.text.fputc)
    [Anonymous Symbol]                       0x08005da8   Section        0  main.o(.text.main)
    __arm_cp.0_0                             0x08005e58   Number         4  main.o(.text.main)
    __arm_cp.0_1                             0x08005e5c   Number         4  main.o(.text.main)
    __arm_cp.0_2                             0x08005e60   Number         4  main.o(.text.main)
    __arm_cp.0_3                             0x08005e64   Number         4  main.o(.text.main)
    my_pow                                   0x08005e69   Thumb Code    40  seg.o(.text.my_pow)
    [Anonymous Symbol]                       0x08005e68   Section        0  seg.o(.text.my_pow)
    [Anonymous Symbol]                       0x08005e90   Section        0  sys.o(.text.sys_stm32_clock_init)
    [Anonymous Symbol]                       0x08005efc   Section        0  usart.o(.text.uart_init)
    __arm_cp.5_0                             0x08005f50   Number         4  usart.o(.text.uart_init)
    __arm_cp.5_1                             0x08005f54   Number         4  usart.o(.text.uart_init)
    __arm_cp.5_2                             0x08005f58   Number         4  usart.o(.text.uart_init)
    __arm_cp.5_3                             0x08005f5c   Number         4  usart.o(.text.uart_init)
    __arm_cp.5_4                             0x08005f60   Number         4  usart.o(.text.uart_init)
    __arm_cp.5_5                             0x08005f64   Number         4  usart.o(.text.uart_init)
    i.__ARM_common_ll_muluu                  0x08005f68   Section        0  btod.o(i.__ARM_common_ll_muluu)
    i.__ARM_fpclassify                       0x08005f98   Section        0  fpclassify.o(i.__ARM_fpclassify)
    i._is_digit                              0x08005fc4   Section        0  __printf_wp.o(i._is_digit)
    locale$$code                             0x08005fd4   Section       44  lc_numeric_c.o(locale$$code)
    locale$$code                             0x08006000   Section       44  lc_ctype_c.o(locale$$code)
    x$fpl$printf1                            0x0800602c   Section       16  printf1.o(x$fpl$printf1)
    x$fpl$printf2                            0x0800603c   Section       16  printf2.o(x$fpl$printf2)
    initial_mbstate                          0x0800604c   Data           8  _printf_wctomb.o(.constdata)
    .constdata                               0x0800604c   Section        8  _printf_wctomb.o(.constdata)
    x$fpl$usenofp                            0x0800604c   Section        0  usenofp.o(x$fpl$usenofp)
    uc_hextab                                0x08006054   Data          20  _printf_hex_int_ll_ptr.o(.constdata)
    .constdata                               0x08006054   Section       40  _printf_hex_int_ll_ptr.o(.constdata)
    lc_hextab                                0x08006068   Data          20  _printf_hex_int_ll_ptr.o(.constdata)
    maptable                                 0x0800607c   Data          17  __printf_flags_ss_wp.o(.constdata)
    .constdata                               0x0800607c   Section       17  __printf_flags_ss_wp.o(.constdata)
    lc_hextab                                0x0800608d   Data          19  _printf_fp_hex.o(.constdata)
    .constdata                               0x0800608d   Section       38  _printf_fp_hex.o(.constdata)
    uc_hextab                                0x080060a0   Data          19  _printf_fp_hex.o(.constdata)
    tenpwrs_x                                0x080060b4   Data          60  bigflt0.o(.constdata)
    .constdata                               0x080060b4   Section      148  bigflt0.o(.constdata)
    tenpwrs_i                                0x080060f0   Data          64  bigflt0.o(.constdata)
    [Anonymous Symbol]                       0x080061ca   Section        0  usart.o(.rodata.str1.1)
    [Anonymous Symbol]                       0x0800622f   Section        0  at24cxx.o(.rodata.str1.1)
    locale$$data                             0x08006330   Section       28  lc_numeric_c.o(locale$$data)
    __lcnum_c_name                           0x08006334   Data           2  lc_numeric_c.o(locale$$data)
    __lcnum_c_start                          0x0800633c   Data           0  lc_numeric_c.o(locale$$data)
    __lcnum_c_point                          0x08006348   Data           0  lc_numeric_c.o(locale$$data)
    __lcnum_c_thousands                      0x0800634a   Data           0  lc_numeric_c.o(locale$$data)
    __lcnum_c_grouping                       0x0800634b   Data           0  lc_numeric_c.o(locale$$data)
    __lcnum_c_end                            0x0800634c   Data           0  lc_numeric_c.o(locale$$data)
    locale$$data                             0x0800634c   Section      272  lc_ctype_c.o(locale$$data)
    __lcctype_c_name                         0x08006350   Data           2  lc_ctype_c.o(locale$$data)
    __lcctype_c_start                        0x08006358   Data           0  lc_ctype_c.o(locale$$data)
    __lcctype_c_end                          0x0800645c   Data           0  lc_ctype_c.o(locale$$data)
    .bss                                     0x20000010   Section       96  libspace.o(.bss)
    fac_us                                   0x20000294   Data           4  delay.o(.bss.fac_us)
    [Anonymous Symbol]                       0x20000294   Section        0  delay.o(.bss.fac_us)
    Heap_Mem                                 0x200003c8   Data           0  startup_stm32g030xx.o(HEAP)
    Stack_Mem                                0x200003c8   Data        1024  startup_stm32g030xx.o(STACK)
    HEAP                                     0x200003c8   Section        0  startup_stm32g030xx.o(HEAP)
    STACK                                    0x200003c8   Section     1024  startup_stm32g030xx.o(STACK)
    __initial_sp                             0x200007c8   Data           0  startup_stm32g030xx.o(STACK)

    Global Symbols

    Symbol Name                              Value     Ov Type        Size  Object(Section)

    BuildAttributes$$THM_ISAv3M$S$PE$A:L22$X:L11$S22$IEEE1$IW$~IW$USESV6$~STKCKD$USESV7$~SHL$OTIME$ROPI$IEEEJ$EBA8$UX$STANDARDLIB$REQ8$PRES8$EABIv2 0x00000000   Number         0  anon$$obj.o ABSOLUTE
    _printf_flags                            0x00000000   Number         0  printf_stubs.o ABSOLUTE
    _printf_return_value                     0x00000000   Number         0  printf_stubs.o ABSOLUTE
    _printf_sizespec                         0x00000000   Number         0  printf_stubs.o ABSOLUTE
    _printf_widthprec                        0x00000000   Number         0  printf_stubs.o ABSOLUTE
    __ARM_exceptions_init                     - Undefined Weak Reference
    __alloca_initialize                       - Undefined Weak Reference
    __arm_preinit_                            - Undefined Weak Reference
    __arm_relocate_pie_                       - Undefined Weak Reference
    __cpp_initialize__aeabi_                  - Undefined Weak Reference
    __cxa_finalize                            - Undefined Weak Reference
    __sigvec_lookup                           - Undefined Weak Reference
    _atexit_init                              - Undefined Weak Reference
    _call_atexit_fns                          - Undefined Weak Reference
    _clock_init                               - Undefined Weak Reference
    _fp_trap_init                             - Undefined Weak Reference
    _fp_trap_shutdown                         - Undefined Weak Reference
    _get_lc_collate                           - Undefined Weak Reference
    _get_lc_monetary                          - Undefined Weak Reference
    _get_lc_time                              - Undefined Weak Reference
    _getenv_init                              - Undefined Weak Reference
    _handle_redirection                       - Undefined Weak Reference
    _init_alloc                               - Undefined Weak Reference
    _init_user_alloc                          - Undefined Weak Reference
    _initio                                   - Undefined Weak Reference
    _mutex_acquire                            - Undefined Weak Reference
    _mutex_release                            - Undefined Weak Reference
    _printf_mbtowc                            - Undefined Weak Reference
    _printf_wc                                - Undefined Weak Reference
    _rand_init                                - Undefined Weak Reference
    _signal_finish                            - Undefined Weak Reference
    _signal_init                              - Undefined Weak Reference
    _terminate_alloc                          - Undefined Weak Reference
    _terminate_user_alloc                     - Undefined Weak Reference
    _terminateio                              - Undefined Weak Reference
    __Vectors_Size                           0x000000c0   Number         0  startup_stm32g030xx.o ABSOLUTE
    __Vectors                                0x08000000   Data           4  startup_stm32g030xx.o(RESET)
    __Vectors_End                            0x080000c0   Data           0  startup_stm32g030xx.o(RESET)
    __main                                   0x080000c1   Thumb Code     8  __main.o(!!!main)
    __scatterload                            0x080000c9   Thumb Code     0  __scatter.o(!!!scatter)
    __scatterload_rt2                        0x080000c9   Thumb Code    52  __scatter.o(!!!scatter)
    __scatterload_rt2_thumb_only             0x080000c9   Thumb Code     0  __scatter.o(!!!scatter)
    __scatterload_null                       0x080000d9   Thumb Code     0  __scatter.o(!!!scatter)
    __scatterload_copy                       0x08000105   Thumb Code    26  __scatter_copy.o(!!handler_copy)
    __scatterload_zeroinit                   0x08000121   Thumb Code    28  __scatter_zi.o(!!handler_zi)
    _printf_percent                          0x0800013d   Thumb Code     0  _printf_percent.o(.ARM.Collect$$_printf_percent$$00000000)
    _printf_n                                0x0800013f   Thumb Code     0  _printf_n.o(.ARM.Collect$$_printf_percent$$00000001)
    _printf_p                                0x08000149   Thumb Code     0  _printf_p.o(.ARM.Collect$$_printf_percent$$00000002)
    _printf_f                                0x08000153   Thumb Code     0  _printf_f.o(.ARM.Collect$$_printf_percent$$00000003)
    _printf_e                                0x0800015d   Thumb Code     0  _printf_e.o(.ARM.Collect$$_printf_percent$$00000004)
    _printf_g                                0x08000167   Thumb Code     0  _printf_g.o(.ARM.Collect$$_printf_percent$$00000005)
    _printf_a                                0x08000171   Thumb Code     0  _printf_a.o(.ARM.Collect$$_printf_percent$$00000006)
    _printf_ll                               0x0800017b   Thumb Code     0  _printf_ll.o(.ARM.Collect$$_printf_percent$$00000007)
    _printf_i                                0x08000185   Thumb Code     0  _printf_i.o(.ARM.Collect$$_printf_percent$$00000008)
    _printf_d                                0x0800018f   Thumb Code     0  _printf_d.o(.ARM.Collect$$_printf_percent$$00000009)
    _printf_u                                0x08000199   Thumb Code     0  _printf_u.o(.ARM.Collect$$_printf_percent$$0000000A)
    _printf_o                                0x080001a3   Thumb Code     0  _printf_o.o(.ARM.Collect$$_printf_percent$$0000000B)
    _printf_x                                0x080001ad   Thumb Code     0  _printf_x.o(.ARM.Collect$$_printf_percent$$0000000C)
    _printf_lli                              0x080001b7   Thumb Code     0  _printf_lli.o(.ARM.Collect$$_printf_percent$$0000000D)
    _printf_lld                              0x080001c1   Thumb Code     0  _printf_lld.o(.ARM.Collect$$_printf_percent$$0000000E)
    _printf_llu                              0x080001cb   Thumb Code     0  _printf_llu.o(.ARM.Collect$$_printf_percent$$0000000F)
    _printf_llo                              0x080001d5   Thumb Code     0  _printf_llo.o(.ARM.Collect$$_printf_percent$$00000010)
    _printf_llx                              0x080001df   Thumb Code     0  _printf_llx.o(.ARM.Collect$$_printf_percent$$00000011)
    _printf_l                                0x080001e9   Thumb Code     0  _printf_l.o(.ARM.Collect$$_printf_percent$$00000012)
    _printf_c                                0x080001f3   Thumb Code     0  _printf_c.o(.ARM.Collect$$_printf_percent$$00000013)
    _printf_s                                0x080001fd   Thumb Code     0  _printf_s.o(.ARM.Collect$$_printf_percent$$00000014)
    _printf_lc                               0x08000207   Thumb Code     0  _printf_lc.o(.ARM.Collect$$_printf_percent$$00000015)
    _printf_ls                               0x08000211   Thumb Code     0  _printf_ls.o(.ARM.Collect$$_printf_percent$$00000016)
    _printf_percent_end                      0x0800021b   Thumb Code     0  _printf_percent_end.o(.ARM.Collect$$_printf_percent$$00000017)
    __rt_lib_init                            0x0800021f   Thumb Code     0  libinit.o(.ARM.Collect$$libinit$$00000000)
    __rt_lib_init_fp_1                       0x08000221   Thumb Code     0  libinit2.o(.ARM.Collect$$libinit$$00000002)
    __rt_lib_init_heap_1                     0x08000221   Thumb Code     0  libinit2.o(.ARM.Collect$$libinit$$0000000C)
    __rt_lib_init_lc_common                  0x08000221   Thumb Code     0  libinit2.o(.ARM.Collect$$libinit$$00000011)
    __rt_lib_init_preinit_1                  0x08000221   Thumb Code     0  libinit2.o(.ARM.Collect$$libinit$$00000006)
    __rt_lib_init_rand_1                     0x08000221   Thumb Code     0  libinit2.o(.ARM.Collect$$libinit$$00000010)
    __rt_lib_init_relocate_pie_1             0x08000221   Thumb Code     0  libinit2.o(.ARM.Collect$$libinit$$00000004)
    __rt_lib_init_user_alloc_1               0x08000221   Thumb Code     0  libinit2.o(.ARM.Collect$$libinit$$0000000E)
    __rt_lib_init_lc_collate_1               0x08000227   Thumb Code     0  libinit2.o(.ARM.Collect$$libinit$$00000013)
    __rt_lib_init_lc_ctype_2                 0x08000227   Thumb Code     0  libinit2.o(.ARM.Collect$$libinit$$00000014)
    __rt_lib_init_lc_ctype_1                 0x08000233   Thumb Code     0  libinit2.o(.ARM.Collect$$libinit$$00000015)
    __rt_lib_init_lc_monetary_1              0x08000233   Thumb Code     0  libinit2.o(.ARM.Collect$$libinit$$00000017)
    __rt_lib_init_lc_numeric_2               0x08000233   Thumb Code     0  libinit2.o(.ARM.Collect$$libinit$$00000018)
    __rt_lib_init_alloca_1                   0x0800023d   Thumb Code     0  libinit2.o(.ARM.Collect$$libinit$$00000030)
    __rt_lib_init_argv_1                     0x0800023d   Thumb Code     0  libinit2.o(.ARM.Collect$$libinit$$0000002E)
    __rt_lib_init_atexit_1                   0x0800023d   Thumb Code     0  libinit2.o(.ARM.Collect$$libinit$$0000001D)
    __rt_lib_init_clock_1                    0x0800023d   Thumb Code     0  libinit2.o(.ARM.Collect$$libinit$$00000023)
    __rt_lib_init_cpp_1                      0x0800023d   Thumb Code     0  libinit2.o(.ARM.Collect$$libinit$$00000034)
    __rt_lib_init_exceptions_1               0x0800023d   Thumb Code     0  libinit2.o(.ARM.Collect$$libinit$$00000032)
    __rt_lib_init_fp_trap_1                  0x0800023d   Thumb Code     0  libinit2.o(.ARM.Collect$$libinit$$00000021)
    __rt_lib_init_getenv_1                   0x0800023d   Thumb Code     0  libinit2.o(.ARM.Collect$$libinit$$00000025)
    __rt_lib_init_lc_numeric_1               0x0800023d   Thumb Code     0  libinit2.o(.ARM.Collect$$libinit$$00000019)
    __rt_lib_init_lc_time_1                  0x0800023d   Thumb Code     0  libinit2.o(.ARM.Collect$$libinit$$0000001B)
    __rt_lib_init_return                     0x0800023d   Thumb Code     0  libinit2.o(.ARM.Collect$$libinit$$00000035)
    __rt_lib_init_signal_1                   0x0800023d   Thumb Code     0  libinit2.o(.ARM.Collect$$libinit$$0000001F)
    __rt_lib_init_stdio_1                    0x0800023d   Thumb Code     0  libinit2.o(.ARM.Collect$$libinit$$00000027)
    __rt_lib_shutdown                        0x0800023f   Thumb Code     0  libshutdown.o(.ARM.Collect$$libshutdown$$00000000)
    __rt_lib_shutdown_cpp_1                  0x08000241   Thumb Code     0  libshutdown2.o(.ARM.Collect$$libshutdown$$00000002)
    __rt_lib_shutdown_fp_trap_1              0x08000241   Thumb Code     0  libshutdown2.o(.ARM.Collect$$libshutdown$$00000007)
    __rt_lib_shutdown_heap_1                 0x08000241   Thumb Code     0  libshutdown2.o(.ARM.Collect$$libshutdown$$0000000F)
    __rt_lib_shutdown_return                 0x08000241   Thumb Code     0  libshutdown2.o(.ARM.Collect$$libshutdown$$00000010)
    __rt_lib_shutdown_signal_1               0x08000241   Thumb Code     0  libshutdown2.o(.ARM.Collect$$libshutdown$$0000000A)
    __rt_lib_shutdown_stdio_1                0x08000241   Thumb Code     0  libshutdown2.o(.ARM.Collect$$libshutdown$$00000004)
    __rt_lib_shutdown_user_alloc_1           0x08000241   Thumb Code     0  libshutdown2.o(.ARM.Collect$$libshutdown$$0000000C)
    __rt_entry                               0x08000243   Thumb Code     0  __rtentry.o(.ARM.Collect$$rtentry$$00000000)
    __rt_entry_presh_1                       0x08000243   Thumb Code     0  __rtentry2.o(.ARM.Collect$$rtentry$$00000002)
    __rt_entry_sh                            0x08000243   Thumb Code     0  __rtentry4.o(.ARM.Collect$$rtentry$$00000004)
    __rt_entry_li                            0x08000249   Thumb Code     0  __rtentry2.o(.ARM.Collect$$rtentry$$0000000A)
    __rt_entry_postsh_1                      0x08000249   Thumb Code     0  __rtentry2.o(.ARM.Collect$$rtentry$$00000009)
    __rt_entry_main                          0x0800024d   Thumb Code     0  __rtentry2.o(.ARM.Collect$$rtentry$$0000000D)
    __rt_entry_postli_1                      0x0800024d   Thumb Code     0  __rtentry2.o(.ARM.Collect$$rtentry$$0000000C)
    __rt_exit                                0x08000255   Thumb Code     0  rtexit.o(.ARM.Collect$$rtexit$$00000000)
    __rt_exit_ls                             0x08000257   Thumb Code     0  rtexit2.o(.ARM.Collect$$rtexit$$00000003)
    __rt_exit_prels_1                        0x08000257   Thumb Code     0  rtexit2.o(.ARM.Collect$$rtexit$$00000002)
    __rt_exit_exit                           0x0800025b   Thumb Code     0  rtexit2.o(.ARM.Collect$$rtexit$$00000004)
    Reset_Handler                            0x08000261   Thumb Code     8  startup_stm32g030xx.o(.text)
    ADC1_IRQHandler                          0x08000273   Thumb Code     0  startup_stm32g030xx.o(.text)
    DMA1_Ch4_5_DMAMUX1_OVR_IRQHandler        0x08000273   Thumb Code     0  startup_stm32g030xx.o(.text)
    DMA1_Channel1_IRQHandler                 0x08000273   Thumb Code     0  startup_stm32g030xx.o(.text)
    DMA1_Channel2_3_IRQHandler               0x08000273   Thumb Code     0  startup_stm32g030xx.o(.text)
    EXTI0_1_IRQHandler                       0x08000273   Thumb Code     0  startup_stm32g030xx.o(.text)
    EXTI2_3_IRQHandler                       0x08000273   Thumb Code     0  startup_stm32g030xx.o(.text)
    EXTI4_15_IRQHandler                      0x08000273   Thumb Code     0  startup_stm32g030xx.o(.text)
    FLASH_IRQHandler                         0x08000273   Thumb Code     0  startup_stm32g030xx.o(.text)
    I2C1_IRQHandler                          0x08000273   Thumb Code     0  startup_stm32g030xx.o(.text)
    I2C2_IRQHandler                          0x08000273   Thumb Code     0  startup_stm32g030xx.o(.text)
    RCC_IRQHandler                           0x08000273   Thumb Code     0  startup_stm32g030xx.o(.text)
    RTC_TAMP_IRQHandler                      0x08000273   Thumb Code     0  startup_stm32g030xx.o(.text)
    SPI1_IRQHandler                          0x08000273   Thumb Code     0  startup_stm32g030xx.o(.text)
    SPI2_IRQHandler                          0x08000273   Thumb Code     0  startup_stm32g030xx.o(.text)
    TIM16_IRQHandler                         0x08000273   Thumb Code     0  startup_stm32g030xx.o(.text)
    TIM17_IRQHandler                         0x08000273   Thumb Code     0  startup_stm32g030xx.o(.text)
    TIM1_BRK_UP_TRG_COM_IRQHandler           0x08000273   Thumb Code     0  startup_stm32g030xx.o(.text)
    TIM1_CC_IRQHandler                       0x08000273   Thumb Code     0  startup_stm32g030xx.o(.text)
    TIM3_IRQHandler                          0x08000273   Thumb Code     0  startup_stm32g030xx.o(.text)
    USART2_IRQHandler                        0x08000273   Thumb Code     0  startup_stm32g030xx.o(.text)
    WWDG_IRQHandler                          0x08000273   Thumb Code     0  startup_stm32g030xx.o(.text)
    __user_initial_stackheap                 0x08000275   Thumb Code     0  startup_stm32g030xx.o(.text)
    __use_no_semihosting                     0x08000295   Thumb Code     2  use_no_semi_2.o(.text)
    printf                                   0x08000299   Thumb Code    22  printf.o(.text)
    _memset_w                                0x080002b5   Thumb Code    26  rt_memclr.o(.text)
    _memset                                  0x080002cf   Thumb Code    30  rt_memclr.o(.text)
    __aeabi_memclr                           0x080002ed   Thumb Code     4  rt_memclr.o(.text)
    __rt_memclr                              0x080002ed   Thumb Code     0  rt_memclr.o(.text)
    __aeabi_memclr4                          0x080002f1   Thumb Code     0  rt_memclr.o(.text)
    __aeabi_memclr8                          0x080002f1   Thumb Code     0  rt_memclr.o(.text)
    __rt_memclr_w                            0x080002f1   Thumb Code     4  rt_memclr.o(.text)
    __aeabi_uidiv                            0x080002f5   Thumb Code     0  aeabi_sdiv.o(.text)
    __aeabi_uidivmod                         0x080002f5   Thumb Code    20  aeabi_sdiv.o(.text)
    __aeabi_idiv                             0x08000309   Thumb Code     0  aeabi_sdiv.o(.text)
    __aeabi_idivmod                          0x08000309   Thumb Code   338  aeabi_sdiv.o(.text)
    __use_two_region_memory                  0x08000461   Thumb Code     2  heapauxi.o(.text)
    __rt_heap_escrow$2region                 0x08000463   Thumb Code     2  heapauxi.o(.text)
    __rt_heap_expand$2region                 0x08000465   Thumb Code     2  heapauxi.o(.text)
    __semihosting$guard                      0x08000467   Thumb Code     0  use_no_semi.o(.text)
    __use_no_semihosting_swi                 0x08000467   Thumb Code     2  use_no_semi.o(.text)
    _printf_pre_padding                      0x08000469   Thumb Code    44  _printf_pad.o(.text)
    _printf_post_padding                     0x08000495   Thumb Code    34  _printf_pad.o(.text)
    _printf_truncate_signed                  0x080004b7   Thumb Code    18  _printf_truncate.o(.text)
    _printf_truncate_unsigned                0x080004c9   Thumb Code    18  _printf_truncate.o(.text)
    _printf_str                              0x080004db   Thumb Code    82  _printf_str.o(.text)
    _printf_int_dec                          0x0800052d   Thumb Code    90  _printf_dec.o(.text)
    _printf_charcount                        0x08000599   Thumb Code    38  _printf_charcount.o(.text)
    _printf_char_file                        0x080005c1   Thumb Code    34  _printf_char_file.o(.text)
    _printf_wctomb                           0x080005e9   Thumb Code   182  _printf_wctomb.o(.text)
    _printf_longlong_dec                     0x080006a5   Thumb Code    94  _printf_longlong_dec.o(.text)
    _printf_longlong_oct                     0x08000715   Thumb Code    68  _printf_oct_int_ll.o(.text)
    _printf_int_oct                          0x08000759   Thumb Code    24  _printf_oct_int_ll.o(.text)
    _printf_ll_oct                           0x08000771   Thumb Code    10  _printf_oct_int_ll.o(.text)
    _printf_longlong_hex                     0x08000785   Thumb Code    88  _printf_hex_int_ll_ptr.o(.text)
    _printf_int_hex                          0x080007dd   Thumb Code    28  _printf_hex_int_ll_ptr.o(.text)
    _printf_ll_hex                           0x080007f9   Thumb Code    10  _printf_hex_int_ll_ptr.o(.text)
    _printf_hex_ptr                          0x08000803   Thumb Code    22  _printf_hex_int_ll_ptr.o(.text)
    __printf                                 0x0800081d   Thumb Code   386  __printf_flags_ss_wp.o(.text)
    _ll_udiv10                               0x080009a5   Thumb Code   122  lludiv10.o(.text)
    _printf_int_common                       0x08000a1f   Thumb Code   176  _printf_intcommon.o(.text)
    _printf_fp_dec_real                      0x08000c6d   Thumb Code   620  _printf_fp_dec.o(.text)
    _printf_fp_hex_real                      0x08000ee5   Thumb Code   718  _printf_fp_hex.o(.text)
    _printf_char_common                      0x080011c7   Thumb Code    32  _printf_char_common.o(.text)
    _printf_cs_common                        0x080011ed   Thumb Code    22  _printf_char.o(.text)
    _printf_char                             0x08001203   Thumb Code    16  _printf_char.o(.text)
    _printf_string                           0x08001213   Thumb Code     8  _printf_char.o(.text)
    _printf_lcs_common                       0x0800121b   Thumb Code    22  _printf_wchar.o(.text)
    _printf_wchar                            0x08001231   Thumb Code    16  _printf_wchar.o(.text)
    _printf_wstring                          0x08001241   Thumb Code     8  _printf_wchar.o(.text)
    ferror                                   0x08001249   Thumb Code     8  ferror.o(.text)
    _c16rtomb                                0x08001251   Thumb Code    66  _c16rtomb.o(.text)
    _wcrtomb                                 0x08001251   Thumb Code     0  _c16rtomb.o(.text)
    __rt_udiv10                              0x08001293   Thumb Code    40  rtudiv10.o(.text)
    __user_setup_stackheap                   0x080012bb   Thumb Code    62  sys_stackheap_outer.o(.text)
    __rt_ctype_table                         0x080012f9   Thumb Code    16  rt_ctype_table.o(.text)
    __rt_locale                              0x08001309   Thumb Code     8  rt_locale_intlibspace.o(.text)
    _printf_fp_infnan                        0x08001311   Thumb Code   120  _printf_fp_infnan.o(.text)
    _btod_etento                             0x08001399   Thumb Code   210  bigflt0.o(.text)
    _btod_d2e                                0x08001471   Thumb Code    64  btod.o(.text)
    _btod_emul                               0x080018a5   Thumb Code    28  btod.o(.text)
    _btod_emuld                              0x080018c1   Thumb Code   144  btod.o(.text)
    _btod_ediv                               0x08001951   Thumb Code    26  btod.o(.text)
    _btod_edivd                              0x0800196b   Thumb Code   124  btod.o(.text)
    exit                                     0x080019f1   Thumb Code    16  exit.o(.text)
    __user_libspace                          0x08001a01   Thumb Code     8  libspace.o(.text)
    __user_perproc_libspace                  0x08001a01   Thumb Code     0  libspace.o(.text)
    __user_perthread_libspace                0x08001a01   Thumb Code     0  libspace.o(.text)
    strcmp                                   0x08001a09   Thumb Code   132  strcmp.o(.text)
    AT24CXX_Init                             0x08001add   Thumb Code     8  at24cxx.o(.text.AT24CXX_Init)
    AT24CXX_Print_Read_Buffer                0x08001bb9   Thumb Code    56  at24cxx.o(.text.AT24CXX_Print_Read_Buffer)
    AT24CXX_Read_MultiByte                   0x08001c5b   Thumb Code    36  at24cxx.o(.text.AT24CXX_Read_MultiByte)
    Error_Handler                            0x08001c7f   Thumb Code     6  sys.o(.text.Error_Handler)
    HAL_DMA_Abort                            0x08001c85   Thumb Code   192  stm32g0xx_hal_dma.o(.text.HAL_DMA_Abort)
    HAL_DMA_Abort_IT                         0x08001d45   Thumb Code   184  stm32g0xx_hal_dma.o(.text.HAL_DMA_Abort_IT)
    HAL_GPIO_Init                            0x08001e01   Thumb Code   688  stm32g0xx_hal_gpio.o(.text.HAL_GPIO_Init)
    HAL_GetTick                              0x080020d1   Thumb Code     8  stm32g0xx_hal.o(.text.HAL_GetTick)
    HAL_I2CEx_ConfigAnalogFilter             0x080020dd   Thumb Code   150  stm32g0xx_hal_i2c_ex.o(.text.HAL_I2CEx_ConfigAnalogFilter)
    HAL_I2CEx_ConfigDigitalFilter            0x08002173   Thumb Code   160  stm32g0xx_hal_i2c_ex.o(.text.HAL_I2CEx_ConfigDigitalFilter)
    HAL_I2C_Init                             0x08002215   Thumb Code   264  stm32g0xx_hal_i2c.o(.text.HAL_I2C_Init)
    HAL_I2C_Mem_Read                         0x08002321   Thumb Code   608  stm32g0xx_hal_i2c.o(.text.HAL_I2C_Mem_Read)
    HAL_I2C_MspInit                          0x08002589   Thumb Code   112  iic.o(.text.HAL_I2C_MspInit)
    HAL_IncTick                              0x08002605   Thumb Code    16  stm32g0xx_hal.o(.text.HAL_IncTick)
    HAL_Init                                 0x08002619   Thumb Code    56  stm32g0xx_hal.o(.text.HAL_Init)
    HAL_InitTick                             0x08002651   Thumb Code   120  stm32g0xx_hal.o(.text.HAL_InitTick)
    HAL_MspInit                              0x080026cd   Thumb Code     2  stm32g0xx_hal.o(.text.HAL_MspInit)
    HAL_NVIC_EnableIRQ                       0x080026cf   Thumb Code    22  stm32g0xx_hal_cortex.o(.text.HAL_NVIC_EnableIRQ)
    HAL_NVIC_SetPriority                     0x080026e5   Thumb Code    28  stm32g0xx_hal_cortex.o(.text.HAL_NVIC_SetPriority)
    HAL_PWREx_ControlVoltageScaling          0x08002701   Thumb Code   112  stm32g0xx_hal_pwr_ex.o(.text.HAL_PWREx_ControlVoltageScaling)
    HAL_RCC_ClockConfig                      0x0800277d   Thumb Code   572  stm32g0xx_hal_rcc.o(.text.HAL_RCC_ClockConfig)
    HAL_RCC_GetHCLKFreq                      0x080029d1   Thumb Code     8  stm32g0xx_hal_rcc.o(.text.HAL_RCC_GetHCLKFreq)
    HAL_RCC_GetPCLK1Freq                     0x080029dd   Thumb Code    36  stm32g0xx_hal_rcc.o(.text.HAL_RCC_GetPCLK1Freq)
    HAL_RCC_GetSysClockFreq                  0x08002a05   Thumb Code   268  stm32g0xx_hal_rcc.o(.text.HAL_RCC_GetSysClockFreq)
    HAL_RCC_OscConfig                        0x08002b25   Thumb Code  1660  stm32g0xx_hal_rcc.o(.text.HAL_RCC_OscConfig)
    HAL_SYSTICK_CLKSourceConfig              0x080031c9   Thumb Code    40  stm32g0xx_hal_cortex.o(.text.HAL_SYSTICK_CLKSourceConfig)
    HAL_SYSTICK_Config                       0x080031f5   Thumb Code    16  stm32g0xx_hal_cortex.o(.text.HAL_SYSTICK_Config)
    HAL_TIMEx_Break2Callback                 0x08003205   Thumb Code     8  stm32g0xx_hal_tim_ex.o(.text.HAL_TIMEx_Break2Callback)
    HAL_TIMEx_BreakCallback                  0x0800320d   Thumb Code     8  stm32g0xx_hal_tim_ex.o(.text.HAL_TIMEx_BreakCallback)
    HAL_TIMEx_CommutCallback                 0x08003215   Thumb Code     8  stm32g0xx_hal_tim_ex.o(.text.HAL_TIMEx_CommutCallback)
    HAL_TIM_Base_Init                        0x0800321d   Thumb Code   170  stm32g0xx_hal_tim.o(.text.HAL_TIM_Base_Init)
    HAL_TIM_Base_MspInit                     0x080032c9   Thumb Code    68  tim.o(.text.HAL_TIM_Base_MspInit)
    HAL_TIM_Base_Start_IT                    0x08003315   Thumb Code   148  stm32g0xx_hal_tim.o(.text.HAL_TIM_Base_Start_IT)
    HAL_TIM_IC_CaptureCallback               0x080033b5   Thumb Code     8  stm32g0xx_hal_tim.o(.text.HAL_TIM_IC_CaptureCallback)
    HAL_TIM_IRQHandler                       0x080033bd   Thumb Code   672  stm32g0xx_hal_tim.o(.text.HAL_TIM_IRQHandler)
    HAL_TIM_OC_DelayElapsedCallback          0x08003661   Thumb Code     8  stm32g0xx_hal_tim.o(.text.HAL_TIM_OC_DelayElapsedCallback)
    HAL_TIM_PWM_PulseFinishedCallback        0x08003669   Thumb Code     8  stm32g0xx_hal_tim.o(.text.HAL_TIM_PWM_PulseFinishedCallback)
    HAL_TIM_PeriodElapsedCallback            0x08003671   Thumb Code    84  tim.o(.text.HAL_TIM_PeriodElapsedCallback)
    HAL_TIM_TriggerCallback                  0x080036d9   Thumb Code     8  stm32g0xx_hal_tim.o(.text.HAL_TIM_TriggerCallback)
    HAL_UARTEx_RxEventCallback               0x080036e1   Thumb Code    12  stm32g0xx_hal_uart.o(.text.HAL_UARTEx_RxEventCallback)
    HAL_UARTEx_RxFifoFullCallback            0x080036ed   Thumb Code     8  stm32g0xx_hal_uart_ex.o(.text.HAL_UARTEx_RxFifoFullCallback)
    HAL_UARTEx_TxFifoEmptyCallback           0x080036f5   Thumb Code     8  stm32g0xx_hal_uart_ex.o(.text.HAL_UARTEx_TxFifoEmptyCallback)
    HAL_UARTEx_WakeupCallback                0x080036fd   Thumb Code     8  stm32g0xx_hal_uart_ex.o(.text.HAL_UARTEx_WakeupCallback)
    HAL_UART_ErrorCallback                   0x08003705   Thumb Code     8  stm32g0xx_hal_uart.o(.text.HAL_UART_ErrorCallback)
    HAL_UART_IRQHandler                      0x0800370d   Thumb Code  1388  stm32g0xx_hal_uart.o(.text.HAL_UART_IRQHandler)
    HAL_UART_Init                            0x08003c81   Thumb Code   180  stm32g0xx_hal_uart.o(.text.HAL_UART_Init)
    HAL_UART_MspInit                         0x08003d35   Thumb Code   124  usart.o(.text.HAL_UART_MspInit)
    HAL_UART_Receive_IT                      0x08003dbd   Thumb Code   232  stm32g0xx_hal_uart.o(.text.HAL_UART_Receive_IT)
    HAL_UART_RxCpltCallback                  0x08003ea5   Thumb Code   160  usart.o(.text.HAL_UART_RxCpltCallback)
    HAL_UART_TxCpltCallback                  0x08003f59   Thumb Code     8  stm32g0xx_hal_uart.o(.text.HAL_UART_TxCpltCallback)
    HardFault_Handler                        0x08003f61   Thumb Code     4  stm32g0xx_it.o(.text.HardFault_Handler)
    I2C2_Init                                0x08003f65   Thumb Code   124  iic.o(.text.I2C2_Init)
    I2C2_Read                                0x08003fe9   Thumb Code    88  iic.o(.text.I2C2_Read)
    NMI_Handler                              0x08004461   Thumb Code     4  stm32g0xx_it.o(.text.NMI_Handler)
    PendSV_Handler                           0x08004465   Thumb Code     2  stm32g0xx_it.o(.text.PendSV_Handler)
    SVC_Handler                              0x08004467   Thumb Code     2  stm32g0xx_it.o(.text.SVC_Handler)
    Seg_Clear                                0x08004469   Thumb Code   100  seg.o(.text.Seg_Clear)
    Seg_Init                                 0x080045bd   Thumb Code   158  seg.o(.text.Seg_Init)
    Seg_Show_1_Num                           0x08004665   Thumb Code   140  seg.o(.text.Seg_Show_1_Num)
    Seg_Show_Num                             0x08004701   Thumb Code   246  seg.o(.text.Seg_Show_Num)
    SysTick_Handler                          0x08004849   Thumb Code     8  stm32g0xx_it.o(.text.SysTick_Handler)
    SystemInit                               0x08004851   Thumb Code     2  system_stm32g0xx.o(.text.SystemInit)
    TIM14_IRQHandler                         0x08004855   Thumb Code    12  tim.o(.text.TIM14_IRQHandler)
    TIM14_Init                               0x08004861   Thumb Code    68  tim.o(.text.TIM14_Init)
    TIM_Base_SetConfig                       0x080048a9   Thumb Code   212  stm32g0xx_hal_tim.o(.text.TIM_Base_SetConfig)
    UART_AdvFeatureConfig                    0x08004991   Thumb Code   346  stm32g0xx_hal_uart.o(.text.UART_AdvFeatureConfig)
    UART_CheckIdleState                      0x08004aed   Thumb Code   164  stm32g0xx_hal_uart.o(.text.UART_CheckIdleState)
    UART_SetConfig                           0x080054e5   Thumb Code   692  stm32g0xx_hal_uart.o(.text.UART_SetConfig)
    UART_Start_Receive_IT                    0x080057b5   Thumb Code   536  stm32g0xx_hal_uart.o(.text.UART_Start_Receive_IT)
    UART_WaitOnFlagUntilTimeout              0x080059e1   Thumb Code   402  stm32g0xx_hal_uart.o(.text.UART_WaitOnFlagUntilTimeout)
    USART1_IRQHandler                        0x08005b75   Thumb Code    64  usart.o(.text.USART1_IRQHandler)
    _sys_exit                                0x08005c65   Thumb Code     8  usart.o(.text._sys_exit)
    delay_Init                               0x08005c6d   Thumb Code    32  delay.o(.text.delay_Init)
    delay_ms                                 0x08005c8d   Thumb Code    76  delay.o(.text.delay_ms)
    delay_us                                 0x08005ce9   Thumb Code   136  delay.o(.text.delay_us)
    fputc                                    0x08005d7d   Thumb Code    36  usart.o(.text.fputc)
    main                                     0x08005da9   Thumb Code   176  main.o(.text.main)
    sys_stm32_clock_init                     0x08005e91   Thumb Code   108  sys.o(.text.sys_stm32_clock_init)
    uart_init                                0x08005efd   Thumb Code    84  usart.o(.text.uart_init)
    __ARM_common_ll_muluu                    0x08005f69   Thumb Code    48  btod.o(i.__ARM_common_ll_muluu)
    __ARM_fpclassify                         0x08005f99   Thumb Code    40  fpclassify.o(i.__ARM_fpclassify)
    _is_digit                                0x08005fc5   Thumb Code    14  __printf_wp.o(i._is_digit)
    _get_lc_numeric                          0x08005fd5   Thumb Code    44  lc_numeric_c.o(locale$$code)
    _get_lc_ctype                            0x08006001   Thumb Code    44  lc_ctype_c.o(locale$$code)
    _printf_fp_dec                           0x0800602d   Thumb Code    16  printf1.o(x$fpl$printf1)
    _printf_fp_hex                           0x0800603d   Thumb Code    16  printf2.o(x$fpl$printf2)
    __I$use$fp                               0x0800604c   Number         0  usenofp.o(x$fpl$usenofp)
    AHBPrescTable                            0x08006148   Data          64  system_stm32g0xx.o(.rodata.AHBPrescTable)
    APBPrescTable                            0x08006188   Data          32  system_stm32g0xx.o(.rodata.APBPrescTable)
    Seg_Num_Table                            0x080061a8   Data          10  seg.o(.rodata.Seg_Num_Table)
    UARTPrescTable                           0x080061b2   Data          24  stm32g0xx_hal_uart.o(.rodata.UARTPrescTable)
    Region$$Table$$Base                      0x08006310   Number         0  anon$$obj.o(Region$$Table)
    Region$$Table$$Limit                     0x08006330   Number         0  anon$$obj.o(Region$$Table)
    __ctype                                  0x08006359   Data           0  lc_ctype_c.o(locale$$data)
    __ARM_use_no_argv                        0x20000000   Data           4  main.o(.ARM.use_no_argv)
    SystemCoreClock                          0x20000004   Data           4  system_stm32g0xx.o(.data.SystemCoreClock)
    uwTickFreq                               0x20000008   Data           1  stm32g0xx_hal.o(.data.uwTickFreq)
    uwTickPrio                               0x2000000c   Data           4  stm32g0xx_hal.o(.data.uwTickPrio)
    __libspace_start                         0x20000010   Data          96  libspace.o(.bss)
    EE_Read_Buffer                           0x20000070   Data         256  at24cxx.o(.bss.EE_Read_Buffer)
    __temporary_stack_top$libspace           0x20000070   Data           0  libspace.o(.bss)
    Global_Timer_Tick_Ms                     0x20000170   Data           4  tim.o(.bss.Global_Timer_Tick_Ms)
    USART_RX_BUF                             0x20000174   Data         200  usart.o(.bss.USART_RX_BUF)
    USART_RX_STA                             0x2000023c   Data           2  usart.o(.bss.USART_RX_STA)
    _1RxBuffer                               0x2000023e   Data           1  usart.o(.bss._1RxBuffer)
    __stdout                                 0x20000240   Data          84  usart.o(.bss.__stdout)
    hi2c2                                    0x20000298   Data          76  iic.o(.bss.hi2c2)
    htim14                                   0x200002e4   Data          76  tim.o(.bss.htim14)
    huart1                                   0x20000330   Data         144  usart.o(.bss.huart1)
    main_Task_Flag                           0x200003c0   Data           1  main.o(.bss.main_Task_Flag)
    uwTick                                   0x200003c4   Data           4  stm32g0xx_hal.o(.bss.uwTick)



==============================================================================

Memory Map of the image

  Image Entry point : 0x080000c1

  Load Region LR_IROM1 (Base: 0x08000000, Size: 0x00006470, Max: 0x00008000, ABSOLUTE)

    Execution Region ER_IROM1 (Exec base: 0x08000000, Load base: 0x08000000, Size: 0x0000645c, Max: 0x00008000, ABSOLUTE)

    Exec Addr    Load Addr    Size         Type   Attr      Idx    E Section Name        Object

    0x08000000   0x08000000   0x000000c0   Data   RO            3    RESET               startup_stm32g030xx.o
    0x080000c0   0x080000c0   0x00000008   Code   RO         1426  * !!!main             c_p.l(__main.o)
    0x080000c8   0x080000c8   0x0000003c   Code   RO         1750    !!!scatter          c_p.l(__scatter.o)
    0x08000104   0x08000104   0x0000001a   Code   RO         1752    !!handler_copy      c_p.l(__scatter_copy.o)
    0x0800011e   0x0800011e   0x00000002   PAD
    0x08000120   0x08000120   0x0000001c   Code   RO         1754    !!handler_zi        c_p.l(__scatter_zi.o)
    0x0800013c   0x0800013c   0x00000002   Code   RO         1514    .ARM.Collect$$_printf_percent$$00000000  c_p.l(_printf_percent.o)
    0x0800013e   0x0800013e   0x0000000a   Code   RO         1503    .ARM.Collect$$_printf_percent$$00000001  c_p.l(_printf_n.o)
    0x08000148   0x08000148   0x0000000a   Code   RO         1505    .ARM.Collect$$_printf_percent$$00000002  c_p.l(_printf_p.o)
    0x08000152   0x08000152   0x0000000a   Code   RO         1510    .ARM.Collect$$_printf_percent$$00000003  c_p.l(_printf_f.o)
    0x0800015c   0x0800015c   0x0000000a   Code   RO         1511    .ARM.Collect$$_printf_percent$$00000004  c_p.l(_printf_e.o)
    0x08000166   0x08000166   0x0000000a   Code   RO         1512    .ARM.Collect$$_printf_percent$$00000005  c_p.l(_printf_g.o)
    0x08000170   0x08000170   0x0000000a   Code   RO         1513    .ARM.Collect$$_printf_percent$$00000006  c_p.l(_printf_a.o)
    0x0800017a   0x0800017a   0x0000000a   Code   RO         1518    .ARM.Collect$$_printf_percent$$00000007  c_p.l(_printf_ll.o)
    0x08000184   0x08000184   0x0000000a   Code   RO         1507    .ARM.Collect$$_printf_percent$$00000008  c_p.l(_printf_i.o)
    0x0800018e   0x0800018e   0x0000000a   Code   RO         1508    .ARM.Collect$$_printf_percent$$00000009  c_p.l(_printf_d.o)
    0x08000198   0x08000198   0x0000000a   Code   RO         1509    .ARM.Collect$$_printf_percent$$0000000A  c_p.l(_printf_u.o)
    0x080001a2   0x080001a2   0x0000000a   Code   RO         1506    .ARM.Collect$$_printf_percent$$0000000B  c_p.l(_printf_o.o)
    0x080001ac   0x080001ac   0x0000000a   Code   RO         1504    .ARM.Collect$$_printf_percent$$0000000C  c_p.l(_printf_x.o)
    0x080001b6   0x080001b6   0x0000000a   Code   RO         1515    .ARM.Collect$$_printf_percent$$0000000D  c_p.l(_printf_lli.o)
    0x080001c0   0x080001c0   0x0000000a   Code   RO         1516    .ARM.Collect$$_printf_percent$$0000000E  c_p.l(_printf_lld.o)
    0x080001ca   0x080001ca   0x0000000a   Code   RO         1517    .ARM.Collect$$_printf_percent$$0000000F  c_p.l(_printf_llu.o)
    0x080001d4   0x080001d4   0x0000000a   Code   RO         1522    .ARM.Collect$$_printf_percent$$00000010  c_p.l(_printf_llo.o)
    0x080001de   0x080001de   0x0000000a   Code   RO         1523    .ARM.Collect$$_printf_percent$$00000011  c_p.l(_printf_llx.o)
    0x080001e8   0x080001e8   0x0000000a   Code   RO         1519    .ARM.Collect$$_printf_percent$$00000012  c_p.l(_printf_l.o)
    0x080001f2   0x080001f2   0x0000000a   Code   RO         1501    .ARM.Collect$$_printf_percent$$00000013  c_p.l(_printf_c.o)
    0x080001fc   0x080001fc   0x0000000a   Code   RO         1502    .ARM.Collect$$_printf_percent$$00000014  c_p.l(_printf_s.o)
    0x08000206   0x08000206   0x0000000a   Code   RO         1520    .ARM.Collect$$_printf_percent$$00000015  c_p.l(_printf_lc.o)
    0x08000210   0x08000210   0x0000000a   Code   RO         1521    .ARM.Collect$$_printf_percent$$00000016  c_p.l(_printf_ls.o)
    0x0800021a   0x0800021a   0x00000004   Code   RO         1566    .ARM.Collect$$_printf_percent$$00000017  c_p.l(_printf_percent_end.o)
    0x0800021e   0x0800021e   0x00000002   Code   RO         1612    .ARM.Collect$$libinit$$00000000  c_p.l(libinit.o)
    0x08000220   0x08000220   0x00000000   Code   RO         1638    .ARM.Collect$$libinit$$00000002  c_p.l(libinit2.o)
    0x08000220   0x08000220   0x00000000   Code   RO         1640    .ARM.Collect$$libinit$$00000004  c_p.l(libinit2.o)
    0x08000220   0x08000220   0x00000000   Code   RO         1642    .ARM.Collect$$libinit$$00000006  c_p.l(libinit2.o)
    0x08000220   0x08000220   0x00000000   Code   RO         1645    .ARM.Collect$$libinit$$0000000C  c_p.l(libinit2.o)
    0x08000220   0x08000220   0x00000000   Code   RO         1647    .ARM.Collect$$libinit$$0000000E  c_p.l(libinit2.o)
    0x08000220   0x08000220   0x00000000   Code   RO         1649    .ARM.Collect$$libinit$$00000010  c_p.l(libinit2.o)
    0x08000220   0x08000220   0x00000006   Code   RO         1650    .ARM.Collect$$libinit$$00000011  c_p.l(libinit2.o)
    0x08000226   0x08000226   0x00000000   Code   RO         1652    .ARM.Collect$$libinit$$00000013  c_p.l(libinit2.o)
    0x08000226   0x08000226   0x0000000c   Code   RO         1653    .ARM.Collect$$libinit$$00000014  c_p.l(libinit2.o)
    0x08000232   0x08000232   0x00000000   Code   RO         1654    .ARM.Collect$$libinit$$00000015  c_p.l(libinit2.o)
    0x08000232   0x08000232   0x00000000   Code   RO         1656    .ARM.Collect$$libinit$$00000017  c_p.l(libinit2.o)
    0x08000232   0x08000232   0x0000000a   Code   RO         1657    .ARM.Collect$$libinit$$00000018  c_p.l(libinit2.o)
    0x0800023c   0x0800023c   0x00000000   Code   RO         1658    .ARM.Collect$$libinit$$00000019  c_p.l(libinit2.o)
    0x0800023c   0x0800023c   0x00000000   Code   RO         1660    .ARM.Collect$$libinit$$0000001B  c_p.l(libinit2.o)
    0x0800023c   0x0800023c   0x00000000   Code   RO         1662    .ARM.Collect$$libinit$$0000001D  c_p.l(libinit2.o)
    0x0800023c   0x0800023c   0x00000000   Code   RO         1664    .ARM.Collect$$libinit$$0000001F  c_p.l(libinit2.o)
    0x0800023c   0x0800023c   0x00000000   Code   RO         1666    .ARM.Collect$$libinit$$00000021  c_p.l(libinit2.o)
    0x0800023c   0x0800023c   0x00000000   Code   RO         1668    .ARM.Collect$$libinit$$00000023  c_p.l(libinit2.o)
    0x0800023c   0x0800023c   0x00000000   Code   RO         1670    .ARM.Collect$$libinit$$00000025  c_p.l(libinit2.o)
    0x0800023c   0x0800023c   0x00000000   Code   RO         1672    .ARM.Collect$$libinit$$00000027  c_p.l(libinit2.o)
    0x0800023c   0x0800023c   0x00000000   Code   RO         1676    .ARM.Collect$$libinit$$0000002E  c_p.l(libinit2.o)
    0x0800023c   0x0800023c   0x00000000   Code   RO         1678    .ARM.Collect$$libinit$$00000030  c_p.l(libinit2.o)
    0x0800023c   0x0800023c   0x00000000   Code   RO         1680    .ARM.Collect$$libinit$$00000032  c_p.l(libinit2.o)
    0x0800023c   0x0800023c   0x00000000   Code   RO         1682    .ARM.Collect$$libinit$$00000034  c_p.l(libinit2.o)
    0x0800023c   0x0800023c   0x00000002   Code   RO         1683    .ARM.Collect$$libinit$$00000035  c_p.l(libinit2.o)
    0x0800023e   0x0800023e   0x00000002   Code   RO         1709    .ARM.Collect$$libshutdown$$00000000  c_p.l(libshutdown.o)
    0x08000240   0x08000240   0x00000000   Code   RO         1733    .ARM.Collect$$libshutdown$$00000002  c_p.l(libshutdown2.o)
    0x08000240   0x08000240   0x00000000   Code   RO         1735    .ARM.Collect$$libshutdown$$00000004  c_p.l(libshutdown2.o)
    0x08000240   0x08000240   0x00000000   Code   RO         1738    .ARM.Collect$$libshutdown$$00000007  c_p.l(libshutdown2.o)
    0x08000240   0x08000240   0x00000000   Code   RO         1741    .ARM.Collect$$libshutdown$$0000000A  c_p.l(libshutdown2.o)
    0x08000240   0x08000240   0x00000000   Code   RO         1743    .ARM.Collect$$libshutdown$$0000000C  c_p.l(libshutdown2.o)
    0x08000240   0x08000240   0x00000000   Code   RO         1746    .ARM.Collect$$libshutdown$$0000000F  c_p.l(libshutdown2.o)
    0x08000240   0x08000240   0x00000002   Code   RO         1747    .ARM.Collect$$libshutdown$$00000010  c_p.l(libshutdown2.o)
    0x08000242   0x08000242   0x00000000   Code   RO         1430    .ARM.Collect$$rtentry$$00000000  c_p.l(__rtentry.o)
    0x08000242   0x08000242   0x00000000   Code   RO         1533    .ARM.Collect$$rtentry$$00000002  c_p.l(__rtentry2.o)
    0x08000242   0x08000242   0x00000006   Code   RO         1545    .ARM.Collect$$rtentry$$00000004  c_p.l(__rtentry4.o)
    0x08000248   0x08000248   0x00000000   Code   RO         1535    .ARM.Collect$$rtentry$$00000009  c_p.l(__rtentry2.o)
    0x08000248   0x08000248   0x00000004   Code   RO         1536    .ARM.Collect$$rtentry$$0000000A  c_p.l(__rtentry2.o)
    0x0800024c   0x0800024c   0x00000000   Code   RO         1538    .ARM.Collect$$rtentry$$0000000C  c_p.l(__rtentry2.o)
    0x0800024c   0x0800024c   0x00000008   Code   RO         1539    .ARM.Collect$$rtentry$$0000000D  c_p.l(__rtentry2.o)
    0x08000254   0x08000254   0x00000002   Code   RO         1622    .ARM.Collect$$rtexit$$00000000  c_p.l(rtexit.o)
    0x08000256   0x08000256   0x00000000   Code   RO         1685    .ARM.Collect$$rtexit$$00000002  c_p.l(rtexit2.o)
    0x08000256   0x08000256   0x00000004   Code   RO         1686    .ARM.Collect$$rtexit$$00000003  c_p.l(rtexit2.o)
    0x0800025a   0x0800025a   0x00000006   Code   RO         1687    .ARM.Collect$$rtexit$$00000004  c_p.l(rtexit2.o)
    0x08000260   0x08000260   0x00000034   Code   RO            4    .text               startup_stm32g030xx.o
    0x08000294   0x08000294   0x00000002   Code   RO         1414    .text               c_p.l(use_no_semi_2.o)
    0x08000296   0x08000296   0x00000002   PAD
    0x08000298   0x08000298   0x0000001c   Code   RO         1416    .text               c_p.l(printf.o)
    0x080002b4   0x080002b4   0x00000040   Code   RO         1418    .text               c_p.l(rt_memclr.o)
    0x080002f4   0x080002f4   0x0000016c   Code   RO         1420    .text               c_p.l(aeabi_sdiv.o)
    0x08000460   0x08000460   0x00000006   Code   RO         1424    .text               c_p.l(heapauxi.o)
    0x08000466   0x08000466   0x00000002   Code   RO         1428    .text               c_p.l(use_no_semi.o)
    0x08000468   0x08000468   0x0000004e   Code   RO         1437    .text               c_p.l(_printf_pad.o)
    0x080004b6   0x080004b6   0x00000024   Code   RO         1439    .text               c_p.l(_printf_truncate.o)
    0x080004da   0x080004da   0x00000052   Code   RO         1441    .text               c_p.l(_printf_str.o)
    0x0800052c   0x0800052c   0x0000006c   Code   RO         1443    .text               c_p.l(_printf_dec.o)
    0x08000598   0x08000598   0x00000026   Code   RO         1445    .text               c_p.l(_printf_charcount.o)
    0x080005be   0x080005be   0x00000002   PAD
    0x080005c0   0x080005c0   0x00000028   Code   RO         1447    .text               c_p.l(_printf_char_file.o)
    0x080005e8   0x080005e8   0x000000bc   Code   RO         1449    .text               c_p.l(_printf_wctomb.o)
    0x080006a4   0x080006a4   0x00000070   Code   RO         1452    .text               c_p.l(_printf_longlong_dec.o)
    0x08000714   0x08000714   0x00000070   Code   RO         1458    .text               c_p.l(_printf_oct_int_ll.o)
    0x08000784   0x08000784   0x00000098   Code   RO         1478    .text               c_p.l(_printf_hex_int_ll_ptr.o)
    0x0800081c   0x0800081c   0x00000188   Code   RO         1498    .text               c_p.l(__printf_flags_ss_wp.o)
    0x080009a4   0x080009a4   0x0000007a   Code   RO         1549    .text               c_p.l(lludiv10.o)
    0x08000a1e   0x08000a1e   0x000000b0   Code   RO         1551    .text               c_p.l(_printf_intcommon.o)
    0x08000ace   0x08000ace   0x00000002   PAD
    0x08000ad0   0x08000ad0   0x00000414   Code   RO         1553    .text               c_p.l(_printf_fp_dec.o)
    0x08000ee4   0x08000ee4   0x000002d8   Code   RO         1557    .text               c_p.l(_printf_fp_hex.o)
    0x080011bc   0x080011bc   0x00000030   Code   RO         1560    .text               c_p.l(_printf_char_common.o)
    0x080011ec   0x080011ec   0x0000002e   Code   RO         1562    .text               c_p.l(_printf_char.o)
    0x0800121a   0x0800121a   0x0000002e   Code   RO         1564    .text               c_p.l(_printf_wchar.o)
    0x08001248   0x08001248   0x00000008   Code   RO         1567    .text               c_p.l(ferror.o)
    0x08001250   0x08001250   0x00000042   Code   RO         1571    .text               c_p.l(_c16rtomb.o)
    0x08001292   0x08001292   0x00000028   Code   RO         1573    .text               c_p.l(rtudiv10.o)
    0x080012ba   0x080012ba   0x0000003e   Code   RO         1575    .text               c_p.l(sys_stackheap_outer.o)
    0x080012f8   0x080012f8   0x00000010   Code   RO         1578    .text               c_p.l(rt_ctype_table.o)
    0x08001308   0x08001308   0x00000008   Code   RO         1583    .text               c_p.l(rt_locale_intlibspace.o)
    0x08001310   0x08001310   0x00000088   Code   RO         1585    .text               c_p.l(_printf_fp_infnan.o)
    0x08001398   0x08001398   0x000000d8   Code   RO         1589    .text               c_p.l(bigflt0.o)
    0x08001470   0x08001470   0x00000580   Code   RO         1592    .text               c_p.l(btod.o)
    0x080019f0   0x080019f0   0x00000010   Code   RO         1601    .text               c_p.l(exit.o)
    0x08001a00   0x08001a00   0x00000008   Code   RO         1618    .text               c_p.l(libspace.o)
    0x08001a08   0x08001a08   0x00000088   Code   RO         1635    .text               c_p.l(strcmp.o)
    0x08001a90   0x08001a90   0x00000026   Code   RO         1401    .text.AT24C02_I2C_Config  at24cxx.o
    0x08001ab6   0x08001ab6   0x00000026   Code   RO         1399    .text.AT24C02_Init  at24cxx.o
    0x08001adc   0x08001adc   0x00000008   Code   RO         1397    .text.AT24CXX_Init  at24cxx.o
    0x08001ae4   0x08001ae4   0x000000d4   Code   RO         1393    .text.AT24CXX_Print_Buffer  at24cxx.o
    0x08001bb8   0x08001bb8   0x00000048   Code   RO         1391    .text.AT24CXX_Print_Read_Buffer  at24cxx.o
    0x08001c00   0x08001c00   0x0000005a   Code   RO         1379    .text.AT24CXX_Read  at24cxx.o
    0x08001c5a   0x08001c5a   0x00000024   Code   RO         1381    .text.AT24CXX_Read_MultiByte  at24cxx.o
    0x08001c7e   0x08001c7e   0x00000006   Code   RO         1245    .text.Error_Handler  sys.o
    0x08001c84   0x08001c84   0x000000c0   Code   RO         1203    .text.HAL_DMA_Abort  stm32g0xx_hal_dma.o
    0x08001d44   0x08001d44   0x000000bc   Code   RO         1205    .text.HAL_DMA_Abort_IT  stm32g0xx_hal_dma.o
    0x08001e00   0x08001e00   0x000002d0   Code   RO          303    .text.HAL_GPIO_Init  stm32g0xx_hal_gpio.o
    0x080020d0   0x080020d0   0x0000000c   Code   RO           64    .text.HAL_GetTick   stm32g0xx_hal.o
    0x080020dc   0x080020dc   0x00000096   Code   RO         1170    .text.HAL_I2CEx_ConfigAnalogFilter  stm32g0xx_hal_i2c_ex.o
    0x08002172   0x08002172   0x000000a0   Code   RO         1172    .text.HAL_I2CEx_ConfigDigitalFilter  stm32g0xx_hal_i2c_ex.o
    0x08002212   0x08002212   0x00000002   PAD
    0x08002214   0x08002214   0x0000010c   Code   RO         1005    .text.HAL_I2C_Init  stm32g0xx_hal_i2c.o
    0x08002320   0x08002320   0x00000268   Code   RO         1071    .text.HAL_I2C_Mem_Read  stm32g0xx_hal_i2c.o
    0x08002588   0x08002588   0x0000007c   Code   RO         1330    .text.HAL_I2C_MspInit  iic.o
    0x08002604   0x08002604   0x00000014   Code   RO           62    .text.HAL_IncTick   stm32g0xx_hal.o
    0x08002618   0x08002618   0x00000038   Code   RO           52    .text.HAL_Init      stm32g0xx_hal.o
    0x08002650   0x08002650   0x0000007c   Code   RO           54    .text.HAL_InitTick  stm32g0xx_hal.o
    0x080026cc   0x080026cc   0x00000002   Code   RO           56    .text.HAL_MspInit   stm32g0xx_hal.o
    0x080026ce   0x080026ce   0x00000016   Code   RO          124    .text.HAL_NVIC_EnableIRQ  stm32g0xx_hal_cortex.o
    0x080026e4   0x080026e4   0x0000001c   Code   RO          120    .text.HAL_NVIC_SetPriority  stm32g0xx_hal_cortex.o
    0x08002700   0x08002700   0x0000007c   Code   RO          232    .text.HAL_PWREx_ControlVoltageScaling  stm32g0xx_hal_pwr_ex.o
    0x0800277c   0x0800277c   0x00000254   Code   RO          249    .text.HAL_RCC_ClockConfig  stm32g0xx_hal_rcc.o
    0x080029d0   0x080029d0   0x0000000c   Code   RO          255    .text.HAL_RCC_GetHCLKFreq  stm32g0xx_hal_rcc.o
    0x080029dc   0x080029dc   0x00000028   Code   RO          257    .text.HAL_RCC_GetPCLK1Freq  stm32g0xx_hal_rcc.o
    0x08002a04   0x08002a04   0x00000120   Code   RO          251    .text.HAL_RCC_GetSysClockFreq  stm32g0xx_hal_rcc.o
    0x08002b24   0x08002b24   0x000006a4   Code   RO          247    .text.HAL_RCC_OscConfig  stm32g0xx_hal_rcc.o
    0x080031c8   0x080031c8   0x0000002c   Code   RO          156    .text.HAL_SYSTICK_CLKSourceConfig  stm32g0xx_hal_cortex.o
    0x080031f4   0x080031f4   0x00000010   Code   RO          136    .text.HAL_SYSTICK_Config  stm32g0xx_hal_cortex.o
    0x08003204   0x08003204   0x00000008   Code   RO          992    .text.HAL_TIMEx_Break2Callback  stm32g0xx_hal_tim_ex.o
    0x0800320c   0x0800320c   0x00000008   Code   RO          990    .text.HAL_TIMEx_BreakCallback  stm32g0xx_hal_tim_ex.o
    0x08003214   0x08003214   0x00000008   Code   RO          986    .text.HAL_TIMEx_CommutCallback  stm32g0xx_hal_tim_ex.o
    0x0800321c   0x0800321c   0x000000aa   Code   RO          653    .text.HAL_TIM_Base_Init  stm32g0xx_hal_tim.o
    0x080032c6   0x080032c6   0x00000002   PAD
    0x080032c8   0x080032c8   0x0000004c   Code   RO         1307    .text.HAL_TIM_Base_MspInit  tim.o
    0x08003314   0x08003314   0x000000a0   Code   RO          667    .text.HAL_TIM_Base_Start_IT  stm32g0xx_hal_tim.o
    0x080033b4   0x080033b4   0x00000008   Code   RO          789    .text.HAL_TIM_IC_CaptureCallback  stm32g0xx_hal_tim.o
    0x080033bc   0x080033bc   0x000002a4   Code   RO          787    .text.HAL_TIM_IRQHandler  stm32g0xx_hal_tim.o
    0x08003660   0x08003660   0x00000008   Code   RO          791    .text.HAL_TIM_OC_DelayElapsedCallback  stm32g0xx_hal_tim.o
    0x08003668   0x08003668   0x00000008   Code   RO          793    .text.HAL_TIM_PWM_PulseFinishedCallback  stm32g0xx_hal_tim.o
    0x08003670   0x08003670   0x00000068   Code   RO         1313    .text.HAL_TIM_PeriodElapsedCallback  tim.o
    0x080036d8   0x080036d8   0x00000008   Code   RO          797    .text.HAL_TIM_TriggerCallback  stm32g0xx_hal_tim.o
    0x080036e0   0x080036e0   0x0000000c   Code   RO          422    .text.HAL_UARTEx_RxEventCallback  stm32g0xx_hal_uart.o
    0x080036ec   0x080036ec   0x00000008   Code   RO          480    .text.HAL_UARTEx_RxFifoFullCallback  stm32g0xx_hal_uart_ex.o
    0x080036f4   0x080036f4   0x00000008   Code   RO          482    .text.HAL_UARTEx_TxFifoEmptyCallback  stm32g0xx_hal_uart_ex.o
    0x080036fc   0x080036fc   0x00000008   Code   RO          478    .text.HAL_UARTEx_WakeupCallback  stm32g0xx_hal_uart_ex.o
    0x08003704   0x08003704   0x00000008   Code   RO          420    .text.HAL_UART_ErrorCallback  stm32g0xx_hal_uart.o
    0x0800370c   0x0800370c   0x00000574   Code   RO          416    .text.HAL_UART_IRQHandler  stm32g0xx_hal_uart.o
    0x08003c80   0x08003c80   0x000000b4   Code   RO          328    .text.HAL_UART_Init  stm32g0xx_hal_uart.o
    0x08003d34   0x08003d34   0x00000088   Code   RO         1290    .text.HAL_UART_MspInit  usart.o
    0x08003dbc   0x08003dbc   0x000000e8   Code   RO          364    .text.HAL_UART_Receive_IT  stm32g0xx_hal_uart.o
    0x08003ea4   0x08003ea4   0x000000b4   Code   RO         1288    .text.HAL_UART_RxCpltCallback  usart.o
    0x08003f58   0x08003f58   0x00000008   Code   RO          426    .text.HAL_UART_TxCpltCallback  stm32g0xx_hal_uart.o
    0x08003f60   0x08003f60   0x00000004   Code   RO           23    .text.HardFault_Handler  stm32g0xx_it.o
    0x08003f64   0x08003f64   0x00000084   Code   RO         1328    .text.I2C2_Init     iic.o
    0x08003fe8   0x08003fe8   0x0000005c   Code   RO         1324    .text.I2C2_Read     iic.o
    0x08004044   0x08004044   0x00000040   Code   RO         1145    .text.I2C_Flush_TXDR  stm32g0xx_hal_i2c.o
    0x08004084   0x08004084   0x0000010c   Code   RO         1161    .text.I2C_IsAcknowledgeFailed  stm32g0xx_hal_i2c.o
    0x08004190   0x08004190   0x000000bc   Code   RO         1073    .text.I2C_RequestMemoryRead  stm32g0xx_hal_i2c.o
    0x0800424c   0x0800424c   0x00000050   Code   RO         1017    .text.I2C_TransferConfig  stm32g0xx_hal_i2c.o
    0x0800429c   0x0800429c   0x0000008e   Code   RO         1015    .text.I2C_WaitOnFlagUntilTimeout  stm32g0xx_hal_i2c.o
    0x0800432a   0x0800432a   0x0000008c   Code   RO         1021    .text.I2C_WaitOnSTOPFlagUntilTimeout  stm32g0xx_hal_i2c.o
    0x080043b6   0x080043b6   0x00000098   Code   RO         1019    .text.I2C_WaitOnTXISFlagUntilTimeout  stm32g0xx_hal_i2c.o
    0x0800444e   0x0800444e   0x00000002   PAD
    0x08004450   0x08004450   0x00000010   Code   RO          259    .text.LL_RCC_GetAPB1Prescaler  stm32g0xx_hal_rcc.o
    0x08004460   0x08004460   0x00000004   Code   RO           21    .text.NMI_Handler   stm32g0xx_it.o
    0x08004464   0x08004464   0x00000002   Code   RO           27    .text.PendSV_Handler  stm32g0xx_it.o
    0x08004466   0x08004466   0x00000002   Code   RO           25    .text.SVC_Handler   stm32g0xx_it.o
    0x08004468   0x08004468   0x00000064   Code   RO         1355    .text.Seg_Clear     seg.o
    0x080044cc   0x080044cc   0x000000f0   Code   RO         1365    .text.Seg_GPIO_Config  seg.o
    0x080045bc   0x080045bc   0x0000009e   Code   RO         1363    .text.Seg_Init      seg.o
    0x0800465a   0x0800465a   0x00000008   Code   RO         1367    .text.Seg_Map_Init  seg.o
    0x08004662   0x08004662   0x00000002   PAD
    0x08004664   0x08004664   0x0000009c   Code   RO         1357    .text.Seg_Show_1_Num  seg.o
    0x08004700   0x08004700   0x000000f6   Code   RO         1359    .text.Seg_Show_Num  seg.o
    0x080047f6   0x080047f6   0x00000002   PAD
    0x080047f8   0x080047f8   0x00000050   Code   RO          138    .text.SysTick_Config  stm32g0xx_hal_cortex.o
    0x08004848   0x08004848   0x00000008   Code   RO           29    .text.SysTick_Handler  stm32g0xx_it.o
    0x08004850   0x08004850   0x00000002   Code   RO           38    .text.SystemInit    system_stm32g0xx.o
    0x08004852   0x08004852   0x00000002   PAD
    0x08004854   0x08004854   0x0000000c   Code   RO         1311    .text.TIM14_IRQHandler  tim.o
    0x08004860   0x08004860   0x00000048   Code   RO         1305    .text.TIM14_Init    tim.o
    0x080048a8   0x080048a8   0x000000e8   Code   RO          657    .text.TIM_Base_SetConfig  stm32g0xx_hal_tim.o
    0x08004990   0x08004990   0x0000015a   Code   RO          334    .text.UART_AdvFeatureConfig  stm32g0xx_hal_uart.o
    0x08004aea   0x08004aea   0x00000002   PAD
    0x08004aec   0x08004aec   0x000000a8   Code   RO          336    .text.UART_CheckIdleState  stm32g0xx_hal_uart.o
    0x08004b94   0x08004b94   0x00000024   Code   RO          418    .text.UART_DMAAbortOnError  stm32g0xx_hal_uart.o
    0x08004bb8   0x08004bb8   0x000000b8   Code   RO          388    .text.UART_EndRxTransfer  stm32g0xx_hal_uart.o
    0x08004c70   0x08004c70   0x0000004c   Code   RO          424    .text.UART_EndTransmit_IT  stm32g0xx_hal_uart.o
    0x08004cbc   0x08004cbc   0x00000140   Code   RO          460    .text.UART_RxISR_16BIT  stm32g0xx_hal_uart.o
    0x08004dfc   0x08004dfc   0x000002d8   Code   RO          456    .text.UART_RxISR_16BIT_FIFOEN  stm32g0xx_hal_uart.o
    0x080050d4   0x080050d4   0x0000013c   Code   RO          462    .text.UART_RxISR_8BIT  stm32g0xx_hal_uart.o
    0x08005210   0x08005210   0x000002d4   Code   RO          458    .text.UART_RxISR_8BIT_FIFOEN  stm32g0xx_hal_uart.o
    0x080054e4   0x080054e4   0x000002d0   Code   RO          332    .text.UART_SetConfig  stm32g0xx_hal_uart.o
    0x080057b4   0x080057b4   0x0000022c   Code   RO          366    .text.UART_Start_Receive_IT  stm32g0xx_hal_uart.o
    0x080059e0   0x080059e0   0x00000192   Code   RO          350    .text.UART_WaitOnFlagUntilTimeout  stm32g0xx_hal_uart.o
    0x08005b72   0x08005b72   0x00000002   PAD
    0x08005b74   0x08005b74   0x00000040   Code   RO         1286    .text.USART1_IRQHandler  usart.o
    0x08005bb4   0x08005bb4   0x0000002c   Code   RO          126    .text.__NVIC_EnableIRQ  stm32g0xx_hal_cortex.o
    0x08005be0   0x08005be0   0x00000084   Code   RO          122    .text.__NVIC_SetPriority  stm32g0xx_hal_cortex.o
    0x08005c64   0x08005c64   0x00000008   Code   RO         1276    .text._sys_exit     usart.o
    0x08005c6c   0x08005c6c   0x00000020   Code   RO         1264    .text.delay_Init    delay.o
    0x08005c8c   0x08005c8c   0x0000005c   Code   RO         1262    .text.delay_ms      delay.o
    0x08005ce8   0x08005ce8   0x00000094   Code   RO         1260    .text.delay_us      delay.o
    0x08005d7c   0x08005d7c   0x0000002c   Code   RO         1280    .text.fputc         usart.o
    0x08005da8   0x08005da8   0x000000c0   Code   RO           11    .text.main          main.o
    0x08005e68   0x08005e68   0x00000028   Code   RO         1361    .text.my_pow        seg.o
    0x08005e90   0x08005e90   0x0000006c   Code   RO         1243    .text.sys_stm32_clock_init  sys.o
    0x08005efc   0x08005efc   0x0000006c   Code   RO         1284    .text.uart_init     usart.o
    0x08005f68   0x08005f68   0x00000030   Code   RO         1594    i.__ARM_common_ll_muluu  c_p.l(btod.o)
    0x08005f98   0x08005f98   0x0000002c   Code   RO         1616    i.__ARM_fpclassify  m_ps.l(fpclassify.o)
    0x08005fc4   0x08005fc4   0x0000000e   Code   RO         1491    i._is_digit         c_p.l(__printf_wp.o)
    0x08005fd2   0x08005fd2   0x00000002   PAD
    0x08005fd4   0x08005fd4   0x0000002c   Code   RO         1599    locale$$code        c_p.l(lc_numeric_c.o)
    0x08006000   0x08006000   0x0000002c   Code   RO         1629    locale$$code        c_p.l(lc_ctype_c.o)
    0x0800602c   0x0800602c   0x00000010   Code   RO         1524    x$fpl$printf1       fz_ps.l(printf1.o)
    0x0800603c   0x0800603c   0x00000010   Code   RO         1526    x$fpl$printf2       fz_ps.l(printf2.o)
    0x0800604c   0x0800604c   0x00000000   Code   RO         1615    x$fpl$usenofp       fz_ps.l(usenofp.o)
    0x0800604c   0x0800604c   0x00000008   Data   RO         1450    .constdata          c_p.l(_printf_wctomb.o)
    0x08006054   0x08006054   0x00000028   Data   RO         1479    .constdata          c_p.l(_printf_hex_int_ll_ptr.o)
    0x0800607c   0x0800607c   0x00000011   Data   RO         1499    .constdata          c_p.l(__printf_flags_ss_wp.o)
    0x0800608d   0x0800608d   0x00000026   Data   RO         1558    .constdata          c_p.l(_printf_fp_hex.o)
    0x080060b3   0x080060b3   0x00000001   PAD
    0x080060b4   0x080060b4   0x00000094   Data   RO         1590    .constdata          c_p.l(bigflt0.o)
    0x08006148   0x08006148   0x00000040   Data   RO           43    .rodata.AHBPrescTable  system_stm32g0xx.o
    0x08006188   0x08006188   0x00000020   Data   RO           44    .rodata.APBPrescTable  system_stm32g0xx.o
    0x080061a8   0x080061a8   0x0000000a   Data   RO         1369    .rodata.Seg_Num_Table  seg.o
    0x080061b2   0x080061b2   0x00000018   Data   RO          468    .rodata.UARTPrescTable  stm32g0xx_hal_uart.o
    0x080061ca   0x080061ca   0x00000065   Data   RO         1294    .rodata.str1.1      usart.o
    0x0800622f   0x0800622f   0x000000e0   Data   RO         1405    .rodata.str1.1      at24cxx.o
    0x0800630f   0x0800630f   0x00000001   PAD
    0x08006310   0x08006310   0x00000020   Data   RO         1749    Region$$Table       anon$$obj.o
    0x08006330   0x08006330   0x0000001c   Data   RO         1598    locale$$data        c_p.l(lc_numeric_c.o)
    0x0800634c   0x0800634c   0x00000110   Data   RO         1628    locale$$data        c_p.l(lc_ctype_c.o)


    Execution Region RW_IRAM1 (Exec base: 0x20000000, Load base: 0x08006460, Size: 0x000007c8, Max: 0x00002000, ABSOLUTE)

    Exec Addr    Load Addr    Size         Type   Attr      Idx    E Section Name        Object

    0x20000000   0x08006460   0x00000004   Data   RW           14    .ARM.use_no_argv    main.o
    0x20000004   0x08006464   0x00000004   Data   RW           42    .data.SystemCoreClock  system_stm32g0xx.o
    0x20000008   0x08006468   0x00000001   Data   RW          111    .data.uwTickFreq    stm32g0xx_hal.o
    0x20000009   0x08006469   0x00000003   PAD
    0x2000000c   0x0800646c   0x00000004   Data   RW          110    .data.uwTickPrio    stm32g0xx_hal.o
    0x20000010        -       0x00000060   Zero   RW         1619    .bss                c_p.l(libspace.o)
    0x20000070        -       0x00000100   Zero   RW         1404    .bss.EE_Read_Buffer  at24cxx.o
    0x20000170        -       0x00000004   Zero   RW         1315    .bss.Global_Timer_Tick_Ms  tim.o
    0x20000174        -       0x000000c8   Zero   RW         1296    .bss.USART_RX_BUF   usart.o
    0x2000023c        -       0x00000002   Zero   RW         1293    .bss.USART_RX_STA   usart.o
    0x2000023e        -       0x00000001   Zero   RW         1295    .bss._1RxBuffer     usart.o
    0x2000023f   0x08006470   0x00000001   PAD
    0x20000240        -       0x00000054   Zero   RW         1297    .bss.__stdout       usart.o
    0x20000294        -       0x00000004   Zero   RW         1266    .bss.fac_us         delay.o
    0x20000298        -       0x0000004c   Zero   RW         1332    .bss.hi2c2          iic.o
    0x200002e4        -       0x0000004c   Zero   RW         1316    .bss.htim14         tim.o
    0x20000330        -       0x00000090   Zero   RW         1292    .bss.huart1         usart.o
    0x200003c0        -       0x00000001   Zero   RW           13    .bss.main_Task_Flag  main.o
    0x200003c1   0x08006470   0x00000003   PAD
    0x200003c4        -       0x00000004   Zero   RW          112    .bss.uwTick         stm32g0xx_hal.o
    0x200003c8        -       0x00000000   Zero   RW            2    HEAP                startup_stm32g030xx.o
    0x200003c8        -       0x00000400   Zero   RW            1    STACK               startup_stm32g030xx.o


==============================================================================

Image component sizes


      Code (inc. data)   RO Data    RW Data    ZI Data      Debug   Object Name

       494         32        224          0        256       3743   at24cxx.o
       272         28          0          0          4       1426   delay.o
       348         24          0          0         76       5693   iic.o
       192         16          0          4          1        826   main.o
       948         24         10          0          0       4137   seg.o
        52         22        192          0       1024        652   startup_stm32g030xx.o
       214         12          0          5          4       6376   stm32g0xx_hal.o
       366         28          0          0          0       6005   stm32g0xx_hal_cortex.o
       380          4          0          0          0       7264   stm32g0xx_hal_dma.o
       720         32          0          0          0       4339   stm32g0xx_hal_gpio.o
      1918         28          0          0          0      34754   stm32g0xx_hal_i2c.o
       310          0          0          0          0       5828   stm32g0xx_hal_i2c_ex.o
       124         12          0          0          0       3917   stm32g0xx_hal_pwr_ex.o
      2652        124          0          0          0       8810   stm32g0xx_hal_rcc.o
      1270         36          0          0          0      37215   stm32g0xx_hal_tim.o
        24          0          0          0          0      17745   stm32g0xx_hal_tim_ex.o
      6412        180         24          0          0      40118   stm32g0xx_hal_uart.o
        24          0          0          0          0       9503   stm32g0xx_hal_uart_ex.o
        20          0          0          0          0        694   stm32g0xx_it.o
       114          0          0          0          0       1874   sys.o
         2          0         96          4          0       1830   system_stm32g0xx.o
       264         32          0          0         80       5982   tim.o
       540         64        101          0        431       7191   usart.o

    ----------------------------------------------------------------------
     17676        698        680         16       1880     215922   Object Totals
         0          0         32          0          0          0   (incl. Generated)
        16          0          1          3          4          0   (incl. Padding)

    ----------------------------------------------------------------------

      Code (inc. data)   RO Data    RW Data    ZI Data      Debug   Library Member Name

         8          0          0          0          0         68   __main.o
       392          6         17          0          0         76   __printf_flags_ss_wp.o
        14          0          0          0          0         60   __printf_wp.o
         0          0          0          0          0          0   __rtentry.o
        12          0          0          0          0          0   __rtentry2.o
         6          0          0          0          0          0   __rtentry4.o
        60          8          0          0          0          0   __scatter.o
        26          0          0          0          0          0   __scatter_copy.o
        28          0          0          0          0          0   __scatter_zi.o
        66          0          0          0          0         76   _c16rtomb.o
        10          0          0          0          0          0   _printf_a.o
        10          0          0          0          0          0   _printf_c.o
        46          0          0          0          0        100   _printf_char.o
        48          6          0          0          0         88   _printf_char_common.o
        40          6          0          0          0         72   _printf_char_file.o
        38          0          0          0          0         60   _printf_charcount.o
        10          0          0          0          0          0   _printf_d.o
       108         18          0          0          0         76   _printf_dec.o
        10          0          0          0          0          0   _printf_e.o
        10          0          0          0          0          0   _printf_f.o
      1044         12          0          0          0        116   _printf_fp_dec.o
       728         10         38          0          0         84   _printf_fp_hex.o
       136         16          0          0          0         76   _printf_fp_infnan.o
        10          0          0          0          0          0   _printf_g.o
       152          4         40          0          0        148   _printf_hex_int_ll_ptr.o
        10          0          0          0          0          0   _printf_i.o
       176          0          0          0          0         84   _printf_intcommon.o
        10          0          0          0          0          0   _printf_l.o
        10          0          0          0          0          0   _printf_lc.o
        10          0          0          0          0          0   _printf_ll.o
        10          0          0          0          0          0   _printf_lld.o
        10          0          0          0          0          0   _printf_lli.o
        10          0          0          0          0          0   _printf_llo.o
        10          0          0          0          0          0   _printf_llu.o
        10          0          0          0          0          0   _printf_llx.o
       112         18          0          0          0         76   _printf_longlong_dec.o
        10          0          0          0          0          0   _printf_ls.o
        10          0          0          0          0          0   _printf_n.o
        10          0          0          0          0          0   _printf_o.o
       112         10          0          0          0        112   _printf_oct_int_ll.o
        10          0          0          0          0          0   _printf_p.o
        78          0          0          0          0        100   _printf_pad.o
         2          0          0          0          0          0   _printf_percent.o
         4          0          0          0          0          0   _printf_percent_end.o
        10          0          0          0          0          0   _printf_s.o
        82          0          0          0          0         72   _printf_str.o
        36          0          0          0          0         76   _printf_truncate.o
        10          0          0          0          0          0   _printf_u.o
        46          0          0          0          0        100   _printf_wchar.o
       188          6          8          0          0         80   _printf_wctomb.o
        10          0          0          0          0          0   _printf_x.o
       364          4          0          0          0         92   aeabi_sdiv.o
       216          6        148          0          0         80   bigflt0.o
      1456         30          0          0          0        336   btod.o
        16          0          0          0          0         68   exit.o
         8          0          0          0          0         60   ferror.o
         6          0          0          0          0        136   heapauxi.o
        44         10        272          0          0         76   lc_ctype_c.o
        44         10         28          0          0         76   lc_numeric_c.o
         2          0          0          0          0          0   libinit.o
        30          0          0          0          0          0   libinit2.o
         2          0          0          0          0          0   libshutdown.o
         2          0          0          0          0          0   libshutdown2.o
         8          4          0          0         96         68   libspace.o
       122          0          0          0          0         72   lludiv10.o
        28          6          0          0          0         84   printf.o
        16          4          0          0          0         76   rt_ctype_table.o
         8          4          0          0          0         68   rt_locale_intlibspace.o
        64          0          0          0          0        108   rt_memclr.o
         2          0          0          0          0          0   rtexit.o
        10          0          0          0          0          0   rtexit2.o
        40          0          0          0          0         60   rtudiv10.o
       136          4          0          0          0         72   strcmp.o
        62          0          0          0          0         80   sys_stackheap_outer.o
         2          0          0          0          0         68   use_no_semi.o
         2          0          0          0          0         68   use_no_semi_2.o
        16          4          0          0          0         76   printf1.o
        16          4          0          0          0         76   printf2.o
         0          0          0          0          0          0   usenofp.o
        44          4          0          0          0         60   fpclassify.o

    ----------------------------------------------------------------------
      6784        214        552          0         96       3760   Library Totals
        10          0          1          0          0          0   (incl. Padding)

    ----------------------------------------------------------------------

      Code (inc. data)   RO Data    RW Data    ZI Data      Debug   Library Name

      6698        202        551          0         96       3548   c_p.l
        32          8          0          0          0        152   fz_ps.l
        44          4          0          0          0         60   m_ps.l

    ----------------------------------------------------------------------
      6784        214        552          0         96       3760   Library Totals

    ----------------------------------------------------------------------

==============================================================================


      Code (inc. data)   RO Data    RW Data    ZI Data      Debug   

     24460        912       1232         16       1976     217478   Grand Totals
     24460        912       1232         16       1976     217478   ELF Image Totals
     24460        912       1232         16          0          0   ROM Totals

==============================================================================

    Total RO  Size (Code + RO Data)                25692 (  25.09kB)
    Total RW  Size (RW Data + ZI Data)              1992 (   1.95kB)
    Total ROM Size (Code + RO Data + RW Data)      25708 (  25.11kB)

==============================================================================

