Component: Arm Compiler for Embedded 6.19 Tool: armlink [5e73cb00]

==============================================================================

Section Cross References

    startup_stm32g030xx.o(STACK) refers (Special) to heapauxi.o(.text) for __use_two_region_memory
    startup_stm32g030xx.o(HEAP) refers (Special) to heapauxi.o(.text) for __use_two_region_memory
    startup_stm32g030xx.o(RESET) refers (Special) to heapauxi.o(.text) for __use_two_region_memory
    startup_stm32g030xx.o(RESET) refers to startup_stm32g030xx.o(STACK) for __initial_sp
    startup_stm32g030xx.o(RESET) refers to startup_stm32g030xx.o(.text) for Reset_Handler
    startup_stm32g030xx.o(RESET) refers to stm32g0xx_it.o(.text.NMI_Handler) for NMI_Handler
    startup_stm32g030xx.o(RESET) refers to stm32g0xx_it.o(.text.HardFault_Handler) for HardFault_Handler
    startup_stm32g030xx.o(RESET) refers to stm32g0xx_it.o(.text.SVC_Handler) for SVC_Handler
    startup_stm32g030xx.o(RESET) refers to stm32g0xx_it.o(.text.PendSV_Handler) for PendSV_Handler
    startup_stm32g030xx.o(RESET) refers to stm32g0xx_it.o(.text.SysTick_Handler) for SysTick_Handler
    startup_stm32g030xx.o(RESET) refers to tim.o(.text.TIM14_IRQHandler) for TIM14_IRQHandler
    startup_stm32g030xx.o(RESET) refers to usart.o(.text.USART1_IRQHandler) for USART1_IRQHandler
    startup_stm32g030xx.o(.text) refers (Special) to heapauxi.o(.text) for __use_two_region_memory
    startup_stm32g030xx.o(.text) refers to system_stm32g0xx.o(.text.SystemInit) for SystemInit
    startup_stm32g030xx.o(.text) refers to __main.o(!!!main) for __main
    startup_stm32g030xx.o(.text) refers to startup_stm32g030xx.o(HEAP) for Heap_Mem
    startup_stm32g030xx.o(.text) refers to startup_stm32g030xx.o(STACK) for Stack_Mem
    main.o(.text.main) refers to stm32g0xx_hal.o(.text.HAL_Init) for HAL_Init
    main.o(.text.main) refers to sys.o(.text.sys_stm32_clock_init) for sys_stm32_clock_init
    main.o(.text.main) refers to delay.o(.text.delay_Init) for delay_Init
    main.o(.text.main) refers to usart.o(.text.uart_init) for uart_init
    main.o(.text.main) refers to seg.o(.text.Seg_Init) for Seg_Init
    main.o(.text.main) refers to at24cxx.o(.text.AT24CXX_Init) for AT24CXX_Init
    main.o(.text.main) refers to tim.o(.text.TIM14_Init) for TIM14_Init
    main.o(.text.main) refers to delay.o(.text.delay_ms) for delay_ms
    main.o(.text.main) refers to aeabi_memset.o(.text) for __aeabi_memset
    main.o(.text.main) refers to at24cxx.o(.text.AT24CXX_Print_Write_Buffer) for AT24CXX_Print_Write_Buffer
    main.o(.text.main) refers to at24cxx.o(.text.AT24CXX_Write_MultiByte) for AT24CXX_Write_MultiByte
    main.o(.text.main) refers to at24cxx.o(.text.AT24CXX_Read_MultiByte) for AT24CXX_Read_MultiByte
    main.o(.text.main) refers to at24cxx.o(.text.AT24CXX_Print_Read_Buffer) for AT24CXX_Print_Read_Buffer
    main.o(.text.main) refers to seg.o(.text.Seg_Show_Num) for Seg_Show_Num
    main.o(.text.main) refers to at24cxx.o(.bss.EE_Write_Buffer) for EE_Write_Buffer
    main.o(.text.main) refers to at24cxx.o(.bss.EE_Read_Buffer) for EE_Read_Buffer
    main.o(.text.main) refers to main.o(.bss.main_Task_Flag) for main_Task_Flag
    main.o(.text.main) refers to usart.o(.bss.USART_RX_STA) for USART_RX_STA
    main.o(.ARM.exidx.text.main) refers to main.o(.text.main) for [Anonymous Symbol]
    stm32g0xx_it.o(.ARM.exidx.text.NMI_Handler) refers to stm32g0xx_it.o(.text.NMI_Handler) for [Anonymous Symbol]
    stm32g0xx_it.o(.ARM.exidx.text.HardFault_Handler) refers to stm32g0xx_it.o(.text.HardFault_Handler) for [Anonymous Symbol]
    stm32g0xx_it.o(.ARM.exidx.text.SVC_Handler) refers to stm32g0xx_it.o(.text.SVC_Handler) for [Anonymous Symbol]
    stm32g0xx_it.o(.ARM.exidx.text.PendSV_Handler) refers to stm32g0xx_it.o(.text.PendSV_Handler) for [Anonymous Symbol]
    stm32g0xx_it.o(.text.SysTick_Handler) refers to stm32g0xx_hal.o(.text.HAL_IncTick) for HAL_IncTick
    stm32g0xx_it.o(.ARM.exidx.text.SysTick_Handler) refers to stm32g0xx_it.o(.text.SysTick_Handler) for [Anonymous Symbol]
    system_stm32g0xx.o(.ARM.exidx.text.SystemInit) refers to system_stm32g0xx.o(.text.SystemInit) for [Anonymous Symbol]
    system_stm32g0xx.o(.text.SystemCoreClockUpdate) refers to aeabi_sdiv.o(.text) for __aeabi_uidiv
    system_stm32g0xx.o(.text.SystemCoreClockUpdate) refers to system_stm32g0xx.o(.data.SystemCoreClock) for SystemCoreClock
    system_stm32g0xx.o(.text.SystemCoreClockUpdate) refers to system_stm32g0xx.o(.rodata.AHBPrescTable) for AHBPrescTable
    system_stm32g0xx.o(.ARM.exidx.text.SystemCoreClockUpdate) refers to system_stm32g0xx.o(.text.SystemCoreClockUpdate) for [Anonymous Symbol]
    stm32g0xx_hal.o(.text.HAL_Init) refers to stm32g0xx_hal.o(.text.HAL_InitTick) for HAL_InitTick
    stm32g0xx_hal.o(.text.HAL_Init) refers to stm32g0xx_hal.o(.text.HAL_MspInit) for HAL_MspInit
    stm32g0xx_hal.o(.ARM.exidx.text.HAL_Init) refers to stm32g0xx_hal.o(.text.HAL_Init) for [Anonymous Symbol]
[...]
    I2C_WaitOnSTOPFlagUntilTimeout           0x08004863   Thumb Code   140  stm32g0xx_hal_i2c.o(.text.I2C_WaitOnSTOPFlagUntilTimeout)
    [Anonymous Symbol]                       0x08004862   Section        0  stm32g0xx_hal_i2c.o(.text.I2C_WaitOnSTOPFlagUntilTimeout)
    I2C_WaitOnTXISFlagUntilTimeout           0x080048ef   Thumb Code   152  stm32g0xx_hal_i2c.o(.text.I2C_WaitOnTXISFlagUntilTimeout)
    [Anonymous Symbol]                       0x080048ee   Section        0  stm32g0xx_hal_i2c.o(.text.I2C_WaitOnTXISFlagUntilTimeout)
    LL_RCC_GetAPB1Prescaler                  0x08004989   Thumb Code    12  stm32g0xx_hal_rcc.o(.text.LL_RCC_GetAPB1Prescaler)
    [Anonymous Symbol]                       0x08004988   Section        0  stm32g0xx_hal_rcc.o(.text.LL_RCC_GetAPB1Prescaler)
    __arm_cp.7_0                             0x08004994   Number         4  stm32g0xx_hal_rcc.o(.text.LL_RCC_GetAPB1Prescaler)
    [Anonymous Symbol]                       0x08004998   Section        0  stm32g0xx_it.o(.text.NMI_Handler)
    [Anonymous Symbol]                       0x0800499c   Section        0  stm32g0xx_it.o(.text.PendSV_Handler)
    [Anonymous Symbol]                       0x0800499e   Section        0  stm32g0xx_it.o(.text.SVC_Handler)
    [Anonymous Symbol]                       0x080049a0   Section        0  seg.o(.text.Seg_Clear)
    Seg_GPIO_Config                          0x08004a05   Thumb Code   232  seg.o(.text.Seg_GPIO_Config)
    [Anonymous Symbol]                       0x08004a04   Section        0  seg.o(.text.Seg_GPIO_Config)
    __arm_cp.5_0                             0x08004aec   Number         4  seg.o(.text.Seg_GPIO_Config)
    __arm_cp.5_1                             0x08004af0   Number         4  seg.o(.text.Seg_GPIO_Config)
    [Anonymous Symbol]                       0x08004af4   Section        0  seg.o(.text.Seg_Init)
    Seg_Map_Init                             0x08004b93   Thumb Code     8  seg.o(.text.Seg_Map_Init)
    [Anonymous Symbol]                       0x08004b92   Section        0  seg.o(.text.Seg_Map_Init)
    [Anonymous Symbol]                       0x08004b9c   Section        0  seg.o(.text.Seg_Show_1_Num)
    __arm_cp.1_0                             0x08004c28   Number         4  seg.o(.text.Seg_Show_1_Num)
    __arm_cp.1_1                             0x08004c2c   Number         4  seg.o(.text.Seg_Show_1_Num)
    __arm_cp.1_2                             0x08004c30   Number         4  seg.o(.text.Seg_Show_1_Num)
    __arm_cp.1_3                             0x08004c34   Number         4  seg.o(.text.Seg_Show_1_Num)
    [Anonymous Symbol]                       0x08004c38   Section        0  seg.o(.text.Seg_Show_Num)
    SysTick_Config                           0x08004d31   Thumb Code    68  stm32g0xx_hal_cortex.o(.text.SysTick_Config)
    [Anonymous Symbol]                       0x08004d30   Section        0  stm32g0xx_hal_cortex.o(.text.SysTick_Config)
    __arm_cp.9_0                             0x08004d74   Number         4  stm32g0xx_hal_cortex.o(.text.SysTick_Config)
    __arm_cp.9_1                             0x08004d78   Number         4  stm32g0xx_hal_cortex.o(.text.SysTick_Config)
    __arm_cp.9_2                             0x08004d7c   Number         4  stm32g0xx_hal_cortex.o(.text.SysTick_Config)
    [Anonymous Symbol]                       0x08004d80   Section        0  stm32g0xx_it.o(.text.SysTick_Handler)
    [Anonymous Symbol]                       0x08004d88   Section        0  system_stm32g0xx.o(.text.SystemInit)
    [Anonymous Symbol]                       0x08004d8c   Section        0  tim.o(.text.TIM14_IRQHandler)
    [Anonymous Symbol]                       0x08004d98   Section        0  tim.o(.text.TIM14_Init)
    __arm_cp.0_0                             0x08004ddc   Number         4  tim.o(.text.TIM14_Init)
    [Anonymous Symbol]                       0x08004de0   Section        0  stm32g0xx_hal_tim.o(.text.TIM_Base_SetConfig)
    __arm_cp.2_0                             0x08004eb4   Number         4  stm32g0xx_hal_tim.o(.text.TIM_Base_SetConfig)
    __arm_cp.2_1                             0x08004eb8   Number         4  stm32g0xx_hal_tim.o(.text.TIM_Base_SetConfig)
    __arm_cp.2_2                             0x08004ebc   Number         4  stm32g0xx_hal_tim.o(.text.TIM_Base_SetConfig)
    __arm_cp.2_3                             0x08004ec0   Number         4  stm32g0xx_hal_tim.o(.text.TIM_Base_SetConfig)
    __arm_cp.2_4                             0x08004ec4   Number         4  stm32g0xx_hal_tim.o(.text.TIM_Base_SetConfig)
    [Anonymous Symbol]                       0x08004ec8   Section        0  stm32g0xx_hal_uart.o(.text.UART_AdvFeatureConfig)
    [Anonymous Symbol]                       0x08005024   Section        0  stm32g0xx_hal_uart.o(.text.UART_CheckIdleState)
    __arm_cp.4_0                             0x080050c8   Number         4  stm32g0xx_hal_uart.o(.text.UART_CheckIdleState)
    UART_DMAAbortOnError                     0x080050cd   Thumb Code    36  stm32g0xx_hal_uart.o(.text.UART_DMAAbortOnError)
    [Anonymous Symbol]                       0x080050cc   Section        0  stm32g0xx_hal_uart.o(.text.UART_DMAAbortOnError)
    UART_EndRxTransfer                       0x080050f1   Thumb Code   180  stm32g0xx_hal_uart.o(.text.UART_EndRxTransfer)
    [Anonymous Symbol]                       0x080050f0   Section        0  stm32g0xx_hal_uart.o(.text.UART_EndRxTransfer)
    __arm_cp.30_0                            0x080051a4   Number         4  stm32g0xx_hal_uart.o(.text.UART_EndRxTransfer)
    UART_EndTransmit_IT                      0x080051a9   Thumb Code    76  stm32g0xx_hal_uart.o(.text.UART_EndTransmit_IT)
    [Anonymous Symbol]                       0x080051a8   Section        0  stm32g0xx_hal_uart.o(.text.UART_EndTransmit_IT)
    UART_RxISR_16BIT                         0x080051f5   Thumb Code   320  stm32g0xx_hal_uart.o(.text.UART_RxISR_16BIT)
    [Anonymous Symbol]                       0x080051f4   Section        0  stm32g0xx_hal_uart.o(.text.UART_RxISR_16BIT)
    UART_RxISR_16BIT_FIFOEN                  0x08005335   Thumb Code   720  stm32g0xx_hal_uart.o(.text.UART_RxISR_16BIT_FIFOEN)
    [Anonymous Symbol]                       0x08005334   Section        0  stm32g0xx_hal_uart.o(.text.UART_RxISR_16BIT_FIFOEN)
    __arm_cp.64_0                            0x08005604   Number         4  stm32g0xx_hal_uart.o(.text.UART_RxISR_16BIT_FIFOEN)
    __arm_cp.64_1                            0x08005608   Number         4  stm32g0xx_hal_uart.o(.text.UART_RxISR_16BIT_FIFOEN)
    UART_RxISR_8BIT                          0x0800560d   Thumb Code   316  stm32g0xx_hal_uart.o(.text.UART_RxISR_8BIT)
    [Anonymous Symbol]                       0x0800560c   Section        0  stm32g0xx_hal_uart.o(.text.UART_RxISR_8BIT)
    UART_RxISR_8BIT_FIFOEN                   0x08005749   Thumb Code   716  stm32g0xx_hal_uart.o(.text.UART_RxISR_8BIT_FIFOEN)
    [Anonymous Symbol]                       0x08005748   Section        0  stm32g0xx_hal_uart.o(.text.UART_RxISR_8BIT_FIFOEN)
    __arm_cp.65_0                            0x08005a14   Number         4  stm32g0xx_hal_uart.o(.text.UART_RxISR_8BIT_FIFOEN)
    __arm_cp.65_1                            0x08005a18   Number         4  stm32g0xx_hal_uart.o(.text.UART_RxISR_8BIT_FIFOEN)
    [Anonymous Symbol]                       0x08005a1c   Section        0  stm32g0xx_hal_uart.o(.text.UART_SetConfig)
    __arm_cp.2_0                             0x08005cd0   Number         4  stm32g0xx_hal_uart.o(.text.UART_SetConfig)
    __arm_cp.2_1                             0x08005cd4   Number         4  stm32g0xx_hal_uart.o(.text.UART_SetConfig)
    __arm_cp.2_2                             0x08005cd8   Number         4  stm32g0xx_hal_uart.o(.text.UART_SetConfig)
    __arm_cp.2_3                             0x08005cdc   Number         4  stm32g0xx_hal_uart.o(.text.UART_SetConfig)
    __arm_cp.2_4                             0x08005ce0   Number         4  stm32g0xx_hal_uart.o(.text.UART_SetConfig)
    __arm_cp.2_5                             0x08005ce4   Number         4  stm32g0xx_hal_uart.o(.text.UART_SetConfig)
    __arm_cp.2_6                             0x08005ce8   Number         4  stm32g0xx_hal_uart.o(.text.UART_SetConfig)
    [Anonymous Symbol]                       0x08005cec   Section        0  stm32g0xx_hal_uart.o(.text.UART_Start_Receive_IT)
    __arm_cp.19_0                            0x08005f04   Number         4  stm32g0xx_hal_uart.o(.text.UART_Start_Receive_IT)
    __arm_cp.19_1                            0x08005f08   Number         4  stm32g0xx_hal_uart.o(.text.UART_Start_Receive_IT)
    __arm_cp.19_2                            0x08005f0c   Number         4  stm32g0xx_hal_uart.o(.text.UART_Start_Receive_IT)
    __arm_cp.19_3                            0x08005f10   Number         4  stm32g0xx_hal_uart.o(.text.UART_Start_Receive_IT)
    __arm_cp.19_4                            0x08005f14   Number         4  stm32g0xx_hal_uart.o(.text.UART_Start_Receive_IT)
    [Anonymous Symbol]                       0x08005f18   Section        0  stm32g0xx_hal_uart.o(.text.UART_WaitOnFlagUntilTimeout)
    [Anonymous Symbol]                       0x080060ac   Section        0  usart.o(.text.USART1_IRQHandler)
    __arm_cp.6_0                             0x080060ec   Number         4  usart.o(.text.USART1_IRQHandler)
    __arm_cp.6_1                             0x080060f0   Number         4  usart.o(.text.USART1_IRQHandler)
    __NVIC_EnableIRQ                         0x080060f5   Thumb Code    40  stm32g0xx_hal_cortex.o(.text.__NVIC_EnableIRQ)
    [Anonymous Symbol]                       0x080060f4   Section        0  stm32g0xx_hal_cortex.o(.text.__NVIC_EnableIRQ)
    __arm_cp.3_0                             0x0800611c   Number         4  stm32g0xx_hal_cortex.o(.text.__NVIC_EnableIRQ)
    __NVIC_SetPriority                       0x08006121   Thumb Code   124  stm32g0xx_hal_cortex.o(.text.__NVIC_SetPriority)
    [Anonymous Symbol]                       0x08006120   Section        0  stm32g0xx_hal_cortex.o(.text.__NVIC_SetPriority)
    __arm_cp.1_0                             0x0800619c   Number         4  stm32g0xx_hal_cortex.o(.text.__NVIC_SetPriority)
    __arm_cp.1_1                             0x080061a0   Number         4  stm32g0xx_hal_cortex.o(.text.__NVIC_SetPriority)
    [Anonymous Symbol]                       0x080061a4   Section        0  usart.o(.text._sys_exit)
    [Anonymous Symbol]                       0x080061ac   Section        0  delay.o(.text.delay_Init)
    [Anonymous Symbol]                       0x080061cc   Section        0  delay.o(.text.delay_ms)
    __arm_cp.1_0                             0x08006218   Number         4  delay.o(.text.delay_ms)
    __arm_cp.1_1                             0x0800621c   Number         4  delay.o(.text.delay_ms)
    __arm_cp.1_2                             0x08006220   Number         4  delay.o(.text.delay_ms)
    __arm_cp.1_3                             0x08006224   Number         4  delay.o(.text.delay_ms)
    [Anonymous Symbol]                       0x08006228   Section        0  delay.o(.text.delay_us)
    __arm_cp.0_0                             0x080062b0   Number         4  delay.o(.text.delay_us)
    __arm_cp.0_1                             0x080062b4   Number         4  delay.o(.text.delay_us)
    __arm_cp.0_2                             0x080062b8   Number         4  delay.o(.text.delay_us)
    [Anonymous Symbol]                       0x080062bc   Section        0  usart.o(.text.fputc)
    __arm_cp.3_0                             0x080062e0   Number         4  usart.o(.text.fputc)
    __arm_cp.3_1                             0x080062e4   Number         4  usart.o(.text.fputc)
    [Anonymous Symbol]                       0x080062e8   Section        0  main.o(.text.main)
    __arm_cp.0_0                             0x080063c0   Number         4  main.o(.text.main)
    __arm_cp.0_1                             0x080063c4   Number         4  main.o(.text.main)
    __arm_cp.0_2                             0x080063c8   Number         4  main.o(.text.main)
    __arm_cp.0_3                             0x080063cc   Number         4  main.o(.text.main)
    __arm_cp.0_4                             0x080063d0   Number         4  main.o(.text.main)
    my_pow                                   0x080063d5   Thumb Code    40  seg.o(.text.my_pow)
    [Anonymous Symbol]                       0x080063d4   Section        0  seg.o(.text.my_pow)
    [Anonymous Symbol]                       0x080063fc   Section        0  sys.o(.text.sys_stm32_clock_init)
    [Anonymous Symbol]                       0x08006468   Section        0  usart.o(.text.uart_init)
    __arm_cp.5_0                             0x080064bc   Number         4  usart.o(.text.uart_init)
    __arm_cp.5_1                             0x080064c0   Number         4  usart.o(.text.uart_init)
    __arm_cp.5_2                             0x080064c4   Number         4  usart.o(.text.uart_init)
    __arm_cp.5_3                             0x080064c8   Number         4  usart.o(.text.uart_init)
    __arm_cp.5_4                             0x080064cc   Number         4  usart.o(.text.uart_init)
    __arm_cp.5_5                             0x080064d0   Number         4  usart.o(.text.uart_init)
    i.__ARM_common_ll_muluu                  0x080064d4   Section        0  btod.o(i.__ARM_common_ll_muluu)
    i.__ARM_fpclassify                       0x08006504   Section        0  fpclassify.o(i.__ARM_fpclassify)
    i._is_digit                              0x08006530   Section        0  __printf_wp.o(i._is_digit)
    locale$$code                             0x08006540   Section       44  lc_numeric_c.o(locale$$code)
    locale$$code                             0x0800656c   Section       44  lc_ctype_c.o(locale$$code)
    x$fpl$printf1                            0x08006598   Section       16  printf1.o(x$fpl$printf1)
    x$fpl$printf2                            0x080065a8   Section       16  printf2.o(x$fpl$printf2)
    initial_mbstate                          0x080065b8   Data           8  _printf_wctomb.o(.constdata)
    .constdata                               0x080065b8   Section        8  _printf_wctomb.o(.constdata)
    x$fpl$usenofp                            0x080065b8   Section        0  usenofp.o(x$fpl$usenofp)
    uc_hextab                                0x080065c0   Data          20  _printf_hex_int_ll_ptr.o(.constdata)
    .constdata                               0x080065c0   Section       40  _printf_hex_int_ll_ptr.o(.constdata)
    lc_hextab                                0x080065d4   Data          20  _printf_hex_int_ll_ptr.o(.constdata)
    maptable                                 0x080065e8   Data          17  __printf_flags_ss_wp.o(.constdata)
    .constdata                               0x080065e8   Section       17  __printf_flags_ss_wp.o(.constdata)
    lc_hextab                                0x080065f9   Data          19  _printf_fp_hex.o(.constdata)
    .constdata                               0x080065f9   Section       38  _printf_fp_hex.o(.constdata)
    uc_hextab                                0x0800660c   Data          19  _printf_fp_hex.o(.constdata)
    tenpwrs_x                                0x08006620   Data          60  bigflt0.o(.constdata)
    .constdata                               0x08006620   Section      148  bigflt0.o(.constdata)
    tenpwrs_i                                0x0800665c   Data          64  bigflt0.o(.constdata)
    [Anonymous Symbol]                       0x08006736   Section        0  usart.o(.rodata.str1.1)
    [Anonymous Symbol]                       0x0800679b   Section        0  at24cxx.o(.rodata.str1.1)
    locale$$data                             0x080068cc   Section       28  lc_numeric_c.o(locale$$data)
    __lcnum_c_name                           0x080068d0   Data           2  lc_numeric_c.o(locale$$data)
    __lcnum_c_start                          0x080068d8   Data           0  lc_numeric_c.o(locale$$data)
    __lcnum_c_point                          0x080068e4   Data           0  lc_numeric_c.o(locale$$data)
    __lcnum_c_thousands                      0x080068e6   Data           0  lc_numeric_c.o(locale$$data)
    __lcnum_c_grouping                       0x080068e7   Data           0  lc_numeric_c.o(locale$$data)
    __lcnum_c_end                            0x080068e8   Data           0  lc_numeric_c.o(locale$$data)
    locale$$data                             0x080068e8   Section      272  lc_ctype_c.o(locale$$data)
    __lcctype_c_name                         0x080068ec   Data           2  lc_ctype_c.o(locale$$data)
    __lcctype_c_start                        0x080068f4   Data           0  lc_ctype_c.o(locale$$data)
    __lcctype_c_end                          0x080069f8   Data           0  lc_ctype_c.o(locale$$data)
    .bss                                     0x20000010   Section       96  libspace.o(.bss)
    fac_us                                   0x20000394   Data           4  delay.o(.bss.fac_us)
    [Anonymous Symbol]                       0x20000394   Section        0  delay.o(.bss.fac_us)
    Heap_Mem                                 0x200004c8   Data           0  startup_stm32g030xx.o(HEAP)
    Stack_Mem                                0x200004c8   Data        1024  startup_stm32g030xx.o(STACK)
    HEAP                                     0x200004c8   Section        0  startup_stm32g030xx.o(HEAP)
    STACK                                    0x200004c8   Section     1024  startup_stm32g030xx.o(STACK)
    __initial_sp                             0x200008c8   Data           0  startup_stm32g030xx.o(STACK)

    Global Symbols

    Symbol Name                              Value     Ov Type        Size  Object(Section)

    BuildAttributes$$THM_ISAv3M$S$PE$A:L22$X:L11$S22$IEEE1$IW$~IW$USESV6$~STKCKD$USESV7$~SHL$OTIME$ROPI$IEEEJ$EBA8$UX$STANDARDLIB$REQ8$PRES8$EABIv2 0x00000000   Number         0  anon$$obj.o ABSOLUTE
    _printf_flags                            0x00000000   Number         0  printf_stubs.o ABSOLUTE
    _printf_return_value                     0x00000000   Number         0  printf_stubs.o ABSOLUTE
    _printf_sizespec                         0x00000000   Number         0  printf_stubs.o ABSOLUTE
    _printf_widthprec                        0x00000000   Number         0  printf_stubs.o ABSOLUTE
    __ARM_exceptions_init                     - Undefined Weak Reference
    __alloca_initialize                       - Undefined Weak Reference
    __arm_preinit_                            - Undefined Weak Reference
    __arm_relocate_pie_                       - Undefined Weak Reference
    __cpp_initialize__aeabi_                  - Undefined Weak Reference
    __cxa_finalize                            - Undefined Weak Reference
    __sigvec_lookup                           - Undefined Weak Reference
    _atexit_init                              - Undefined Weak Reference
    _call_atexit_fns                          - Undefined Weak Reference
    _clock_init                               - Undefined Weak Reference
    _fp_trap_init                             - Undefined Weak Reference
    _fp_trap_shutdown                         - Undefined Weak Reference
    _get_lc_collate                           - Undefined Weak Reference
    _get_lc_monetary                          - Undefined Weak Reference
    _get_lc_time                              - Undefined Weak Reference
    _getenv_init                              - Undefined Weak Reference
    _handle_redirection                       - Undefined Weak Reference
    _init_alloc                               - Undefined Weak Reference
    _init_user_alloc                          - Undefined Weak Reference
    _initio                                   - Undefined Weak Reference
    _mutex_acquire                            - Undefined Weak Reference
    _mutex_release                            - Undefined Weak Reference
    _printf_mbtowc                            - Undefined Weak Reference
    _printf_wc                                - Undefined Weak Reference
    _rand_init                                - Undefined Weak Reference
    _signal_finish                            - Undefined Weak Reference
    _signal_init                              - Undefined Weak Reference
    _terminate_alloc                          - Undefined Weak Reference
    _terminate_user_alloc                     - Undefined Weak Reference
    _terminateio                              - Undefined Weak Reference
    __Vectors_Size                           0x000000c0   Number         0  startup_stm32g030xx.o ABSOLUTE
    __Vectors                                0x08000000   Data           4  startup_stm32g030xx.o(RESET)
    __Vectors_End                            0x080000c0   Data           0  startup_stm32g030xx.o(RESET)
    __main                                   0x080000c1   Thumb Code     8  __main.o(!!!main)
    __scatterload                            0x080000c9   Thumb Code     0  __scatter.o(!!!scatter)
    __scatterload_rt2                        0x080000c9   Thumb Code    52  __scatter.o(!!!scatter)
    __scatterload_rt2_thumb_only             0x080000c9   Thumb Code     0  __scatter.o(!!!scatter)
    __scatterload_null                       0x080000d9   Thumb Code     0  __scatter.o(!!!scatter)
    __scatterload_copy                       0x08000105   Thumb Code    26  __scatter_copy.o(!!handler_copy)
    __scatterload_zeroinit                   0x08000121   Thumb Code    28  __scatter_zi.o(!!handler_zi)
    _printf_percent                          0x0800013d   Thumb Code     0  _printf_percent.o(.ARM.Collect$$_printf_percent$$00000000)
    _printf_n                                0x0800013f   Thumb Code     0  _printf_n.o(.ARM.Collect$$_printf_percent$$00000001)
    _printf_p                                0x08000149   Thumb Code     0  _printf_p.o(.ARM.Collect$$_printf_percent$$00000002)
    _printf_f                                0x08000153   Thumb Code     0  _printf_f.o(.ARM.Collect$$_printf_percent$$00000003)
    _printf_e                                0x0800015d   Thumb Code     0  _printf_e.o(.ARM.Collect$$_printf_percent$$00000004)
    _printf_g                                0x08000167   Thumb Code     0  _printf_g.o(.ARM.Collect$$_printf_percent$$00000005)
    _printf_a                                0x08000171   Thumb Code     0  _printf_a.o(.ARM.Collect$$_printf_percent$$00000006)
    _printf_ll                               0x0800017b   Thumb Code     0  _printf_ll.o(.ARM.Collect$$_printf_percent$$00000007)
    _printf_i                                0x08000185   Thumb Code     0  _printf_i.o(.ARM.Collect$$_printf_percent$$00000008)
    _printf_d                                0x0800018f   Thumb Code     0  _printf_d.o(.ARM.Collect$$_printf_percent$$00000009)
    _printf_u                                0x08000199   Thumb Code     0  _printf_u.o(.ARM.Collect$$_printf_percent$$0000000A)
    _printf_o                                0x080001a3   Thumb Code     0  _printf_o.o(.ARM.Collect$$_printf_percent$$0000000B)
    _printf_x                                0x080001ad   Thumb Code     0  _printf_x.o(.ARM.Collect$$_printf_percent$$0000000C)
    _printf_lli                              0x080001b7   Thumb Code     0  _printf_lli.o(.ARM.Collect$$_printf_percent$$0000000D)
    _printf_lld                              0x080001c1   Thumb Code     0  _printf_lld.o(.ARM.Collect$$_printf_percent$$0000000E)
    _printf_llu                              0x080001cb   Thumb Code     0  _printf_llu.o(.ARM.Collect$$_printf_percent$$0000000F)
    _printf_llo                              0x080001d5   Thumb Code     0  _printf_llo.o(.ARM.Collect$$_printf_percent$$00000010)
    _printf_llx                              0x080001df   Thumb Code     0  _printf_llx.o(.ARM.Collect$$_printf_percent$$00000011)
    _printf_l                                0x080001e9   Thumb Code     0  _printf_l.o(.ARM.Collect$$_printf_percent$$00000012)
    _printf_c                                0x080001f3   Thumb Code     0  _printf_c.o(.ARM.Collect$$_printf_percent$$00000013)
    _printf_s                                0x080001fd   Thumb Code     0  _printf_s.o(.ARM.Collect$$_printf_percent$$00000014)
    _printf_lc                               0x08000207   Thumb Code     0  _printf_lc.o(.ARM.Collect$$_printf_percent$$00000015)
    _printf_ls                               0x08000211   Thumb Code     0  _printf_ls.o(.ARM.Collect$$_printf_percent$$00000016)
    _printf_percent_end                      0x0800021b   Thumb Code     0  _printf_percent_end.o(.ARM.Collect$$_printf_percent$$00000017)
    __rt_lib_init                            0x0800021f   Thumb Code     0  libinit.o(.ARM.Collect$$libinit$$00000000)
    __rt_lib_init_fp_1                       0x08000221   Thumb Code     0  libinit2.o(.ARM.Collect$$libinit$$00000002)
    __rt_lib_init_heap_1                     0x08000221   Thumb Code     0  libinit2.o(.ARM.Collect$$libinit$$0000000C)
    __rt_lib_init_lc_common                  0x08000221   Thumb Code     0  libinit2.o(.ARM.Collect$$libinit$$00000011)
    __rt_lib_init_preinit_1                  0x08000221   Thumb Code     0  libinit2.o(.ARM.Collect$$libinit$$00000006)
    __rt_lib_init_rand_1                     0x08000221   Thumb Code     0  libinit2.o(.ARM.Collect$$libinit$$00000010)
    __rt_lib_init_relocate_pie_1             0x08000221   Thumb Code     0  libinit2.o(.ARM.Collect$$libinit$$00000004)
    __rt_lib_init_user_alloc_1               0x08000221   Thumb Code     0  libinit2.o(.ARM.Collect$$libinit$$0000000E)
    __rt_lib_init_lc_collate_1               0x08000227   Thumb Code     0  libinit2.o(.ARM.Collect$$libinit$$00000013)
    __rt_lib_init_lc_ctype_2                 0x08000227   Thumb Code     0  libinit2.o(.ARM.Collect$$libinit$$00000014)
    __rt_lib_init_lc_ctype_1                 0x08000233   Thumb Code     0  libinit2.o(.ARM.Collect$$libinit$$00000015)
    __rt_lib_init_lc_monetary_1              0x08000233   Thumb Code     0  libinit2.o(.ARM.Collect$$libinit$$00000017)
    __rt_lib_init_lc_numeric_2               0x08000233   Thumb Code     0  libinit2.o(.ARM.Collect$$libinit$$00000018)
    __rt_lib_init_alloca_1                   0x0800023d   Thumb Code     0  libinit2.o(.ARM.Collect$$libinit$$00000030)
    __rt_lib_init_argv_1                     0x0800023d   Thumb Code     0  libinit2.o(.ARM.Collect$$libinit$$0000002E)
    __rt_lib_init_atexit_1                   0x0800023d   Thumb Code     0  libinit2.o(.ARM.Collect$$libinit$$0000001D)
    __rt_lib_init_clock_1                    0x0800023d   Thumb Code     0  libinit2.o(.ARM.Collect$$libinit$$00000023)
    __rt_lib_init_cpp_1                      0x0800023d   Thumb Code     0  libinit2.o(.ARM.Collect$$libinit$$00000034)
    __rt_lib_init_exceptions_1               0x0800023d   Thumb Code     0  libinit2.o(.ARM.Collect$$libinit$$00000032)
    __rt_lib_init_fp_trap_1                  0x0800023d   Thumb Code     0  libinit2.o(.ARM.Collect$$libinit$$00000021)
    __rt_lib_init_getenv_1                   0x0800023d   Thumb Code     0  libinit2.o(.ARM.Collect$$libinit$$00000025)
    __rt_lib_init_lc_numeric_1               0x0800023d   Thumb Code     0  libinit2.o(.ARM.Collect$$libinit$$00000019)
    __rt_lib_init_lc_time_1                  0x0800023d   Thumb Code     0  libinit2.o(.ARM.Collect$$libinit$$0000001B)
    __rt_lib_init_return                     0x0800023d   Thumb Code     0  libinit2.o(.ARM.Collect$$libinit$$00000035)
    __rt_lib_init_signal_1                   0x0800023d   Thumb Code     0  libinit2.o(.ARM.Collect$$libinit$$0000001F)
    __rt_lib_init_stdio_1                    0x0800023d   Thumb Code     0  libinit2.o(.ARM.Collect$$libinit$$00000027)
    __rt_lib_shutdown                        0x0800023f   Thumb Code     0  libshutdown.o(.ARM.Collect$$libshutdown$$00000000)
    __rt_lib_shutdown_cpp_1                  0x08000241   Thumb Code     0  libshutdown2.o(.ARM.Collect$$libshutdown$$00000002)
    __rt_lib_shutdown_fp_trap_1              0x08000241   Thumb Code     0  libshutdown2.o(.ARM.Collect$$libshutdown$$00000007)
    __rt_lib_shutdown_heap_1                 0x08000241   Thumb Code     0  libshutdown2.o(.ARM.Collect$$libshutdown$$0000000F)
    __rt_lib_shutdown_return                 0x08000241   Thumb Code     0  libshutdown2.o(.ARM.Collect$$libshutdown$$00000010)
    __rt_lib_shutdown_signal_1               0x08000241   Thumb Code     0  libshutdown2.o(.ARM.Collect$$libshutdown$$0000000A)
    __rt_lib_shutdown_stdio_1                0x08000241   Thumb Code     0  libshutdown2.o(.ARM.Collect$$libshutdown$$00000004)
    __rt_lib_shutdown_user_alloc_1           0x08000241   Thumb Code     0  libshutdown2.o(.ARM.Collect$$libshutdown$$0000000C)
    __rt_entry                               0x08000243   Thumb Code     0  __rtentry.o(.ARM.Collect$$rtentry$$00000000)
    __rt_entry_presh_1                       0x08000243   Thumb Code     0  __rtentry2.o(.ARM.Collect$$rtentry$$00000002)
    __rt_entry_sh                            0x08000243   Thumb Code     0  __rtentry4.o(.ARM.Collect$$rtentry$$00000004)
    __rt_entry_li                            0x08000249   Thumb Code     0  __rtentry2.o(.ARM.Collect$$rtentry$$0000000A)
    __rt_entry_postsh_1                      0x08000249   Thumb Code     0  __rtentry2.o(.ARM.Collect$$rtentry$$00000009)
    __rt_entry_main                          0x0800024d   Thumb Code     0  __rtentry2.o(.ARM.Collect$$rtentry$$0000000D)
    __rt_entry_postli_1                      0x0800024d   Thumb Code     0  __rtentry2.o(.ARM.Collect$$rtentry$$0000000C)
    __rt_exit                                0x08000255   Thumb Code     0  rtexit.o(.ARM.Collect$$rtexit$$00000000)
    __rt_exit_ls                             0x08000257   Thumb Code     0  rtexit2.o(.ARM.Collect$$rtexit$$00000003)
    __rt_exit_prels_1                        0x08000257   Thumb Code     0  rtexit2.o(.ARM.Collect$$rtexit$$00000002)
    __rt_exit_exit                           0x0800025b   Thumb Code     0  rtexit2.o(.ARM.Collect$$rtexit$$00000004)
    Reset_Handler                            0x08000261   Thumb Code     8  startup_stm32g030xx.o(.text)
    ADC1_IRQHandler                          0x08000273   Thumb Code     0  startup_stm32g030xx.o(.text)
    DMA1_Ch4_5_DMAMUX1_OVR_IRQHandler        0x08000273   Thumb Code     0  startup_stm32g030xx.o(.text)
    DMA1_Channel1_IRQHandler                 0x08000273   Thumb Code     0  startup_stm32g030xx.o(.text)
    DMA1_Channel2_3_IRQHandler               0x08000273   Thumb Code     0  startup_stm32g030xx.o(.text)
    EXTI0_1_IRQHandler                       0x08000273   Thumb Code     0  startup_stm32g030xx.o(.text)
    EXTI2_3_IRQHandler                       0x08000273   Thumb Code     0  startup_stm32g030xx.o(.text)
    EXTI4_15_IRQHandler                      0x08000273   Thumb Code     0  startup_stm32g030xx.o(.text)
    FLASH_IRQHandler                         0x08000273   Thumb Code     0  startup_stm32g030xx.o(.text)
    I2C1_IRQHandler                          0x08000273   Thumb Code     0  startup_stm32g030xx.o(.text)
    I2C2_IRQHandler                          0x08000273   Thumb Code     0  startup_stm32g030xx.o(.text)
    RCC_IRQHandler                           0x08000273   Thumb Code     0  startup_stm32g030xx.o(.text)
    RTC_TAMP_IRQHandler                      0x08000273   Thumb Code     0  startup_stm32g030xx.o(.text)
    SPI1_IRQHandler                          0x08000273   Thumb Code     0  startup_stm32g030xx.o(.text)
    SPI2_IRQHandler                          0x08000273   Thumb Code     0  startup_stm32g030xx.o(.text)
    TIM16_IRQHandler                         0x08000273   Thumb Code     0  startup_stm32g030xx.o(.text)
    TIM17_IRQHandler                         0x08000273   Thumb Code     0  startup_stm32g030xx.o(.text)
    TIM1_BRK_UP_TRG_COM_IRQHandler           0x08000273   Thumb Code     0  startup_stm32g030xx.o(.text)
    TIM1_CC_IRQHandler                       0x08000273   Thumb Code     0  startup_stm32g030xx.o(.text)
    TIM3_IRQHandler                          0x08000273   Thumb Code     0  startup_stm32g030xx.o(.text)
    USART2_IRQHandler                        0x08000273   Thumb Code     0  startup_stm32g030xx.o(.text)
    WWDG_IRQHandler                          0x08000273   Thumb Code     0  startup_stm32g030xx.o(.text)
    __user_initial_stackheap                 0x08000275   Thumb Code     0  startup_stm32g030xx.o(.text)
    __use_no_semihosting                     0x08000295   Thumb Code     2  use_no_semi_2.o(.text)
    printf                                   0x08000299   Thumb Code    22  printf.o(.text)
    __aeabi_memset                           0x080002b5   Thumb Code    18  aeabi_memset.o(.text)
    _memset_w                                0x080002c7   Thumb Code    26  rt_memclr.o(.text)
    _memset                                  0x080002e1   Thumb Code    30  rt_memclr.o(.text)
    __aeabi_memclr                           0x080002ff   Thumb Code     4  rt_memclr.o(.text)
    __rt_memclr                              0x080002ff   Thumb Code     0  rt_memclr.o(.text)
    __aeabi_memclr4                          0x08000303   Thumb Code     0  rt_memclr.o(.text)
    __aeabi_memclr8                          0x08000303   Thumb Code     0  rt_memclr.o(.text)
    __rt_memclr_w                            0x08000303   Thumb Code     4  rt_memclr.o(.text)
    __aeabi_uidiv                            0x08000309   Thumb Code     0  aeabi_sdiv.o(.text)
    __aeabi_uidivmod                         0x08000309   Thumb Code    20  aeabi_sdiv.o(.text)
    __aeabi_idiv                             0x0800031d   Thumb Code     0  aeabi_sdiv.o(.text)
    __aeabi_idivmod                          0x0800031d   Thumb Code   338  aeabi_sdiv.o(.text)
    __use_two_region_memory                  0x08000475   Thumb Code     2  heapauxi.o(.text)
    __rt_heap_escrow$2region                 0x08000477   Thumb Code     2  heapauxi.o(.text)
    __rt_heap_expand$2region                 0x08000479   Thumb Code     2  heapauxi.o(.text)
    __semihosting$guard                      0x0800047b   Thumb Code     0  use_no_semi.o(.text)
    __use_no_semihosting_swi                 0x0800047b   Thumb Code     2  use_no_semi.o(.text)
    _printf_pre_padding                      0x0800047d   Thumb Code    44  _printf_pad.o(.text)
    _printf_post_padding                     0x080004a9   Thumb Code    34  _printf_pad.o(.text)
    _printf_truncate_signed                  0x080004cb   Thumb Code    18  _printf_truncate.o(.text)
    _printf_truncate_unsigned                0x080004dd   Thumb Code    18  _printf_truncate.o(.text)
    _printf_str                              0x080004ef   Thumb Code    82  _printf_str.o(.text)
    _printf_int_dec                          0x08000541   Thumb Code    90  _printf_dec.o(.text)
    _printf_charcount                        0x080005ad   Thumb Code    38  _printf_charcount.o(.text)
    _printf_char_file                        0x080005d5   Thumb Code    34  _printf_char_file.o(.text)
    _printf_wctomb                           0x080005fd   Thumb Code   182  _printf_wctomb.o(.text)
    _printf_longlong_dec                     0x080006b9   Thumb Code    94  _printf_longlong_dec.o(.text)
    _printf_longlong_oct                     0x08000729   Thumb Code    68  _printf_oct_int_ll.o(.text)
    _printf_int_oct                          0x0800076d   Thumb Code    24  _printf_oct_int_ll.o(.text)
    _printf_ll_oct                           0x08000785   Thumb Code    10  _printf_oct_int_ll.o(.text)
    _printf_longlong_hex                     0x08000799   Thumb Code    88  _printf_hex_int_ll_ptr.o(.text)
    _printf_int_hex                          0x080007f1   Thumb Code    28  _printf_hex_int_ll_ptr.o(.text)
    _printf_ll_hex                           0x0800080d   Thumb Code    10  _printf_hex_int_ll_ptr.o(.text)
    _printf_hex_ptr                          0x08000817   Thumb Code    22  _printf_hex_int_ll_ptr.o(.text)
    __printf                                 0x08000831   Thumb Code   386  __printf_flags_ss_wp.o(.text)
    _ll_udiv10                               0x080009b9   Thumb Code   122  lludiv10.o(.text)
    _printf_int_common                       0x08000a33   Thumb Code   176  _printf_intcommon.o(.text)
    _printf_fp_dec_real                      0x08000c81   Thumb Code   620  _printf_fp_dec.o(.text)
    _printf_fp_hex_real                      0x08000ef9   Thumb Code   718  _printf_fp_hex.o(.text)
    _printf_char_common                      0x080011db   Thumb Code    32  _printf_char_common.o(.text)
    _printf_cs_common                        0x08001201   Thumb Code    22  _printf_char.o(.text)
    _printf_char                             0x08001217   Thumb Code    16  _printf_char.o(.text)
    _printf_string                           0x08001227   Thumb Code     8  _printf_char.o(.text)
    _printf_lcs_common                       0x0800122f   Thumb Code    22  _printf_wchar.o(.text)
    _printf_wchar                            0x08001245   Thumb Code    16  _printf_wchar.o(.text)
    _printf_wstring                          0x08001255   Thumb Code     8  _printf_wchar.o(.text)
    ferror                                   0x0800125d   Thumb Code     8  ferror.o(.text)
    _c16rtomb                                0x08001265   Thumb Code    66  _c16rtomb.o(.text)
    _wcrtomb                                 0x08001265   Thumb Code     0  _c16rtomb.o(.text)
    __rt_udiv10                              0x080012a7   Thumb Code    40  rtudiv10.o(.text)
    __user_setup_stackheap                   0x080012cf   Thumb Code    62  sys_stackheap_outer.o(.text)
    __rt_ctype_table                         0x0800130d   Thumb Code    16  rt_ctype_table.o(.text)
    __rt_locale                              0x0800131d   Thumb Code     8  rt_locale_intlibspace.o(.text)
    _printf_fp_infnan                        0x08001325   Thumb Code   120  _printf_fp_infnan.o(.text)
    _btod_etento                             0x080013ad   Thumb Code   210  bigflt0.o(.text)
    _btod_d2e                                0x08001485   Thumb Code    64  btod.o(.text)
    _btod_emul                               0x080018b9   Thumb Code    28  btod.o(.text)
    _btod_emuld                              0x080018d5   Thumb Code   144  btod.o(.text)
    _btod_ediv                               0x08001965   Thumb Code    26  btod.o(.text)
    _btod_edivd                              0x0800197f   Thumb Code   124  btod.o(.text)
    exit                                     0x08001a05   Thumb Code    16  exit.o(.text)
    __user_libspace                          0x08001a15   Thumb Code     8  libspace.o(.text)
    __user_perproc_libspace                  0x08001a15   Thumb Code     0  libspace.o(.text)
    __user_perthread_libspace                0x08001a15   Thumb Code     0  libspace.o(.text)
    strcmp                                   0x08001a1d   Thumb Code   132  strcmp.o(.text)
    AT24CXX_Init                             0x08001af1   Thumb Code     8  at24cxx.o(.text.AT24CXX_Init)
    AT24CXX_Print_Read_Buffer                0x08001bcd   Thumb Code    56  at24cxx.o(.text.AT24CXX_Print_Read_Buffer)
    AT24CXX_Print_Write_Buffer               0x08001c0d   Thumb Code    56  at24cxx.o(.text.AT24CXX_Print_Write_Buffer)
    AT24CXX_Read_MultiByte                   0x08001caf   Thumb Code    36  at24cxx.o(.text.AT24CXX_Read_MultiByte)
    AT24CXX_Write_MultiByte                  0x08001d3b   Thumb Code   276  at24cxx.o(.text.AT24CXX_Write_MultiByte)
    Error_Handler                            0x08001e4f   Thumb Code     6  sys.o(.text.Error_Handler)
    HAL_DMA_Abort                            0x08001e55   Thumb Code   192  stm32g0xx_hal_dma.o(.text.HAL_DMA_Abort)
    HAL_DMA_Abort_IT                         0x08001f15   Thumb Code   184  stm32g0xx_hal_dma.o(.text.HAL_DMA_Abort_IT)
    HAL_GPIO_Init                            0x08001fd1   Thumb Code   688  stm32g0xx_hal_gpio.o(.text.HAL_GPIO_Init)
    HAL_GetTick                              0x080022a1   Thumb Code     8  stm32g0xx_hal.o(.text.HAL_GetTick)
    HAL_I2CEx_ConfigAnalogFilter             0x080022ad   Thumb Code   150  stm32g0xx_hal_i2c_ex.o(.text.HAL_I2CEx_ConfigAnalogFilter)
    HAL_I2CEx_ConfigDigitalFilter            0x08002343   Thumb Code   160  stm32g0xx_hal_i2c_ex.o(.text.HAL_I2CEx_ConfigDigitalFilter)
    HAL_I2C_Init                             0x080023e5   Thumb Code   264  stm32g0xx_hal_i2c.o(.text.HAL_I2C_Init)
    HAL_I2C_Mem_Read                         0x080024f1   Thumb Code   608  stm32g0xx_hal_i2c.o(.text.HAL_I2C_Mem_Read)
    HAL_I2C_Mem_Write                        0x08002755   Thumb Code   600  stm32g0xx_hal_i2c.o(.text.HAL_I2C_Mem_Write)
    HAL_I2C_MspInit                          0x080029b1   Thumb Code   112  iic.o(.text.HAL_I2C_MspInit)
    HAL_IncTick                              0x08002a2d   Thumb Code    16  stm32g0xx_hal.o(.text.HAL_IncTick)
    HAL_Init                                 0x08002a41   Thumb Code    56  stm32g0xx_hal.o(.text.HAL_Init)
    HAL_InitTick                             0x08002a79   Thumb Code   120  stm32g0xx_hal.o(.text.HAL_InitTick)
    HAL_MspInit                              0x08002af5   Thumb Code     2  stm32g0xx_hal.o(.text.HAL_MspInit)
    HAL_NVIC_EnableIRQ                       0x08002af7   Thumb Code    22  stm32g0xx_hal_cortex.o(.text.HAL_NVIC_EnableIRQ)
    HAL_NVIC_SetPriority                     0x08002b0d   Thumb Code    28  stm32g0xx_hal_cortex.o(.text.HAL_NVIC_SetPriority)
    HAL_PWREx_ControlVoltageScaling          0x08002b29   Thumb Code   112  stm32g0xx_hal_pwr_ex.o(.text.HAL_PWREx_ControlVoltageScaling)
    HAL_RCC_ClockConfig                      0x08002ba5   Thumb Code   572  stm32g0xx_hal_rcc.o(.text.HAL_RCC_ClockConfig)
    HAL_RCC_GetHCLKFreq                      0x08002df9   Thumb Code     8  stm32g0xx_hal_rcc.o(.text.HAL_RCC_GetHCLKFreq)
    HAL_RCC_GetPCLK1Freq                     0x08002e05   Thumb Code    36  stm32g0xx_hal_rcc.o(.text.HAL_RCC_GetPCLK1Freq)
    HAL_RCC_GetSysClockFreq                  0x08002e2d   Thumb Code   268  stm32g0xx_hal_rcc.o(.text.HAL_RCC_GetSysClockFreq)
    HAL_RCC_OscConfig                        0x08002f4d   Thumb Code  1660  stm32g0xx_hal_rcc.o(.text.HAL_RCC_OscConfig)
    HAL_SYSTICK_CLKSourceConfig              0x080035f1   Thumb Code    40  stm32g0xx_hal_cortex.o(.text.HAL_SYSTICK_CLKSourceConfig)
    HAL_SYSTICK_Config                       0x0800361d   Thumb Code    16  stm32g0xx_hal_cortex.o(.text.HAL_SYSTICK_Config)
    HAL_TIMEx_Break2Callback                 0x0800362d   Thumb Code     8  stm32g0xx_hal_tim_ex.o(.text.HAL_TIMEx_Break2Callback)
    HAL_TIMEx_BreakCallback                  0x08003635   Thumb Code     8  stm32g0xx_hal_tim_ex.o(.text.HAL_TIMEx_BreakCallback)
    HAL_TIMEx_CommutCallback                 0x0800363d   Thumb Code     8  stm32g0xx_hal_tim_ex.o(.text.HAL_TIMEx_CommutCallback)
    HAL_TIM_Base_Init                        0x08003645   Thumb Code   170  stm32g0xx_hal_tim.o(.text.HAL_TIM_Base_Init)
    HAL_TIM_Base_MspInit                     0x080036f1   Thumb Code    68  tim.o(.text.HAL_TIM_Base_MspInit)
    HAL_TIM_Base_Start_IT                    0x0800373d   Thumb Code   148  stm32g0xx_hal_tim.o(.text.HAL_TIM_Base_Start_IT)
    HAL_TIM_IC_CaptureCallback               0x080037dd   Thumb Code     8  stm32g0xx_hal_tim.o(.text.HAL_TIM_IC_CaptureCallback)
    HAL_TIM_IRQHandler                       0x080037e5   Thumb Code   672  stm32g0xx_hal_tim.o(.text.HAL_TIM_IRQHandler)
    HAL_TIM_OC_DelayElapsedCallback          0x08003a89   Thumb Code     8  stm32g0xx_hal_tim.o(.text.HAL_TIM_OC_DelayElapsedCallback)
    HAL_TIM_PWM_PulseFinishedCallback        0x08003a91   Thumb Code     8  stm32g0xx_hal_tim.o(.text.HAL_TIM_PWM_PulseFinishedCallback)
    HAL_TIM_PeriodElapsedCallback            0x08003a99   Thumb Code    84  tim.o(.text.HAL_TIM_PeriodElapsedCallback)
    HAL_TIM_TriggerCallback                  0x08003b01   Thumb Code     8  stm32g0xx_hal_tim.o(.text.HAL_TIM_TriggerCallback)
    HAL_UARTEx_RxEventCallback               0x08003b09   Thumb Code    12  stm32g0xx_hal_uart.o(.text.HAL_UARTEx_RxEventCallback)
    HAL_UARTEx_RxFifoFullCallback            0x08003b15   Thumb Code     8  stm32g0xx_hal_uart_ex.o(.text.HAL_UARTEx_RxFifoFullCallback)
    HAL_UARTEx_TxFifoEmptyCallback           0x08003b1d   Thumb Code     8  stm32g0xx_hal_uart_ex.o(.text.HAL_UARTEx_TxFifoEmptyCallback)
    HAL_UARTEx_WakeupCallback                0x08003b25   Thumb Code     8  stm32g0xx_hal_uart_ex.o(.text.HAL_UARTEx_WakeupCallback)
    HAL_UART_ErrorCallback                   0x08003b2d   Thumb Code     8  stm32g0xx_hal_uart.o(.text.HAL_UART_ErrorCallback)
    HAL_UART_IRQHandler                      0x08003b35   Thumb Code  1388  stm32g0xx_hal_uart.o(.text.HAL_UART_IRQHandler)
    HAL_UART_Init                            0x080040a9   Thumb Code   180  stm32g0xx_hal_uart.o(.text.HAL_UART_Init)
    HAL_UART_MspInit                         0x0800415d   Thumb Code   124  usart.o(.text.HAL_UART_MspInit)
    HAL_UART_Receive_IT                      0x080041e5   Thumb Code   232  stm32g0xx_hal_uart.o(.text.HAL_UART_Receive_IT)
    HAL_UART_RxCpltCallback                  0x080042cd   Thumb Code   160  usart.o(.text.HAL_UART_RxCpltCallback)
    HAL_UART_TxCpltCallback                  0x08004381   Thumb Code     8  stm32g0xx_hal_uart.o(.text.HAL_UART_TxCpltCallback)
    HardFault_Handler                        0x08004389   Thumb Code     4  stm32g0xx_it.o(.text.HardFault_Handler)
    I2C2_Init                                0x0800438d   Thumb Code   124  iic.o(.text.I2C2_Init)
    I2C2_Read                                0x08004411   Thumb Code    88  iic.o(.text.I2C2_Read)
    I2C2_Write                               0x08004469   Thumb Code    88  iic.o(.text.I2C2_Write)
    NMI_Handler                              0x08004999   Thumb Code     4  stm32g0xx_it.o(.text.NMI_Handler)
    PendSV_Handler                           0x0800499d   Thumb Code     2  stm32g0xx_it.o(.text.PendSV_Handler)
    SVC_Handler                              0x0800499f   Thumb Code     2  stm32g0xx_it.o(.text.SVC_Handler)
    Seg_Clear                                0x080049a1   Thumb Code   100  seg.o(.text.Seg_Clear)
    Seg_Init                                 0x08004af5   Thumb Code   158  seg.o(.text.Seg_Init)
    Seg_Show_1_Num                           0x08004b9d   Thumb Code   140  seg.o(.text.Seg_Show_1_Num)
    Seg_Show_Num                             0x08004c39   Thumb Code   246  seg.o(.text.Seg_Show_Num)
    SysTick_Handler                          0x08004d81   Thumb Code     8  stm32g0xx_it.o(.text.SysTick_Handler)
    SystemInit                               0x08004d89   Thumb Code     2  system_stm32g0xx.o(.text.SystemInit)
    TIM14_IRQHandler                         0x08004d8d   Thumb Code    12  tim.o(.text.TIM14_IRQHandler)
    TIM14_Init                               0x08004d99   Thumb Code    68  tim.o(.text.TIM14_Init)
    TIM_Base_SetConfig                       0x08004de1   Thumb Code   212  stm32g0xx_hal_tim.o(.text.TIM_Base_SetConfig)
    UART_AdvFeatureConfig                    0x08004ec9   Thumb Code   346  stm32g0xx_hal_uart.o(.text.UART_AdvFeatureConfig)
    UART_CheckIdleState                      0x08005025   Thumb Code   164  stm32g0xx_hal_uart.o(.text.UART_CheckIdleState)
    UART_SetConfig                           0x08005a1d   Thumb Code   692  stm32g0xx_hal_uart.o(.text.UART_SetConfig)
    UART_Start_Receive_IT                    0x08005ced   Thumb Code   536  stm32g0xx_hal_uart.o(.text.UART_Start_Receive_IT)
    UART_WaitOnFlagUntilTimeout              0x08005f19   Thumb Code   402  stm32g0xx_hal_uart.o(.text.UART_WaitOnFlagUntilTimeout)
    USART1_IRQHandler                        0x080060ad   Thumb Code    64  usart.o(.text.USART1_IRQHandler)
    _sys_exit                                0x080061a5   Thumb Code     8  usart.o(.text._sys_exit)
    delay_Init                               0x080061ad   Thumb Code    32  delay.o(.text.delay_Init)
    delay_ms                                 0x080061cd   Thumb Code    76  delay.o(.text.delay_ms)
    delay_us                                 0x08006229   Thumb Code   136  delay.o(.text.delay_us)
    fputc                                    0x080062bd   Thumb Code    36  usart.o(.text.fputc)
    main                                     0x080062e9   Thumb Code   216  main.o(.text.main)
    sys_stm32_clock_init                     0x080063fd   Thumb Code   108  sys.o(.text.sys_stm32_clock_init)
    uart_init                                0x08006469   Thumb Code    84  usart.o(.text.uart_init)
    __ARM_common_ll_muluu                    0x080064d5   Thumb Code    48  btod.o(i.__ARM_common_ll_muluu)
    __ARM_fpclassify                         0x08006505   Thumb Code    40  fpclassify.o(i.__ARM_fpclassify)
    _is_digit                                0x08006531   Thumb Code    14  __printf_wp.o(i._is_digit)
    _get_lc_numeric                          0x08006541   Thumb Code    44  lc_numeric_c.o(locale$$code)
    _get_lc_ctype                            0x0800656d   Thumb Code    44  lc_ctype_c.o(locale$$code)
    _printf_fp_dec                           0x08006599   Thumb Code    16  printf1.o(x$fpl$printf1)
    _printf_fp_hex                           0x080065a9   Thumb Code    16  printf2.o(x$fpl$printf2)
    __I$use$fp                               0x080065b8   Number         0  usenofp.o(x$fpl$usenofp)
    AHBPrescTable                            0x080066b4   Data          64  system_stm32g0xx.o(.rodata.AHBPrescTable)
    APBPrescTable                            0x080066f4   Data          32  system_stm32g0xx.o(.rodata.APBPrescTable)
    Seg_Num_Table                            0x08006714   Data          10  seg.o(.rodata.Seg_Num_Table)
    UARTPrescTable                           0x0800671e   Data          24  stm32g0xx_hal_uart.o(.rodata.UARTPrescTable)
    Region$$Table$$Base                      0x080068ac   Number         0  anon$$obj.o(Region$$Table)
    Region$$Table$$Limit                     0x080068cc   Number         0  anon$$obj.o(Region$$Table)
    __ctype                                  0x080068f5   Data           0  lc_ctype_c.o(locale$$data)
    __ARM_use_no_argv                        0x20000000   Data           4  main.o(.ARM.use_no_argv)
    SystemCoreClock                          0x20000004   Data           4  system_stm32g0xx.o(.data.SystemCoreClock)
    uwTickFreq                               0x20000008   Data           1  stm32g0xx_hal.o(.data.uwTickFreq)
    uwTickPrio                               0x2000000c   Data           4  stm32g0xx_hal.o(.data.uwTickPrio)
    __libspace_start                         0x20000010   Data          96  libspace.o(.bss)
    EE_Read_Buffer                           0x20000070   Data         256  at24cxx.o(.bss.EE_Read_Buffer)
    __temporary_stack_top$libspace           0x20000070   Data           0  libspace.o(.bss)
    EE_Write_Buffer                          0x20000170   Data         256  at24cxx.o(.bss.EE_Write_Buffer)
    Global_Timer_Tick_Ms                     0x20000270   Data           4  tim.o(.bss.Global_Timer_Tick_Ms)
    USART_RX_BUF                             0x20000274   Data         200  usart.o(.bss.USART_RX_BUF)
    USART_RX_STA                             0x2000033c   Data           2  usart.o(.bss.USART_RX_STA)
    _1RxBuffer                               0x2000033e   Data           1  usart.o(.bss._1RxBuffer)
    __stdout                                 0x20000340   Data          84  usart.o(.bss.__stdout)
    hi2c2                                    0x20000398   Data          76  iic.o(.bss.hi2c2)
    htim14                                   0x200003e4   Data          76  tim.o(.bss.htim14)
    huart1                                   0x20000430   Data         144  usart.o(.bss.huart1)
    main_Task_Flag                           0x200004c0   Data           1  main.o(.bss.main_Task_Flag)
    uwTick                                   0x200004c4   Data           4  stm32g0xx_hal.o(.bss.uwTick)



==============================================================================

Memory Map of the image

  Image Entry point : 0x080000c1

  Load Region LR_IROM1 (Base: 0x08000000, Size: 0x00006a08, Max: 0x00008000, ABSOLUTE)

    Execution Region ER_IROM1 (Exec base: 0x08000000, Load base: 0x08000000, Size: 0x000069f8, Max: 0x00008000, ABSOLUTE)

    Exec Addr    Load Addr    Size         Type   Attr      Idx    E Section Name        Object

    0x08000000   0x08000000   0x000000c0   Data   RO            3    RESET               startup_stm32g030xx.o
    0x080000c0   0x080000c0   0x00000008   Code   RO         1428  * !!!main             c_p.l(__main.o)
    0x080000c8   0x080000c8   0x0000003c   Code   RO         1752    !!!scatter          c_p.l(__scatter.o)
    0x08000104   0x08000104   0x0000001a   Code   RO         1754    !!handler_copy      c_p.l(__scatter_copy.o)
    0x0800011e   0x0800011e   0x00000002   PAD
    0x08000120   0x08000120   0x0000001c   Code   RO         1756    !!handler_zi        c_p.l(__scatter_zi.o)
    0x0800013c   0x0800013c   0x00000002   Code   RO         1516    .ARM.Collect$$_printf_percent$$00000000  c_p.l(_printf_percent.o)
    0x0800013e   0x0800013e   0x0000000a   Code   RO         1505    .ARM.Collect$$_printf_percent$$00000001  c_p.l(_printf_n.o)
    0x08000148   0x08000148   0x0000000a   Code   RO         1507    .ARM.Collect$$_printf_percent$$00000002  c_p.l(_printf_p.o)
    0x08000152   0x08000152   0x0000000a   Code   RO         1512    .ARM.Collect$$_printf_percent$$00000003  c_p.l(_printf_f.o)
    0x0800015c   0x0800015c   0x0000000a   Code   RO         1513    .ARM.Collect$$_printf_percent$$00000004  c_p.l(_printf_e.o)
    0x08000166   0x08000166   0x0000000a   Code   RO         1514    .ARM.Collect$$_printf_percent$$00000005  c_p.l(_printf_g.o)
    0x08000170   0x08000170   0x0000000a   Code   RO         1515    .ARM.Collect$$_printf_percent$$00000006  c_p.l(_printf_a.o)
    0x0800017a   0x0800017a   0x0000000a   Code   RO         1520    .ARM.Collect$$_printf_percent$$00000007  c_p.l(_printf_ll.o)
    0x08000184   0x08000184   0x0000000a   Code   RO         1509    .ARM.Collect$$_printf_percent$$00000008  c_p.l(_printf_i.o)
    0x0800018e   0x0800018e   0x0000000a   Code   RO         1510    .ARM.Collect$$_printf_percent$$00000009  c_p.l(_printf_d.o)
    0x08000198   0x08000198   0x0000000a   Code   RO         1511    .ARM.Collect$$_printf_percent$$0000000A  c_p.l(_printf_u.o)
    0x080001a2   0x080001a2   0x0000000a   Code   RO         1508    .ARM.Collect$$_printf_percent$$0000000B  c_p.l(_printf_o.o)
    0x080001ac   0x080001ac   0x0000000a   Code   RO         1506    .ARM.Collect$$_printf_percent$$0000000C  c_p.l(_printf_x.o)
    0x080001b6   0x080001b6   0x0000000a   Code   RO         1517    .ARM.Collect$$_printf_percent$$0000000D  c_p.l(_printf_lli.o)
    0x080001c0   0x080001c0   0x0000000a   Code   RO         1518    .ARM.Collect$$_printf_percent$$0000000E  c_p.l(_printf_lld.o)
    0x080001ca   0x080001ca   0x0000000a   Code   RO         1519    .ARM.Collect$$_printf_percent$$0000000F  c_p.l(_printf_llu.o)
    0x080001d4   0x080001d4   0x0000000a   Code   RO         1524    .ARM.Collect$$_printf_percent$$00000010  c_p.l(_printf_llo.o)
    0x080001de   0x080001de   0x0000000a   Code   RO         1525    .ARM.Collect$$_printf_percent$$00000011  c_p.l(_printf_llx.o)
    0x080001e8   0x080001e8   0x0000000a   Code   RO         1521    .ARM.Collect$$_printf_percent$$00000012  c_p.l(_printf_l.o)
    0x080001f2   0x080001f2   0x0000000a   Code   RO         1503    .ARM.Collect$$_printf_percent$$00000013  c_p.l(_printf_c.o)
    0x080001fc   0x080001fc   0x0000000a   Code   RO         1504    .ARM.Collect$$_printf_percent$$00000014  c_p.l(_printf_s.o)
    0x08000206   0x08000206   0x0000000a   Code   RO         1522    .ARM.Collect$$_printf_percent$$00000015  c_p.l(_printf_lc.o)
    0x08000210   0x08000210   0x0000000a   Code   RO         1523    .ARM.Collect$$_printf_percent$$00000016  c_p.l(_printf_ls.o)
    0x0800021a   0x0800021a   0x00000004   Code   RO         1568    .ARM.Collect$$_printf_percent$$00000017  c_p.l(_printf_percent_end.o)
    0x0800021e   0x0800021e   0x00000002   Code   RO         1614    .ARM.Collect$$libinit$$00000000  c_p.l(libinit.o)
    0x08000220   0x08000220   0x00000000   Code   RO         1640    .ARM.Collect$$libinit$$00000002  c_p.l(libinit2.o)
    0x08000220   0x08000220   0x00000000   Code   RO         1642    .ARM.Collect$$libinit$$00000004  c_p.l(libinit2.o)
    0x08000220   0x08000220   0x00000000   Code   RO         1644    .ARM.Collect$$libinit$$00000006  c_p.l(libinit2.o)
    0x08000220   0x08000220   0x00000000   Code   RO         1647    .ARM.Collect$$libinit$$0000000C  c_p.l(libinit2.o)
    0x08000220   0x08000220   0x00000000   Code   RO         1649    .ARM.Collect$$libinit$$0000000E  c_p.l(libinit2.o)
    0x08000220   0x08000220   0x00000000   Code   RO         1651    .ARM.Collect$$libinit$$00000010  c_p.l(libinit2.o)
    0x08000220   0x08000220   0x00000006   Code   RO         1652    .ARM.Collect$$libinit$$00000011  c_p.l(libinit2.o)
    0x08000226   0x08000226   0x00000000   Code   RO         1654    .ARM.Collect$$libinit$$00000013  c_p.l(libinit2.o)
    0x08000226   0x08000226   0x0000000c   Code   RO         1655    .ARM.Collect$$libinit$$00000014  c_p.l(libinit2.o)
    0x08000232   0x08000232   0x00000000   Code   RO         1656    .ARM.Collect$$libinit$$00000015  c_p.l(libinit2.o)
    0x08000232   0x08000232   0x00000000   Code   RO         1658    .ARM.Collect$$libinit$$00000017  c_p.l(libinit2.o)
    0x08000232   0x08000232   0x0000000a   Code   RO         1659    .ARM.Collect$$libinit$$00000018  c_p.l(libinit2.o)
    0x0800023c   0x0800023c   0x00000000   Code   RO         1660    .ARM.Collect$$libinit$$00000019  c_p.l(libinit2.o)
    0x0800023c   0x0800023c   0x00000000   Code   RO         1662    .ARM.Collect$$libinit$$0000001B  c_p.l(libinit2.o)
    0x0800023c   0x0800023c   0x00000000   Code   RO         1664    .ARM.Collect$$libinit$$0000001D  c_p.l(libinit2.o)
    0x0800023c   0x0800023c   0x00000000   Code   RO         1666    .ARM.Collect$$libinit$$0000001F  c_p.l(libinit2.o)
    0x0800023c   0x0800023c   0x00000000   Code   RO         1668    .ARM.Collect$$libinit$$00000021  c_p.l(libinit2.o)
    0x0800023c   0x0800023c   0x00000000   Code   RO         1670    .ARM.Collect$$libinit$$00000023  c_p.l(libinit2.o)
    0x0800023c   0x0800023c   0x00000000   Code   RO         1672    .ARM.Collect$$libinit$$00000025  c_p.l(libinit2.o)
    0x0800023c   0x0800023c   0x00000000   Code   RO         1674    .ARM.Collect$$libinit$$00000027  c_p.l(libinit2.o)
    0x0800023c   0x0800023c   0x00000000   Code   RO         1678    .ARM.Collect$$libinit$$0000002E  c_p.l(libinit2.o)
    0x0800023c   0x0800023c   0x00000000   Code   RO         1680    .ARM.Collect$$libinit$$00000030  c_p.l(libinit2.o)
    0x0800023c   0x0800023c   0x00000000   Code   RO         1682    .ARM.Collect$$libinit$$00000032  c_p.l(libinit2.o)
    0x0800023c   0x0800023c   0x00000000   Code   RO         1684    .ARM.Collect$$libinit$$00000034  c_p.l(libinit2.o)
    0x0800023c   0x0800023c   0x00000002   Code   RO         1685    .ARM.Collect$$libinit$$00000035  c_p.l(libinit2.o)
    0x0800023e   0x0800023e   0x00000002   Code   RO         1711    .ARM.Collect$$libshutdown$$00000000  c_p.l(libshutdown.o)
    0x08000240   0x08000240   0x00000000   Code   RO         1735    .ARM.Collect$$libshutdown$$00000002  c_p.l(libshutdown2.o)
    0x08000240   0x08000240   0x00000000   Code   RO         1737    .ARM.Collect$$libshutdown$$00000004  c_p.l(libshutdown2.o)
    0x08000240   0x08000240   0x00000000   Code   RO         1740    .ARM.Collect$$libshutdown$$00000007  c_p.l(libshutdown2.o)
    0x08000240   0x08000240   0x00000000   Code   RO         1743    .ARM.Collect$$libshutdown$$0000000A  c_p.l(libshutdown2.o)
    0x08000240   0x08000240   0x00000000   Code   RO         1745    .ARM.Collect$$libshutdown$$0000000C  c_p.l(libshutdown2.o)
    0x08000240   0x08000240   0x00000000   Code   RO         1748    .ARM.Collect$$libshutdown$$0000000F  c_p.l(libshutdown2.o)
    0x08000240   0x08000240   0x00000002   Code   RO         1749    .ARM.Collect$$libshutdown$$00000010  c_p.l(libshutdown2.o)
    0x08000242   0x08000242   0x00000000   Code   RO         1432    .ARM.Collect$$rtentry$$00000000  c_p.l(__rtentry.o)
    0x08000242   0x08000242   0x00000000   Code   RO         1535    .ARM.Collect$$rtentry$$00000002  c_p.l(__rtentry2.o)
    0x08000242   0x08000242   0x00000006   Code   RO         1547    .ARM.Collect$$rtentry$$00000004  c_p.l(__rtentry4.o)
    0x08000248   0x08000248   0x00000000   Code   RO         1537    .ARM.Collect$$rtentry$$00000009  c_p.l(__rtentry2.o)
    0x08000248   0x08000248   0x00000004   Code   RO         1538    .ARM.Collect$$rtentry$$0000000A  c_p.l(__rtentry2.o)
    0x0800024c   0x0800024c   0x00000000   Code   RO         1540    .ARM.Collect$$rtentry$$0000000C  c_p.l(__rtentry2.o)
    0x0800024c   0x0800024c   0x00000008   Code   RO         1541    .ARM.Collect$$rtentry$$0000000D  c_p.l(__rtentry2.o)
    0x08000254   0x08000254   0x00000002   Code   RO         1624    .ARM.Collect$$rtexit$$00000000  c_p.l(rtexit.o)
    0x08000256   0x08000256   0x00000000   Code   RO         1687    .ARM.Collect$$rtexit$$00000002  c_p.l(rtexit2.o)
    0x08000256   0x08000256   0x00000004   Code   RO         1688    .ARM.Collect$$rtexit$$00000003  c_p.l(rtexit2.o)
    0x0800025a   0x0800025a   0x00000006   Code   RO         1689    .ARM.Collect$$rtexit$$00000004  c_p.l(rtexit2.o)
    0x08000260   0x08000260   0x00000034   Code   RO            4    .text               startup_stm32g030xx.o
    0x08000294   0x08000294   0x00000002   Code   RO         1414    .text               c_p.l(use_no_semi_2.o)
    0x08000296   0x08000296   0x00000002   PAD
    0x08000298   0x08000298   0x0000001c   Code   RO         1416    .text               c_p.l(printf.o)
    0x080002b4   0x080002b4   0x00000012   Code   RO         1418    .text               c_p.l(aeabi_memset.o)
    0x080002c6   0x080002c6   0x00000040   Code   RO         1420    .text               c_p.l(rt_memclr.o)
    0x08000306   0x08000306   0x00000002   PAD
    0x08000308   0x08000308   0x0000016c   Code   RO         1422    .text               c_p.l(aeabi_sdiv.o)
    0x08000474   0x08000474   0x00000006   Code   RO         1426    .text               c_p.l(heapauxi.o)
    0x0800047a   0x0800047a   0x00000002   Code   RO         1430    .text               c_p.l(use_no_semi.o)
    0x0800047c   0x0800047c   0x0000004e   Code   RO         1439    .text               c_p.l(_printf_pad.o)
    0x080004ca   0x080004ca   0x00000024   Code   RO         1441    .text               c_p.l(_printf_truncate.o)
    0x080004ee   0x080004ee   0x00000052   Code   RO         1443    .text               c_p.l(_printf_str.o)
    0x08000540   0x08000540   0x0000006c   Code   RO         1445    .text               c_p.l(_printf_dec.o)
    0x080005ac   0x080005ac   0x00000026   Code   RO         1447    .text               c_p.l(_printf_charcount.o)
    0x080005d2   0x080005d2   0x00000002   PAD
    0x080005d4   0x080005d4   0x00000028   Code   RO         1449    .text               c_p.l(_printf_char_file.o)
    0x080005fc   0x080005fc   0x000000bc   Code   RO         1451    .text               c_p.l(_printf_wctomb.o)
    0x080006b8   0x080006b8   0x00000070   Code   RO         1454    .text               c_p.l(_printf_longlong_dec.o)
    0x08000728   0x08000728   0x00000070   Code   RO         1460    .text               c_p.l(_printf_oct_int_ll.o)
    0x08000798   0x08000798   0x00000098   Code   RO         1480    .text               c_p.l(_printf_hex_int_ll_ptr.o)
    0x08000830   0x08000830   0x00000188   Code   RO         1500    .text               c_p.l(__printf_flags_ss_wp.o)
    0x080009b8   0x080009b8   0x0000007a   Code   RO         1551    .text               c_p.l(lludiv10.o)
    0x08000a32   0x08000a32   0x000000b0   Code   RO         1553    .text               c_p.l(_printf_intcommon.o)
    0x08000ae2   0x08000ae2   0x00000002   PAD
    0x08000ae4   0x08000ae4   0x00000414   Code   RO         1555    .text               c_p.l(_printf_fp_dec.o)
    0x08000ef8   0x08000ef8   0x000002d8   Code   RO         1559    .text               c_p.l(_printf_fp_hex.o)
    0x080011d0   0x080011d0   0x00000030   Code   RO         1562    .text               c_p.l(_printf_char_common.o)
    0x08001200   0x08001200   0x0000002e   Code   RO         1564    .text               c_p.l(_printf_char.o)
    0x0800122e   0x0800122e   0x0000002e   Code   RO         1566    .text               c_p.l(_printf_wchar.o)
    0x0800125c   0x0800125c   0x00000008   Code   RO         1569    .text               c_p.l(ferror.o)
    0x08001264   0x08001264   0x00000042   Code   RO         1573    .text               c_p.l(_c16rtomb.o)
    0x080012a6   0x080012a6   0x00000028   Code   RO         1575    .text               c_p.l(rtudiv10.o)
    0x080012ce   0x080012ce   0x0000003e   Code   RO         1577    .text               c_p.l(sys_stackheap_outer.o)
    0x0800130c   0x0800130c   0x00000010   Code   RO         1580    .text               c_p.l(rt_ctype_table.o)
    0x0800131c   0x0800131c   0x00000008   Code   RO         1585    .text               c_p.l(rt_locale_intlibspace.o)
    0x08001324   0x08001324   0x00000088   Code   RO         1587    .text               c_p.l(_printf_fp_infnan.o)
    0x080013ac   0x080013ac   0x000000d8   Code   RO         1591    .text               c_p.l(bigflt0.o)
    0x08001484   0x08001484   0x00000580   Code   RO         1594    .text               c_p.l(btod.o)
    0x08001a04   0x08001a04   0x00000010   Code   RO         1603    .text               c_p.l(exit.o)
    0x08001a14   0x08001a14   0x00000008   Code   RO         1620    .text               c_p.l(libspace.o)
    0x08001a1c   0x08001a1c   0x00000088   Code   RO         1637    .text               c_p.l(strcmp.o)
    0x08001aa4   0x08001aa4   0x00000026   Code   RO         1401    .text.AT24C02_I2C_Config  at24cxx.o
    0x08001aca   0x08001aca   0x00000026   Code   RO         1399    .text.AT24C02_Init  at24cxx.o
    0x08001af0   0x08001af0   0x00000008   Code   RO         1397    .text.AT24CXX_Init  at24cxx.o
    0x08001af8   0x08001af8   0x000000d4   Code   RO         1393    .text.AT24CXX_Print_Buffer  at24cxx.o
    0x08001bcc   0x08001bcc   0x00000040   Code   RO         1391    .text.AT24CXX_Print_Read_Buffer  at24cxx.o
    0x08001c0c   0x08001c0c   0x00000048   Code   RO         1395    .text.AT24CXX_Print_Write_Buffer  at24cxx.o
    0x08001c54   0x08001c54   0x0000005a   Code   RO         1379    .text.AT24CXX_Read  at24cxx.o
    0x08001cae   0x08001cae   0x00000024   Code   RO         1381    .text.AT24CXX_Read_MultiByte  at24cxx.o
    0x08001cd2   0x08001cd2   0x00000068   Code   RO         1387    .text.AT24CXX_Write  at24cxx.o
    0x08001d3a   0x08001d3a   0x00000114   Code   RO         1389    .text.AT24CXX_Write_MultiByte  at24cxx.o
    0x08001e4e   0x08001e4e   0x00000006   Code   RO         1245    .text.Error_Handler  sys.o
    0x08001e54   0x08001e54   0x000000c0   Code   RO         1203    .text.HAL_DMA_Abort  stm32g0xx_hal_dma.o
    0x08001f14   0x08001f14   0x000000bc   Code   RO         1205    .text.HAL_DMA_Abort_IT  stm32g0xx_hal_dma.o
    0x08001fd0   0x08001fd0   0x000002d0   Code   RO          303    .text.HAL_GPIO_Init  stm32g0xx_hal_gpio.o
    0x080022a0   0x080022a0   0x0000000c   Code   RO           64    .text.HAL_GetTick   stm32g0xx_hal.o
    0x080022ac   0x080022ac   0x00000096   Code   RO         1170    .text.HAL_I2CEx_ConfigAnalogFilter  stm32g0xx_hal_i2c_ex.o
    0x08002342   0x08002342   0x000000a0   Code   RO         1172    .text.HAL_I2CEx_ConfigDigitalFilter  stm32g0xx_hal_i2c_ex.o
    0x080023e2   0x080023e2   0x00000002   PAD
    0x080023e4   0x080023e4   0x0000010c   Code   RO         1005    .text.HAL_I2C_Init  stm32g0xx_hal_i2c.o
    0x080024f0   0x080024f0   0x00000264   Code   RO         1071    .text.HAL_I2C_Mem_Read  stm32g0xx_hal_i2c.o
    0x08002754   0x08002754   0x0000025c   Code   RO         1067    .text.HAL_I2C_Mem_Write  stm32g0xx_hal_i2c.o
    0x080029b0   0x080029b0   0x0000007c   Code   RO         1330    .text.HAL_I2C_MspInit  iic.o
    0x08002a2c   0x08002a2c   0x00000014   Code   RO           62    .text.HAL_IncTick   stm32g0xx_hal.o
    0x08002a40   0x08002a40   0x00000038   Code   RO           52    .text.HAL_Init      stm32g0xx_hal.o
    0x08002a78   0x08002a78   0x0000007c   Code   RO           54    .text.HAL_InitTick  stm32g0xx_hal.o
    0x08002af4   0x08002af4   0x00000002   Code   RO           56    .text.HAL_MspInit   stm32g0xx_hal.o
    0x08002af6   0x08002af6   0x00000016   Code   RO          124    .text.HAL_NVIC_EnableIRQ  stm32g0xx_hal_cortex.o
    0x08002b0c   0x08002b0c   0x0000001c   Code   RO          120    .text.HAL_NVIC_SetPriority  stm32g0xx_hal_cortex.o
    0x08002b28   0x08002b28   0x0000007c   Code   RO          232    .text.HAL_PWREx_ControlVoltageScaling  stm32g0xx_hal_pwr_ex.o
    0x08002ba4   0x08002ba4   0x00000254   Code   RO          249    .text.HAL_RCC_ClockConfig  stm32g0xx_hal_rcc.o
    0x08002df8   0x08002df8   0x0000000c   Code   RO          255    .text.HAL_RCC_GetHCLKFreq  stm32g0xx_hal_rcc.o
    0x08002e04   0x08002e04   0x00000028   Code   RO          257    .text.HAL_RCC_GetPCLK1Freq  stm32g0xx_hal_rcc.o
    0x08002e2c   0x08002e2c   0x00000120   Code   RO          251    .text.HAL_RCC_GetSysClockFreq  stm32g0xx_hal_rcc.o
    0x08002f4c   0x08002f4c   0x000006a4   Code   RO          247    .text.HAL_RCC_OscConfig  stm32g0xx_hal_rcc.o
    0x080035f0   0x080035f0   0x0000002c   Code   RO          156    .text.HAL_SYSTICK_CLKSourceConfig  stm32g0xx_hal_cortex.o
    0x0800361c   0x0800361c   0x00000010   Code   RO          136    .text.HAL_SYSTICK_Config  stm32g0xx_hal_cortex.o
    0x0800362c   0x0800362c   0x00000008   Code   RO          992    .text.HAL_TIMEx_Break2Callback  stm32g0xx_hal_tim_ex.o
    0x08003634   0x08003634   0x00000008   Code   RO          990    .text.HAL_TIMEx_BreakCallback  stm32g0xx_hal_tim_ex.o
    0x0800363c   0x0800363c   0x00000008   Code   RO          986    .text.HAL_TIMEx_CommutCallback  stm32g0xx_hal_tim_ex.o
    0x08003644   0x08003644   0x000000aa   Code   RO          653    .text.HAL_TIM_Base_Init  stm32g0xx_hal_tim.o
    0x080036ee   0x080036ee   0x00000002   PAD
    0x080036f0   0x080036f0   0x0000004c   Code   RO         1307    .text.HAL_TIM_Base_MspInit  tim.o
    0x0800373c   0x0800373c   0x000000a0   Code   RO          667    .text.HAL_TIM_Base_Start_IT  stm32g0xx_hal_tim.o
    0x080037dc   0x080037dc   0x00000008   Code   RO          789    .text.HAL_TIM_IC_CaptureCallback  stm32g0xx_hal_tim.o
    0x080037e4   0x080037e4   0x000002a4   Code   RO          787    .text.HAL_TIM_IRQHandler  stm32g0xx_hal_tim.o
    0x08003a88   0x08003a88   0x00000008   Code   RO          791    .text.HAL_TIM_OC_DelayElapsedCallback  stm32g0xx_hal_tim.o
    0x08003a90   0x08003a90   0x00000008   Code   RO          793    .text.HAL_TIM_PWM_PulseFinishedCallback  stm32g0xx_hal_tim.o
    0x08003a98   0x08003a98   0x00000068   Code   RO         1313    .text.HAL_TIM_PeriodElapsedCallback  tim.o
    0x08003b00   0x08003b00   0x00000008   Code   RO          797    .text.HAL_TIM_TriggerCallback  stm32g0xx_hal_tim.o
    0x08003b08   0x08003b08   0x0000000c   Code   RO          422    .text.HAL_UARTEx_RxEventCallback  stm32g0xx_hal_uart.o
    0x08003b14   0x08003b14   0x00000008   Code   RO          480    .text.HAL_UARTEx_RxFifoFullCallback  stm32g0xx_hal_uart_ex.o
    0x08003b1c   0x08003b1c   0x00000008   Code   RO          482    .text.HAL_UARTEx_TxFifoEmptyCallback  stm32g0xx_hal_uart_ex.o
    0x08003b24   0x08003b24   0x00000008   Code   RO          478    .text.HAL_UARTEx_WakeupCallback  stm32g0xx_hal_uart_ex.o
    0x08003b2c   0x08003b2c   0x00000008   Code   RO          420    .text.HAL_UART_ErrorCallback  stm32g0xx_hal_uart.o
    0x08003b34   0x08003b34   0x00000574   Code   RO          416    .text.HAL_UART_IRQHandler  stm32g0xx_hal_uart.o
    0x080040a8   0x080040a8   0x000000b4   Code   RO          328    .text.HAL_UART_Init  stm32g0xx_hal_uart.o
    0x0800415c   0x0800415c   0x00000088   Code   RO         1290    .text.HAL_UART_MspInit  usart.o
    0x080041e4   0x080041e4   0x000000e8   Code   RO          364    .text.HAL_UART_Receive_IT  stm32g0xx_hal_uart.o
    0x080042cc   0x080042cc   0x000000b4   Code   RO         1288    .text.HAL_UART_RxCpltCallback  usart.o
    0x08004380   0x08004380   0x00000008   Code   RO          426    .text.HAL_UART_TxCpltCallback  stm32g0xx_hal_uart.o
    0x08004388   0x08004388   0x00000004   Code   RO           23    .text.HardFault_Handler  stm32g0xx_it.o
    0x0800438c   0x0800438c   0x00000084   Code   RO         1328    .text.I2C2_Init     iic.o
    0x08004410   0x08004410   0x00000058   Code   RO         1324    .text.I2C2_Read     iic.o
    0x08004468   0x08004468   0x0000005c   Code   RO         1326    .text.I2C2_Write    iic.o
    0x080044c4   0x080044c4   0x00000040   Code   RO         1145    .text.I2C_Flush_TXDR  stm32g0xx_hal_i2c.o
    0x08004504   0x08004504   0x0000010c   Code   RO         1161    .text.I2C_IsAcknowledgeFailed  stm32g0xx_hal_i2c.o
    0x08004610   0x08004610   0x000000b8   Code   RO         1073    .text.I2C_RequestMemoryRead  stm32g0xx_hal_i2c.o
    0x080046c8   0x080046c8   0x000000bc   Code   RO         1069    .text.I2C_RequestMemoryWrite  stm32g0xx_hal_i2c.o
    0x08004784   0x08004784   0x00000050   Code   RO         1017    .text.I2C_TransferConfig  stm32g0xx_hal_i2c.o
    0x080047d4   0x080047d4   0x0000008e   Code   RO         1015    .text.I2C_WaitOnFlagUntilTimeout  stm32g0xx_hal_i2c.o
    0x08004862   0x08004862   0x0000008c   Code   RO         1021    .text.I2C_WaitOnSTOPFlagUntilTimeout  stm32g0xx_hal_i2c.o
    0x080048ee   0x080048ee   0x00000098   Code   RO         1019    .text.I2C_WaitOnTXISFlagUntilTimeout  stm32g0xx_hal_i2c.o
    0x08004986   0x08004986   0x00000002   PAD
    0x08004988   0x08004988   0x00000010   Code   RO          259    .text.LL_RCC_GetAPB1Prescaler  stm32g0xx_hal_rcc.o
    0x08004998   0x08004998   0x00000004   Code   RO           21    .text.NMI_Handler   stm32g0xx_it.o
    0x0800499c   0x0800499c   0x00000002   Code   RO           27    .text.PendSV_Handler  stm32g0xx_it.o
    0x0800499e   0x0800499e   0x00000002   Code   RO           25    .text.SVC_Handler   stm32g0xx_it.o
    0x080049a0   0x080049a0   0x00000064   Code   RO         1355    .text.Seg_Clear     seg.o
    0x08004a04   0x08004a04   0x000000f0   Code   RO         1365    .text.Seg_GPIO_Config  seg.o
    0x08004af4   0x08004af4   0x0000009e   Code   RO         1363    .text.Seg_Init      seg.o
    0x08004b92   0x08004b92   0x00000008   Code   RO         1367    .text.Seg_Map_Init  seg.o
    0x08004b9a   0x08004b9a   0x00000002   PAD
    0x08004b9c   0x08004b9c   0x0000009c   Code   RO         1357    .text.Seg_Show_1_Num  seg.o
    0x08004c38   0x08004c38   0x000000f6   Code   RO         1359    .text.Seg_Show_Num  seg.o
    0x08004d2e   0x08004d2e   0x00000002   PAD
    0x08004d30   0x08004d30   0x00000050   Code   RO          138    .text.SysTick_Config  stm32g0xx_hal_cortex.o
    0x08004d80   0x08004d80   0x00000008   Code   RO           29    .text.SysTick_Handler  stm32g0xx_it.o
    0x08004d88   0x08004d88   0x00000002   Code   RO           38    .text.SystemInit    system_stm32g0xx.o
    0x08004d8a   0x08004d8a   0x00000002   PAD
    0x08004d8c   0x08004d8c   0x0000000c   Code   RO         1311    .text.TIM14_IRQHandler  tim.o
    0x08004d98   0x08004d98   0x00000048   Code   RO         1305    .text.TIM14_Init    tim.o
    0x08004de0   0x08004de0   0x000000e8   Code   RO          657    .text.TIM_Base_SetConfig  stm32g0xx_hal_tim.o
    0x08004ec8   0x08004ec8   0x0000015a   Code   RO          334    .text.UART_AdvFeatureConfig  stm32g0xx_hal_uart.o
    0x08005022   0x08005022   0x00000002   PAD
    0x08005024   0x08005024   0x000000a8   Code   RO          336    .text.UART_CheckIdleState  stm32g0xx_hal_uart.o
    0x080050cc   0x080050cc   0x00000024   Code   RO          418    .text.UART_DMAAbortOnError  stm32g0xx_hal_uart.o
    0x080050f0   0x080050f0   0x000000b8   Code   RO          388    .text.UART_EndRxTransfer  stm32g0xx_hal_uart.o
    0x080051a8   0x080051a8   0x0000004c   Code   RO          424    .text.UART_EndTransmit_IT  stm32g0xx_hal_uart.o
    0x080051f4   0x080051f4   0x00000140   Code   RO          460    .text.UART_RxISR_16BIT  stm32g0xx_hal_uart.o
    0x08005334   0x08005334   0x000002d8   Code   RO          456    .text.UART_RxISR_16BIT_FIFOEN  stm32g0xx_hal_uart.o
    0x0800560c   0x0800560c   0x0000013c   Code   RO          462    .text.UART_RxISR_8BIT  stm32g0xx_hal_uart.o
    0x08005748   0x08005748   0x000002d4   Code   RO          458    .text.UART_RxISR_8BIT_FIFOEN  stm32g0xx_hal_uart.o
    0x08005a1c   0x08005a1c   0x000002d0   Code   RO          332    .text.UART_SetConfig  stm32g0xx_hal_uart.o
    0x08005cec   0x08005cec   0x0000022c   Code   RO          366    .text.UART_Start_Receive_IT  stm32g0xx_hal_uart.o
    0x08005f18   0x08005f18   0x00000192   Code   RO          350    .text.UART_WaitOnFlagUntilTimeout  stm32g0xx_hal_uart.o
    0x080060aa   0x080060aa   0x00000002   PAD
    0x080060ac   0x080060ac   0x00000048   Code   RO         1286    .text.USART1_IRQHandler  usart.o
    0x080060f4   0x080060f4   0x0000002c   Code   RO          126    .text.__NVIC_EnableIRQ  stm32g0xx_hal_cortex.o
    0x08006120   0x08006120   0x00000084   Code   RO          122    .text.__NVIC_SetPriority  stm32g0xx_hal_cortex.o
    0x080061a4   0x080061a4   0x00000008   Code   RO         1276    .text._sys_exit     usart.o
    0x080061ac   0x080061ac   0x00000020   Code   RO         1264    .text.delay_Init    delay.o
    0x080061cc   0x080061cc   0x0000005c   Code   RO         1262    .text.delay_ms      delay.o
    0x08006228   0x08006228   0x00000094   Code   RO         1260    .text.delay_us      delay.o
    0x080062bc   0x080062bc   0x0000002c   Code   RO         1280    .text.fputc         usart.o
    0x080062e8   0x080062e8   0x000000ec   Code   RO           11    .text.main          main.o
    0x080063d4   0x080063d4   0x00000028   Code   RO         1361    .text.my_pow        seg.o
    0x080063fc   0x080063fc   0x0000006c   Code   RO         1243    .text.sys_stm32_clock_init  sys.o
    0x08006468   0x08006468   0x0000006c   Code   RO         1284    .text.uart_init     usart.o
    0x080064d4   0x080064d4   0x00000030   Code   RO         1596    i.__ARM_common_ll_muluu  c_p.l(btod.o)
    0x08006504   0x08006504   0x0000002c   Code   RO         1618    i.__ARM_fpclassify  m_ps.l(fpclassify.o)
    0x08006530   0x08006530   0x0000000e   Code   RO         1493    i._is_digit         c_p.l(__printf_wp.o)
    0x0800653e   0x0800653e   0x00000002   PAD
    0x08006540   0x08006540   0x0000002c   Code   RO         1601    locale$$code        c_p.l(lc_numeric_c.o)
    0x0800656c   0x0800656c   0x0000002c   Code   RO         1631    locale$$code        c_p.l(lc_ctype_c.o)
    0x08006598   0x08006598   0x00000010   Code   RO         1526    x$fpl$printf1       fz_ps.l(printf1.o)
    0x080065a8   0x080065a8   0x00000010   Code   RO         1528    x$fpl$printf2       fz_ps.l(printf2.o)
    0x080065b8   0x080065b8   0x00000000   Code   RO         1617    x$fpl$usenofp       fz_ps.l(usenofp.o)
    0x080065b8   0x080065b8   0x00000008   Data   RO         1452    .constdata          c_p.l(_printf_wctomb.o)
    0x080065c0   0x080065c0   0x00000028   Data   RO         1481    .constdata          c_p.l(_printf_hex_int_ll_ptr.o)
    0x080065e8   0x080065e8   0x00000011   Data   RO         1501    .constdata          c_p.l(__printf_flags_ss_wp.o)
    0x080065f9   0x080065f9   0x00000026   Data   RO         1560    .constdata          c_p.l(_printf_fp_hex.o)
    0x0800661f   0x0800661f   0x00000001   PAD
    0x08006620   0x08006620   0x00000094   Data   RO         1592    .constdata          c_p.l(bigflt0.o)
    0x080066b4   0x080066b4   0x00000040   Data   RO           43    .rodata.AHBPrescTable  system_stm32g0xx.o
    0x080066f4   0x080066f4   0x00000020   Data   RO           44    .rodata.APBPrescTable  system_stm32g0xx.o
    0x08006714   0x08006714   0x0000000a   Data   RO         1369    .rodata.Seg_Num_Table  seg.o
    0x0800671e   0x0800671e   0x00000018   Data   RO          468    .rodata.UARTPrescTable  stm32g0xx_hal_uart.o
    0x08006736   0x08006736   0x00000065   Data   RO         1294    .rodata.str1.1      usart.o
    0x0800679b   0x0800679b   0x0000010e   Data   RO         1405    .rodata.str1.1      at24cxx.o
    0x080068a9   0x080068a9   0x00000003   PAD
    0x080068ac   0x080068ac   0x00000020   Data   RO         1751    Region$$Table       anon$$obj.o
    0x080068cc   0x080068cc   0x0000001c   Data   RO         1600    locale$$data        c_p.l(lc_numeric_c.o)
    0x080068e8   0x080068e8   0x00000110   Data   RO         1630    locale$$data        c_p.l(lc_ctype_c.o)


    Execution Region RW_IRAM1 (Exec base: 0x20000000, Load base: 0x080069f8, Size: 0x000008c8, Max: 0x00002000, ABSOLUTE)

    Exec Addr    Load Addr    Size         Type   Attr      Idx    E Section Name        Object

    0x20000000   0x080069f8   0x00000004   Data   RW           14    .ARM.use_no_argv    main.o
    0x20000004   0x080069fc   0x00000004   Data   RW           42    .data.SystemCoreClock  system_stm32g0xx.o
    0x20000008   0x08006a00   0x00000001   Data   RW          111    .data.uwTickFreq    stm32g0xx_hal.o
    0x20000009   0x08006a01   0x00000003   PAD
    0x2000000c   0x08006a04   0x00000004   Data   RW          110    .data.uwTickPrio    stm32g0xx_hal.o
    0x20000010        -       0x00000060   Zero   RW         1621    .bss                c_p.l(libspace.o)
    0x20000070        -       0x00000100   Zero   RW         1404    .bss.EE_Read_Buffer  at24cxx.o
    0x20000170        -       0x00000100   Zero   RW         1403    .bss.EE_Write_Buffer  at24cxx.o
    0x20000270        -       0x00000004   Zero   RW         1315    .bss.Global_Timer_Tick_Ms  tim.o
    0x20000274        -       0x000000c8   Zero   RW         1296    .bss.USART_RX_BUF   usart.o
    0x2000033c        -       0x00000002   Zero   RW         1293    .bss.USART_RX_STA   usart.o
    0x2000033e        -       0x00000001   Zero   RW         1295    .bss._1RxBuffer     usart.o
    0x2000033f   0x08006a08   0x00000001   PAD
    0x20000340        -       0x00000054   Zero   RW         1297    .bss.__stdout       usart.o
    0x20000394        -       0x00000004   Zero   RW         1266    .bss.fac_us         delay.o
    0x20000398        -       0x0000004c   Zero   RW         1332    .bss.hi2c2          iic.o
    0x200003e4        -       0x0000004c   Zero   RW         1316    .bss.htim14         tim.o
    0x20000430        -       0x00000090   Zero   RW         1292    .bss.huart1         usart.o
    0x200004c0        -       0x00000001   Zero   RW           13    .bss.main_Task_Flag  main.o
    0x200004c1   0x08006a08   0x00000003   PAD
    0x200004c4        -       0x00000004   Zero   RW          112    .bss.uwTick         stm32g0xx_hal.o
    0x200004c8        -       0x00000000   Zero   RW            2    HEAP                startup_stm32g030xx.o
    0x200004c8        -       0x00000400   Zero   RW            1    STACK               startup_stm32g030xx.o


==============================================================================

Image component sizes


      Code (inc. data)   RO Data    RW Data    ZI Data      Debug   Object Name

       938         40        270          0        512       3676   at24cxx.o
       272         28          0          0          4       1426   delay.o
       436         24          0          0         76       5693   iic.o
       236         20          0          4          1        830   main.o
       948         24         10          0          0       4137   seg.o
        52         22        192          0       1024        652   startup_stm32g030xx.o
       214         12          0          5          4       6376   stm32g0xx_hal.o
       366         28          0          0          0       6005   stm32g0xx_hal_cortex.o
       380          4          0          0          0       7264   stm32g0xx_hal_dma.o
       720         32          0          0          0       4339   stm32g0xx_hal_gpio.o
      2702         28          0          0          0      34754   stm32g0xx_hal_i2c.o
       310          0          0          0          0       5828   stm32g0xx_hal_i2c_ex.o
       124         12          0          0          0       3917   stm32g0xx_hal_pwr_ex.o
      2652        124          0          0          0       8810   stm32g0xx_hal_rcc.o
      1270         36          0          0          0      37215   stm32g0xx_hal_tim.o
        24          0          0          0          0      17745   stm32g0xx_hal_tim_ex.o
      6412        180         24          0          0      40118   stm32g0xx_hal_uart.o
        24          0          0          0          0       9503   stm32g0xx_hal_uart_ex.o
        20          0          0          0          0        694   stm32g0xx_it.o
       114          0          0          0          0       1874   sys.o
         2          0         96          4          0       1830   system_stm32g0xx.o
       264         32          0          0         80       5982   tim.o
       548         72        101          0        431       7191   usart.o

    ----------------------------------------------------------------------
     19044        718        728         16       2136     215859   Object Totals
         0          0         32          0          0          0   (incl. Generated)
        16          0          3          3          4          0   (incl. Padding)

    ----------------------------------------------------------------------

      Code (inc. data)   RO Data    RW Data    ZI Data      Debug   Library Member Name

         8          0          0          0          0         68   __main.o
       392          6         17          0          0         76   __printf_flags_ss_wp.o
        14          0          0          0          0         60   __printf_wp.o
         0          0          0          0          0          0   __rtentry.o
        12          0          0          0          0          0   __rtentry2.o
         6          0          0          0          0          0   __rtentry4.o
        60          8          0          0          0          0   __scatter.o
        26          0          0          0          0          0   __scatter_copy.o
        28          0          0          0          0          0   __scatter_zi.o
        66          0          0          0          0         76   _c16rtomb.o
        10          0          0          0          0          0   _printf_a.o
        10          0          0          0          0          0   _printf_c.o
        46          0          0          0          0        100   _printf_char.o
        48          6          0          0          0         88   _printf_char_common.o
        40          6          0          0          0         72   _printf_char_file.o
        38          0          0          0          0         60   _printf_charcount.o
        10          0          0          0          0          0   _printf_d.o
       108         18          0          0          0         76   _printf_dec.o
        10          0          0          0          0          0   _printf_e.o
        10          0          0          0          0          0   _printf_f.o
      1044         12          0          0          0        116   _printf_fp_dec.o
       728         10         38          0          0         84   _printf_fp_hex.o
       136         16          0          0          0         76   _printf_fp_infnan.o
        10          0          0          0          0          0   _printf_g.o
       152          4         40          0          0        148   _printf_hex_int_ll_ptr.o
        10          0          0          0          0          0   _printf_i.o
       176          0          0          0          0         84   _printf_intcommon.o
        10          0          0          0          0          0   _printf_l.o
        10          0          0          0          0          0   _printf_lc.o
        10          0          0          0          0          0   _printf_ll.o
        10          0          0          0          0          0   _printf_lld.o
        10          0          0          0          0          0   _printf_lli.o
        10          0          0          0          0          0   _printf_llo.o
        10          0          0          0          0          0   _printf_llu.o
        10          0          0          0          0          0   _printf_llx.o
       112         18          0          0          0         76   _printf_longlong_dec.o
        10          0          0          0          0          0   _printf_ls.o
        10          0          0          0          0          0   _printf_n.o
        10          0          0          0          0          0   _printf_o.o
       112         10          0          0          0        112   _printf_oct_int_ll.o
        10          0          0          0          0          0   _printf_p.o
        78          0          0          0          0        100   _printf_pad.o
         2          0          0          0          0          0   _printf_percent.o
         4          0          0          0          0          0   _printf_percent_end.o
        10          0          0          0          0          0   _printf_s.o
        82          0          0          0          0         72   _printf_str.o
        36          0          0          0          0         76   _printf_truncate.o
        10          0          0          0          0          0   _printf_u.o
        46          0          0          0          0        100   _printf_wchar.o
       188          6          8          0          0         80   _printf_wctomb.o
        10          0          0          0          0          0   _printf_x.o
        18          0          0          0          0         68   aeabi_memset.o
       364          4          0          0          0         92   aeabi_sdiv.o
       216          6        148          0          0         80   bigflt0.o
      1456         30          0          0          0        336   btod.o
        16          0          0          0          0         68   exit.o
         8          0          0          0          0         60   ferror.o
         6          0          0          0          0        136   heapauxi.o
        44         10        272          0          0         76   lc_ctype_c.o
        44         10         28          0          0         76   lc_numeric_c.o
         2          0          0          0          0          0   libinit.o
        30          0          0          0          0          0   libinit2.o
         2          0          0          0          0          0   libshutdown.o
         2          0          0          0          0          0   libshutdown2.o
         8          4          0          0         96         68   libspace.o
       122          0          0          0          0         72   lludiv10.o
        28          6          0          0          0         84   printf.o
        16          4          0          0          0         76   rt_ctype_table.o
         8          4          0          0          0         68   rt_locale_intlibspace.o
        64          0          0          0          0        108   rt_memclr.o
         2          0          0          0          0          0   rtexit.o
        10          0          0          0          0          0   rtexit2.o
        40          0          0          0          0         60   rtudiv10.o
       136          4          0          0          0         72   strcmp.o
        62          0          0          0          0         80   sys_stackheap_outer.o
         2          0          0          0          0         68   use_no_semi.o
         2          0          0          0          0         68   use_no_semi_2.o
        16          4          0          0          0         76   printf1.o
        16          4          0          0          0         76   printf2.o
         0          0          0          0          0          0   usenofp.o
        44          4          0          0          0         60   fpclassify.o

    ----------------------------------------------------------------------
      6804        214        552          0         96       3828   Library Totals
        12          0          1          0          0          0   (incl. Padding)

    ----------------------------------------------------------------------

      Code (inc. data)   RO Data    RW Data    ZI Data      Debug   Library Name

      6716        202        551          0         96       3616   c_p.l
        32          8          0          0          0        152   fz_ps.l
        44          4          0          0          0         60   m_ps.l

    ----------------------------------------------------------------------
      6804        214        552          0         96       3828   Library Totals

    ----------------------------------------------------------------------

==============================================================================


      Code (inc. data)   RO Data    RW Data    ZI Data      Debug   

     25848        932       1280         16       2232     217439   Grand Totals
     25848        932       1280         16       2232     217439   ELF Image Totals
     25848        932       1280         16          0          0   ROM Totals

==============================================================================

    Total RO  Size (Code + RO Data)                27128 (  26.49kB)
    Total RW  Size (RW Data + ZI Data)              2248 (   2.20kB)
    Total ROM Size (Code + RO Data + RW Data)      27144 (  26.51kB)

==============================================================================

